[sudo] password for dryamov: [0;90m[2026-05-26 01:58:18][0m [0;34m[1m[INFO][0m Starting QEMU. SSH will be forwarded from localhost:2222 to guest port 22.
[    0.000000] Booting Linux on physical CPU 0x0000000000 [0x410fd083]
[    0.000000] Linux version 7.0.9-1-aarch64-ARCH (builduser@arch-nspawn-135112) (aarch64-unknown-linux-gnu-gcc (GCC) 16.1.1 20260430, GNU ld (GNU Binutils) 2.46.0) #1 SMP PREEMPT_DYNAMIC Mon May 18 12:59:58 UTC 2026
[    0.000000] random: crng init done
[    0.000000] Machine model: linux,dummy-virt
[    0.000000] efi: UEFI not found.
[    0.000000] OF: reserved mem: Reserved memory: No reserved-memory node in the DT
[    0.000000] cma: Reserved 64 MiB at 0x00000000bbc00000
[    0.000000] psci: probing for conduit method from DT.
[    0.000000] psci: PSCIv1.1 detected in firmware.
[    0.000000] psci: Using standard PSCI v0.2 function IDs
[    0.000000] psci: Trusted OS migration not required
[    0.000000] psci: SMC Calling Convention v1.0
[    0.000000] Zone ranges:
[    0.000000]   DMA      [mem 0x0000000040000000-0x00000000bfffffff]
[    0.000000]   DMA32    empty
[    0.000000]   Normal   empty
[    0.000000] Movable zone start for each node
[    0.000000] Early memory node ranges
[    0.000000]   node   0: [mem 0x0000000040000000-0x00000000bfffffff]
[    0.000000] Initmem setup node 0 [mem 0x0000000040000000-0x00000000bfffffff]
[    0.000000] percpu: Embedded 25 pages/cpu s62872 r8192 d31336 u102400
[    0.000000] Detected PIPT I-cache on CPU0
[    0.000000] CPU features: detected: Spectre-v2
[    0.000000] CPU features: detected: Spectre-v4
[    0.000000] CPU features: detected: Spectre-BHB
[    0.000000] CPU features: detected: ARM erratum 1742098
[    0.000000] CPU features: detected: ARM errata 1165522, 1319367, or 1530923
[    0.000000] alternatives: applying boot alternatives
[    0.000000] Kernel command line: root=/dev/vda2 rw rootwait console=ttyAMA0
[    0.000000] printk: log buffer data + meta data: 262144 + 1114112 = 1376256 bytes
[    0.000000] Dentry cache hash table entries: 262144 (order: 9, 2097152 bytes, linear)
[    0.000000] Inode-cache hash table entries: 131072 (order: 8, 1048576 bytes, linear)
[    0.000000] software IO TLB: SWIOTLB bounce buffer size adjusted to 2MB
[    0.000000] software IO TLB: area num 4.
[    0.000000] software IO TLB: mapped [mem 0x00000000b9600000-0x00000000b9800000] (2MB)
[    0.000000] Built 1 zonelists, mobility grouping on.  Total pages: 524288
[    0.000000] mem auto-init: stack:off, heap alloc:off, heap free:off
[    0.000000] SLUB: HWalign=64, Order=0-3, MinObjects=0, CPUs=4, Nodes=1
[    0.000000] Dynamic Preempt: full
[    0.000000] rcu: Preemptible hierarchical RCU implementation.
[    0.000000] rcu: 	RCU restricting CPUs from NR_CPUS=64 to nr_cpu_ids=4.
[    0.000000] 	Trampoline variant of Tasks RCU enabled.
[    0.000000] 	Tracing variant of Tasks RCU enabled.
[    0.000000] rcu: RCU calculated value of scheduler-enlistment delay is 100 jiffies.
[    0.000000] rcu: Adjusting geometry for rcu_fanout_leaf=16, nr_cpu_ids=4
[    0.000000] RCU Tasks: Setting shift to 2 and lim to 1 rcu_task_cb_adjust=1 rcu_task_cpu_ids=4.
[    0.000000] NR_IRQS: 64, nr_irqs: 64, preallocated irqs: 0
[    0.000000] Root IRQ handler: gic_handle_irq
[    0.000000] GICv2m: range[mem 0x08020000-0x08020fff], SPI[80:143]
[    0.000000] rcu: srcu_init: Setting srcu_struct sizes based on contention.
[    0.000000] arch_timer: cp15 timer running at 62.50MHz (virt).
[    0.000000] clocksource: arch_sys_counter: mask: 0x1ffffffffffffff max_cycles: 0x1cd42e208c, max_idle_ns: 881590405314 ns
[    0.000265] sched_clock: 57 bits at 63MHz, resolution 16ns, wraps every 4398046511096ns
[    0.033976] Console: colour dummy device 80x25
[    0.040150] Calibrating delay loop (skipped), value calculated using timer frequency.. 125.00 BogoMIPS (lpj=62500)
[    0.040454] pid_max: default: 32768 minimum: 301
[    0.052932] Yama: becoming mindful.
[    0.055177] landlock: Up and running.
[    0.064767] Mount-cache hash table entries: 4096 (order: 3, 32768 bytes, linear)
[    0.064999] Mountpoint-cache hash table entries: 4096 (order: 3, 32768 bytes, linear)
[    0.095545] VFS: Finished mounting rootfs on nullfs
[    0.188764] cacheinfo: Unable to detect cache hierarchy for CPU 0
[    0.238031] rcu: Hierarchical SRCU implementation.
[    0.238153] rcu: 	Max phase no-delay instances is 400.
[    0.242630] Timer migration: 1 hierarchy levels; 8 children per group; 1 crossnode level
[    0.268831] EFI services will not be available.
[    0.276986] smp: Bringing up secondary CPUs ...
[    0.307427] Detected PIPT I-cache on CPU1
[    0.312284] CPU1: Booted secondary processor 0x0000000001 [0x410fd083]
[    0.336681] Detected PIPT I-cache on CPU2
[    0.337704] CPU2: Booted secondary processor 0x0000000002 [0x410fd083]
[    0.350545] Detected PIPT I-cache on CPU3
[    0.352121] CPU3: Booted secondary processor 0x0000000003 [0x410fd083]
[    0.358561] smp: Brought up 1 node, 4 CPUs
[    0.358705] SMP: Total of 4 processors activated.
[    0.358868] CPU: All CPU(s) started at EL1
[    0.360323] CPU features: detected: 32-bit EL0 Support
[    0.360399] CPU features: detected: 32-bit EL1 Support
[    0.360767] CPU features: detected: CRC32 instructions
[    0.361998] CPU features: detected: PMUv3
[    0.433265] alternatives: applying system-wide alternatives
[    0.578691] Memory: 1927032K/2097152K available (21952K kernel code, 4794K rwdata, 12576K rodata, 2752K init, 720K bss, 101268K reserved, 65536K cma-reserved)
[    0.710329] devtmpfs: initialized
[    0.819852] clocksource: jiffies: mask: 0xffffffff max_cycles: 0xffffffff, max_idle_ns: 1911260446275000 ns
[    0.824530] posixtimers hash table entries: 2048 (order: 3, 32768 bytes, linear)
[    0.831724] futex hash table entries: 1024 (65536 bytes on 1 NUMA nodes, total 64 KiB, linear).
[    0.843544] 22016 pages in range for non-PLT usage
[    0.843763] 513536 pages in range for PLT usage
[    0.902443] DMI not present or invalid.
[    0.981811] NET: Registered PF_NETLINK/PF_ROUTE protocol family
[    1.054033] DMA: preallocated 256 KiB GFP_KERNEL|GFP_DMA pool for atomic allocations
[    1.056652] audit: initializing netlink subsys (disabled)
[    1.063499] audit: type=2000 audit(0.701:1): state=initialized audit_enabled=0 res=1
[    1.088162] thermal_sys: Registered thermal governor 'fair_share'
[    1.088587] thermal_sys: Registered thermal governor 'bang_bang'
[    1.088652] thermal_sys: Registered thermal governor 'step_wise'
[    1.088674] thermal_sys: Registered thermal governor 'user_space'
[    1.088691] thermal_sys: Registered thermal governor 'power_allocator'
[    1.095913] cpuidle: using governor ladder
[    1.099174] cpuidle: using governor menu
[    1.106626] hw-breakpoint: found 6 breakpoint and 4 watchpoint registers.
[    1.111443] ASID allocator initialised with 65536 entries
[    1.145138] Serial: AMBA PL011 UART driver
[    1.386875] 9000000.pl011: ttyAMA0 at MMIO 0x9000000 (irq = 13, base_baud = 0) is a PL011 rev1
[    1.395591] printk: console [ttyAMA0] enabled
[    1.533827] HugeTLB: registered 1.00 GiB page size, pre-allocated 0 pages
[    1.534447] HugeTLB: 0 KiB vmemmap can be freed for a 1.00 GiB page
[    1.534714] HugeTLB: registered 32.0 MiB page size, pre-allocated 0 pages
[    1.534849] HugeTLB: 0 KiB vmemmap can be freed for a 32.0 MiB page
[    1.534891] HugeTLB: registered 2.00 MiB page size, pre-allocated 0 pages
[    1.534943] HugeTLB: 0 KiB vmemmap can be freed for a 2.00 MiB page
[    1.535017] HugeTLB: registered 64.0 KiB page size, pre-allocated 0 pages
[    1.535515] HugeTLB: 0 KiB vmemmap can be freed for a 64.0 KiB page
[    1.629747] raid6: neonx8   gen()   839 MB/s
[    1.653684] raid6: neonx4   gen()   695 MB/s
[    1.676440] raid6: neonx2   gen()   417 MB/s
[    1.698301] raid6: neonx1   gen()   382 MB/s
[    1.721829] raid6: int64x8  gen()   316 MB/s
[    1.744424] raid6: int64x4  gen()   708 MB/s
[    1.770316] raid6: int64x2  gen()   550 MB/s
[    1.795587] raid6: int64x1  gen()   572 MB/s
[    1.796165] raid6: using algorithm neonx8 gen() 839 MB/s
[    1.818994] raid6: .... xor() 260 MB/s, rmw enabled
[    1.819658] raid6: using neon recovery algorithm
[    1.837851] ACPI: Interpreter disabled.
[    1.878175] iommu: Default domain type: Translated
[    1.878625] iommu: DMA domain TLB invalidation policy: strict mode
[    1.922148] SCSI subsystem initialized
[    1.942516] usbcore: registered new interface driver usbfs
[    1.946463] usbcore: registered new interface driver hub
[    1.949953] usbcore: registered new device driver usb
[    1.966859] pps_core: LinuxPPS API ver. 1 registered
[    1.967402] pps_core: Software ver. 5.3.6 - Copyright 2005-2007 Rodolfo Giometti <giometti@linux.it>
[    1.967857] PTP clock support registered
[    1.980850] EDAC MC: Ver: 3.0.0
[    1.990998] scmi_core: SCMI protocol bus registered
[    2.011168] FPGA manager framework
[    2.015089] Advanced Linux Sound Architecture Driver Initialized.
[    2.063982] NetLabel: Initializing
[    2.064346] NetLabel:  domain hash size = 128
[    2.064461] NetLabel:  protocols = UNLABELED CIPSOv4 CALIPSO
[    2.071947] NetLabel:  unlabeled traffic allowed by default
[    2.081775] vgaarb: loaded
[    2.108290] clocksource: Switched to clocksource arch_sys_counter
[    2.122098] VFS: Disk quotas dquot_6.6.0
[    2.123496] VFS: Dquot-cache hash table entries: 512 (order 0, 4096 bytes)
[    2.167802] pnp: PnP ACPI: disabled
[    2.414282] NET: Registered PF_INET protocol family
[    2.419093] IP idents hash table entries: 32768 (order: 6, 262144 bytes, linear)
[    2.453709] tcp_listen_portaddr_hash hash table entries: 1024 (order: 2, 16384 bytes, linear)
[    2.454646] Table-perturb hash table entries: 65536 (order: 6, 262144 bytes, linear)
[    2.455180] TCP established hash table entries: 16384 (order: 5, 131072 bytes, linear)
[    2.459562] TCP bind hash table entries: 16384 (order: 7, 524288 bytes, linear)
[    2.462216] TCP: Hash tables configured (established 16384 bind 16384)
[    2.470799] MPTCP token hash table entries: 2048 (order: 4, 49152 bytes, linear)
[    2.473572] UDP hash table entries: 1024 (order: 4, 65536 bytes, linear)
[    2.475093] UDP-Lite hash table entries: 1024 (order: 4, 65536 bytes, linear)
[    2.481900] NET: Registered PF_UNIX/PF_LOCAL protocol family
[    2.499116] RPC: Registered named UNIX socket transport module.
[    2.499727] RPC: Registered udp transport module.
[    2.499859] RPC: Registered tcp transport module.
[    2.499953] RPC: Registered tcp-with-tls transport module.
[    2.500048] RPC: Registered tcp NFSv4.1 backchannel transport module.
[    2.500480] PCI: CLS 0 bytes, default 64
[    2.514187] kvm [1]: HYP mode not available
[    2.534806] Trying to unpack rootfs image as initramfs...
[    2.546187] Initialise system trusted keyrings
[    2.562802] workingset: timestamp_bits=46 max_order=19 bucket_order=0
[    2.603761] NFS: Registering the id_resolver key type
[    2.611171] Key type id_resolver registered
[    2.611852] Key type id_legacy registered
[    2.615875] nfs4filelayout_init: NFSv4 File Layout Driver Registering...
[    2.618318] nfs4flexfilelayout_init: NFSv4 Flexfile Layout Driver Registering...
[    2.621627] ntfs3: Read-only LZX/Xpress compression included
[    2.630869] SGI XFS with ACLs, security attributes, quota, no debug enabled
[    2.695330] cryptd: max_cpu_qlen set to 1000
[    2.882823] NET: Registered PF_ALG protocol family
[    2.884784] xor: measuring software checksum speed
[    2.887886]    8regs           :  1187 MB/sec
[    2.890879]    32regs          :  1172 MB/sec
[    2.896780]    arm64_neon      :   569 MB/sec
[    2.897099] xor: using function: 8regs (1187 MB/sec)
[    2.897330] Key type asymmetric registered
[    2.898341] Asymmetric key parser 'x509' registered
[    2.902391] Block layer SCSI generic (bsg) driver version 0.4 loaded (major 240)
[    2.909821] io scheduler mq-deadline registered
[    2.910679] io scheduler kyber registered
[    2.914173] io scheduler bfq registered
[    3.138175] pl061_gpio 9030000.pl061: PL061 GPIO chip registered
[    3.160940] ledtrig-cpu: registered to indicate activity on CPUs
[    3.178065] pci-host-generic 4010000000.pcie: host bridge /pcie@10000000 ranges:
[    3.180667] pci-host-generic 4010000000.pcie:       IO 0x003eff0000..0x003effffff -> 0x0000000000
[    3.184112] pci-host-generic 4010000000.pcie:      MEM 0x0010000000..0x003efeffff -> 0x0010000000
[    3.186124] pci-host-generic 4010000000.pcie:      MEM 0x8000000000..0xffffffffff -> 0x8000000000
[    3.190194] pci-host-generic 4010000000.pcie: Memory resource size exceeds max for 32 bits
[    3.194126] pci-host-generic 4010000000.pcie: ECAM at [mem 0x4010000000-0x401fffffff] for [bus 00-ff]
[    3.203312] pci-host-generic 4010000000.pcie: PCI host bridge to bus 0000:00
[    3.205823] pci_bus 0000:00: root bus resource [bus 00-ff]
[    3.206456] pci_bus 0000:00: root bus resource [io  0x0000-0xffff]
[    3.207146] pci_bus 0000:00: root bus resource [mem 0x10000000-0x3efeffff]
[    3.207194] pci_bus 0000:00: root bus resource [mem 0x8000000000-0xffffffffff]
[    3.215614] pci 0000:00:00.0: [1b36:0008] type 00 class 0x060000 conventional PCI endpoint
[    3.251647] pci 0000:00:01.0: [1af4:1000] type 00 class 0x020000 conventional PCI endpoint
[    3.254307] pci 0000:00:01.0: BAR 0 [io  0x0000-0x001f]
[    3.255040] pci 0000:00:01.0: BAR 1 [mem 0x00000000-0x00000fff]
[    3.257310] pci 0000:00:01.0: BAR 4 [mem 0x00000000-0x00003fff 64bit pref]
[    3.259011] pci 0000:00:01.0: ROM [mem 0x00000000-0x0007ffff pref]
[    3.265195] pci 0000:00:02.0: [1af4:1001] type 00 class 0x010000 conventional PCI endpoint
[    3.267783] pci 0000:00:02.0: BAR 0 [io  0x0000-0x007f]
[    3.267959] pci 0000:00:02.0: BAR 1 [mem 0x00000000-0x00000fff]
[    3.268071] pci 0000:00:02.0: BAR 4 [mem 0x00000000-0x00003fff 64bit pref]
[    3.280353] pci 0000:00:01.0: ROM [mem 0x10000000-0x1007ffff pref]: assigned
[    3.285064] pci 0000:00:01.0: BAR 4 [mem 0x8000000000-0x8000003fff 64bit pref]: assigned
[    3.289766] pci 0000:00:02.0: BAR 4 [mem 0x8000004000-0x8000007fff 64bit pref]: assigned
[    3.290123] pci 0000:00:01.0: BAR 1 [mem 0x10080000-0x10080fff]: assigned
[    3.290783] pci 0000:00:02.0: BAR 1 [mem 0x10081000-0x10081fff]: assigned
[    3.291029] pci 0000:00:02.0: BAR 0 [io  0x1000-0x107f]: assigned
[    3.291279] pci 0000:00:01.0: BAR 0 [io  0x1080-0x109f]: assigned
[    3.293826] pci_bus 0000:00: resource 4 [io  0x0000-0xffff]
[    3.293950] pci_bus 0000:00: resource 5 [mem 0x10000000-0x3efeffff]
[    3.294021] pci_bus 0000:00: resource 6 [mem 0x8000000000-0xffffffffff]
[    3.329156] IPMI message handler: version 39.2
[    3.707102] virtio-pci 0000:00:01.0: enabling device (0000 -> 0003)
[    3.729358] virtio-pci 0000:00:02.0: enabling device (0000 -> 0003)
[    3.781016] Serial: 8250/16550 driver, 4 ports, IRQ sharing enabled
[    3.835122] msm_serial: driver initialized
[    3.917792] virtio_blk virtio1: 4/0/0 default/read/poll queues
[    4.006317] virtio_blk virtio1: [vda] 5111808 512-byte logical blocks (2.62 GB/2.44 GiB)
[    4.120046]  vda: vda1 vda2
[    4.241300] usbcore: registered new interface driver uas
[    4.244028] usbcore: registered new interface driver usb-storage
[    4.245963] usbcore: registered new interface driver ums-alauda
[    4.247403] usbcore: registered new interface driver ums-cypress
[    4.248266] usbcore: registered new interface driver ums-datafab
[    4.249665] usbcore: registered new interface driver ums_eneub6250
[    4.250938] usbcore: registered new interface driver ums-freecom
[    4.252256] usbcore: registered new interface driver ums-isd200
[    4.253130] usbcore: registered new interface driver ums-jumpshot
[    4.253522] usbcore: registered new interface driver ums-karma
[    4.256321] usbcore: registered new interface driver ums-onetouch
[    4.257870] usbcore: registered new interface driver ums-realtek
[    4.259436] usbcore: registered new interface driver ums-sddr09
[    4.261219] usbcore: registered new interface driver ums-sddr55
[    4.262363] usbcore: registered new interface driver ums-usbat
[    4.267304] usbcore: registered new interface driver usbserial_generic
[    4.269355] usbserial: USB Serial support registered for generic
[    4.290926] mousedev: PS/2 mouse device common for all mice
[    4.333264] rtc-pl031 9010000.pl031: registered as rtc0
[    4.340323] rtc-pl031 9010000.pl031: setting system clock to 2026-05-25T22:58:23 UTC (1779749903)
[    4.387428] device-mapper: uevent: version 1.0.3
[    4.396177] device-mapper: ioctl: 4.50.0-ioctl (2025-04-28) initialised: dm-devel@lists.linux.dev
[    4.435359] sdhci: Secure Digital Host Controller Interface driver
[    4.435922] sdhci: Copyright(c) Pierre Ossman
[    4.453177] Synopsys Designware Multimedia Card Interface Driver
[    4.470319] sdhci-pltfm: SDHCI platform and OF driver helper
[    4.527262] hid: raw HID events driver (C) Jiri Kosina
[    4.531747] usbcore: registered new interface driver usbhid
[    4.531930] usbhid: USB HID core driver
[    4.625465] hw perfevents: enabled with armv8_pmuv3 PMU driver, 7 (0,8000003f) counters available
[    4.632165] watchdog: NMI not fully supported
[    4.632366] watchdog: Hard watchdog permanently disabled
[    4.709136] Initializing XFRM netlink socket
[    4.713929] NET: Registered PF_INET6 protocol family
[    4.781678] Segment Routing with IPv6
[    4.782335] In-situ OAM (IOAM) with IPv6
[    4.784793] mip6: Mobile IPv6
[    4.786882] NET: Registered PF_PACKET protocol family
[    4.793003] Key type dns_resolver registered
[    5.047459] registered taskstats version 1
[    5.056815] Loading compiled-in X.509 certificates
[    5.226298] debug_vm_pgtable: [debug_vm_pgtable         ]: Validating architecture page table helpers
[    5.257256] Key type .fscrypt registered
[    5.257739] Key type fscrypt-provisioning registered
[    5.299342] Btrfs loaded, zoned=yes, fsverity=no
[    5.315746] Key type encrypted registered
[    5.353775] clk: Disabling unused clocks
[    5.355713] PM: genpd: Disabling unused power domains
[    5.356831] ALSA device list:
[    5.357272]   No soundcards found.
[    5.716228] Freeing initrd memory: 14744K
[    6.038786] Freeing unused kernel memory: 2752K
[    6.042721] Run /init as init process
P+q6E616D65\[    7.250033] systemd[1]: Successfully made /usr/ read-only.
[18t[6n[32766;32766H[6n[!p]104\[0m[?7h[1G[0J[    7.981953] systemd[1]: systemd 260.1-2-arch running in system mode (+PAM +AUDIT -SELINUX +APPARMOR -IMA +IPE +SMACK +SECCOMP +GCRYPT +GNUTLS +OPENSSL +ACL +BLKID +CURL +ELFUTILS +FIDO2 +IDN2 +KMOD +LIBCRYPTSETUP +LIBCRYPTSETUP_PLUGINS +LIBFDISK +PCRE2 +PWQUALITY +P11KIT +QRENCODE +TPM2 +BZIP2 +LZ4 +XZ +ZLIB +ZSTD +BPF_FRAMEWORK -BTF +XKBCOMMON +UTMP +LIBARCHIVE)
[    7.983623] systemd[1]: Detected virtualization qemu.
[    7.992933] systemd[1]: Detected architecture arm64.
[    7.993276] systemd[1]: Running in initrd.
[0;1;39mBooting initrd of [0m[38;2;23;147;209mArch Linux ARM[0m[0;1;39m.[0m
[    8.040903] systemd[1]: Initializing machine ID from random generator.
[    8.050755] systemd[1]: No hostname configured, using default hostname.
[    8.056215] systemd[1]: Hostname set to <archlinux>.
]3008;start=9ca0dbbfbec043b5ab94a4e5c7781526;user=root;hostname=archlinux;machineid=1584665f90d44ee590dbbb2360b74418;bootid=0c7ebc214cb54236879ce1c11e2efdea;pid=1;pidfdid=1;comm=systemd;type=boot\[   10.181097] systemd[1]: Queued start job for default target Initrd Default Target.
[   15.202774] systemd[1]: Expecting device /dev/vda2...
         Expecting device [0;1;39m/dev/vda2[0m...
[   15.217591] systemd[1]: Reached target Path Units.
[[0;32m  OK  [0m] Reached target [0;1;39mPath Units[0m.
[   15.223558] systemd[1]: Reached target Slice Units.
[[0;32m  OK  [0m] Reached target [0;1;39mSlice Units[0m.
[   15.227251] systemd[1]: Reached target Swaps.
[[0;32m  OK  [0m] Reached target [0;1;39mSwaps[0m.
[   15.230731] systemd[1]: Reached target Timer Units.
[[0;32m  OK  [0m] Reached target [0;1;39mTimer Units[0m.
[   15.251856] systemd[1]: Listening on Journal Socket (/dev/log).
[[0;32m  OK  [0m] Listening on [0;1;39mJournal Socket (/dev/log)[0m.
[   15.259760] systemd[1]: Listening on Journal Sockets.
[[0;32m  OK  [0m] Listening on [0;1;39mJournal Sockets[0m.
[   15.267615] systemd[1]: Listening on udev Control Socket.
[[0;32m  OK  [0m] Listening on [0;1;39mudev Control Socket[0m.
[   15.272649] systemd[1]: Listening on udev Kernel Socket.
[[0;32m  OK  [0m] Listening on [0;1;39mudev Kernel Socket[0m.
[   15.276902] systemd[1]: Reached target Socket Units.
[[0;32m  OK  [0m] Reached target [0;1;39mSocket Units[0m.
[   15.282431] systemd[1]: Create List of Static Device Nodes skipped, unmet condition check ConditionFileNotEmpty=/lib/modules/7.0.9-1-aarch64-ARCH/modules.devname
[   15.287180] systemd[1]: Early Battery Level Check skipped, unmet condition check ConditionDirectoryNotEmpty=/sys/class/power_supply
[   15.288954] systemd[1]: Display Boot-Time Emergency Messages In Full Screen skipped, unmet condition check ConditionVirtualization=no
[   15.833085] systemd[1]: Starting Journal Service...
         Starting [0;1;39mJournal Service[0m...
[   16.115885] systemd[1]: Starting Load Kernel Modules...
         Starting [0;1;39mLoad Kernel Modules[0m...
[   16.123113] systemd[1]: TPM PCR Barrier (initrd) skipped, unmet condition check ConditionSecurity=measured-uki
[   16.415285] systemd[1]: Starting Create Static Device Nodes in /dev...
         Starting [0;1;39mCreate Static Device Nodes in /dev[0m...
[   16.785329] systemd[1]: Starting Coldplug All udev Devices...
         Starting [0;1;39mColdplug All udev Devices[0m...
[   17.543127] systemd-journald[120]: Collecting audit messages is disabled.
[   18.051416] systemd[1]: Finished Load Kernel Modules.
[[0;32m  OK  [0m] Finished [0;1;39mLoad Kernel Modules[0m.
[   18.424763] systemd[1]: Finished Create Static Device Nodes in /dev.
[[0;32m  OK  [0m] Finished [0;1;39mCreate Static Device Nodes in /dev[0m.
[   18.454950] systemd[1]: Reached target Preparation for Local File Systems.
[[0;32m  OK  [0m] Reached target [0;1;39mPreparation for Local File Systems[0m.
[   18.462321] systemd[1]: Reached target Local File Systems.
[[0;32m  OK  [0m] Reached target [0;1;39mLocal File Systems[0m.
[   18.765961] systemd[1]: Starting Rule-based Manager for Device Events and Files...
         Starting [0;1;39mRule-based Manager for Device Events and Files[0m...
[   19.018035] systemd[1]: Started Journal Service.
[[0;32m  OK  [0m] Started [0;1;39mJournal Service[0m.
         Starting [0;1;39mCreate System Files and Directories[0m...
[[0;32m  OK  [0m] Finished [0;1;39mCreate System Files and Directories[0m.
[[0;32m  OK  [0m] Started [0;1;39mRule-based Manager for Device Events and Files[0m.
[[0m[0;31m*     [0m] (1 of 2) A start job is running for /dev/vda2 (13s / 1min 35s)
M[K[[0;1;31m*[0m[0;31m*    [0m] (1 of 2) A start job is running for /dev/vda2 (14s / 1min 35s)
M[K[[0;31m*[0;1;31m*[0m[0;31m*   [0m] (1 of 2) A start job is running for /dev/vda2 (14s / 1min 35s)
M[K[ [0;31m*[0;1;31m*[0m[0;31m*  [0m] (2 of 2) A start job is running for… All udev Devices (15s / no limit)
M[K[  [0;31m*[0;1;31m*[0m[0;31m* [0m] (2 of 2) A start job is running for… All udev Devices (15s / no limit)
M[K[   [0;31m*[0;1;31m*[0m[0;31m*[0m] (2 of 2) A start job is running for… All udev Devices (16s / no limit)
M[K[    [0;31m*[0;1;31m*[0m] (1 of 2) A start job is running for /dev/vda2 (17s / 1min 35s)
M[K[     [0;31m*[0m] (1 of 2) A start job is running for /dev/vda2 (17s / 1min 35s)
M[K[    [0;31m*[0;1;31m*[0m] (1 of 2) A start job is running for /dev/vda2 (18s / 1min 35s)
M[K[   [0;31m*[0;1;31m*[0m[0;31m*[0m] (2 of 2) A start job is running for… All udev Devices (18s / no limit)
M[K[  [0;31m*[0;1;31m*[0m[0;31m* [0m] (2 of 2) A start job is running for… All udev Devices (19s / no limit)
M[K[ [0;31m*[0;1;31m*[0m[0;31m*  [0m] (2 of 2) A start job is running for… All udev Devices (20s / no limit)
M[K[[0;31m*[0;1;31m*[0m[0;31m*   [0m] (1 of 2) A start job is running for /dev/vda2 (20s / 1min 35s)
M[K[[0;1;31m*[0m[0;31m*    [0m] (1 of 2) A start job is running for /dev/vda2 (21s / 1min 35s)
M[K[[0m[0;31m*     [0m] (1 of 2) A start job is running for /dev/vda2 (21s / 1min 35s)
M[K[[0;1;31m*[0m[0;31m*    [0m] (2 of 2) A start job is running for… All udev Devices (22s / no limit)
M[K[[0;31m*[0;1;31m*[0m[0;31m*   [0m] (2 of 2) A start job is running for… All udev Devices (22s / no limit)
M[K[ [0;31m*[0;1;31m*[0m[0;31m*  [0m] (2 of 2) A start job is running for… All udev Devices (23s / no limit)
M[K[  [0;31m*[0;1;31m*[0m[0;31m* [0m] (1 of 2) A start job is running for /dev/vda2 (23s / 1min 35s)
M[K[   [0;31m*[0;1;31m*[0m[0;31m*[0m] (1 of 2) A start job is running for /dev/vda2 (24s / 1min 35s)
M[K[    [0;31m*[0;1;31m*[0m] (1 of 2) A start job is running for /dev/vda2 (24s / 1min 35s)
M[K[     [0;31m*[0m] (2 of 2) A start job is running for… All udev Devices (25s / no limit)
M[K[    [0;31m*[0;1;31m*[0m] (2 of 2) A start job is running for… All udev Devices (25s / no limit)
M[K[   [0;31m*[0;1;31m*[0m[0;31m*[0m] (2 of 2) A start job is running for… All udev Devices (26s / no limit)
M[K[  [0;31m*[0;1;31m*[0m[0;31m* [0m] (1 of 2) A start job is running for /dev/vda2 (26s / 1min 35s)
M[K[[0;32m  OK  [0m] Finished [0;1;39mColdplug All udev Devices[0m.
[K[[0;32m  OK  [0m] Reached target [0;1;39mSystem Initialization[0m.
[[0;32m  OK  [0m] Reached target [0;1;39mBasic System[0m.
[ [0;31m*[0;1;31m*[0m[0;31m*  [0m] A start job is running for /dev/vda2 (29s / 1min 35s)
M[K[[0;31m*[0;1;31m*[0m[0;31m*   [0m] A start job is running for /dev/vda2 (29s / 1min 35s)
M[K[[0;1;31m*[0m[0;31m*    [0m] A start job is running for /dev/vda2 (30s / 1min 35s)
M[K[[0m[0;31m*     [0m] A start job is running for /dev/vda2 (30s / 1min 35s)
M[K[[0;1;31m*[0m[0;31m*    [0m] A start job is running for /dev/vda2 (31s / 1min 35s)
M[K[[0;31m*[0;1;31m*[0m[0;31m*   [0m] A start job is running for /dev/vda2 (31s / 1min 35s)
M[K[[0;32m  OK  [0m] Found device [0;1;39m/dev/vda2[0m.
[K[[0;32m  OK  [0m] Reached target [0;1;39mInitrd Root Device[0m.
         Starting [0;1;39mFile System Check on /dev/vda2[0m...
[[0;32m  OK  [0m] Finished [0;1;39mFile System Check on /dev/vda2[0m.
         Mounting [0;1;39m/sysroot[0m...
[   47.407906] EXT4-fs (vda2): mounted filesystem d68d4246-9296-4ec4-91ac-7c4bc72b50dc r/w with ordered data mode. Quota mode: none.
[[0;32m  OK  [0m] Mounted [0;1;39m/sysroot[0m.
[[0;32m  OK  [0m] Reached target [0;1;39mInitrd Root File System[0m.
         Starting [0;1;39mMountpoints Configured in the Real Root[0m...
[[0;32m  OK  [0m] Finished [0;1;39mMountpoints Configured in the Real Root[0m.
[[0;32m  OK  [0m] Reached target [0;1;39mInitrd File Systems[0m.
[[0;32m  OK  [0m] Reached target [0;1;39mInitrd Default Target[0m.
         Starting [0;1;39mCleaning Up and Shutting Down Daemons[0m...
[[0;32m  OK  [0m] Stopped target [0;1;39mInitrd Default Target[0m.
[[0;32m  OK  [0m] Stopped target [0;1;39mBasic System[0m.
[[0;32m  OK  [0m] Stopped target [0;1;39mInitrd Root Device[0m.
[[0;32m  OK  [0m] Stopped target [0;1;39mPath Units[0m.
[[0;32m  OK  [0m] Stopped target [0;1;39mSlice Units[0m.
[[0;32m  OK  [0m] Stopped target [0;1;39mSocket Units[0m.
[[0;32m  OK  [0m] Stopped target [0;1;39mSystem Initialization[0m.
[[0;32m  OK  [0m] Stopped target [0;1;39mSwaps[0m.
[[0;32m  OK  [0m] Stopped target [0;1;39mTimer Units[0m.
[[0;32m  OK  [0m] Stopped [0;1;39mLoad Kernel Modules[0m.
[[0;32m  OK  [0m] Stopped [0;1;39mCreate System Files and Directories[0m.
[[0;32m  OK  [0m] Stopped target [0;1;39mLocal File Systems[0m.
[[0;32m  OK  [0m] Stopped target [0;1;39mPreparation for Local File Systems[0m.
[[0;32m  OK  [0m] Stopped [0;1;39mColdplug All udev Devices[0m.
         Stopping [0;1;39mRule-based Manager for Device Events and Files[0m...
[[0;32m  OK  [0m] Finished [0;1;39mCleaning Up and Shutting Down Daemons[0m.
         Starting [0;1;39mVirtual Console Setup[0m...
[[0;32m  OK  [0m] Stopped [0;1;39mRule-based Manager for Device Events and Files[0m.
[[0;32m  OK  [0m] Closed [0;1;39mudev Control Socket[0m.
         Starting [0;1;39mCleanup udev Database[0m...
[[0;32m  OK  [0m] Stopped [0;1;39mCreate Static Device Nodes in /dev[0m.
[[0;32m  OK  [0m] Finished [0;1;39mVirtual Console Setup[0m.
[[0;32m  OK  [0m] Finished [0;1;39mCleanup udev Database[0m.
[[0;32m  OK  [0m] Reached target [0;1;39mSwitch Root[0m.
         Starting [0;1;39mSwitch Root[0m...
[   75.707268] systemd-journald[120]: Received SIGTERM from PID 1 (systemd).
P+q6E616D65\[18t[6n[32766;32766H[6n[!p]104\[0m[?7h[1G[0J[   77.755919] systemd[1]: systemd 260.1-2-arch running in system mode (+PAM +AUDIT -SELINUX +APPARMOR -IMA +IPE +SMACK +SECCOMP +GCRYPT +GNUTLS +OPENSSL +ACL +BLKID +CURL +ELFUTILS +FIDO2 +IDN2 +KMOD +LIBCRYPTSETUP +LIBCRYPTSETUP_PLUGINS +LIBFDISK +PCRE2 +PWQUALITY +P11KIT +QRENCODE +TPM2 +BZIP2 +LZ4 +XZ +ZLIB +ZSTD +BPF_FRAMEWORK -BTF +XKBCOMMON +UTMP +LIBARCHIVE)
[   77.757211] systemd[1]: Detected virtualization qemu.
[   77.761754] systemd[1]: Detected architecture arm64.

[0;1;39mWelcome to [0m[38;2;23;147;209mArch Linux ARM[0m[0;1;39m![0m

[   77.969744] systemd[1]: Hostname set to <arch-rpi5>.
]3008;start=2fa0362146cc4a09b9db423f1e06e574;user=root;hostname=arch-rpi5;machineid=c4b1c2144923420789661ffcfa9000d7;bootid=0c7ebc214cb54236879ce1c11e2efdea;pid=1;pidfdid=1;comm=systemd;type=boot\[   81.009047] systemd[1]: bpf-restrict-fs: BPF LSM hook not enabled in the kernel, BPF LSM not supported.
[   84.371284] NET: Registered PF_VSOCK protocol family
[   89.722738] systemd[1]: initrd-switch-root.service: Deactivated successfully.
[   89.735991] systemd[1]: Stopped Switch Root.
[[0;32m  OK  [0m] Stopped [0;1;39mSwitch Root[0m.
[   89.816878] systemd[1]: systemd-journald.service: Scheduled restart job, restart counter is at 1.
[   89.865157] systemd[1]: Created slice Slice /system/dirmngr.
[[0;32m  OK  [0m] Created slice [0;1;39mSlice /system/dirmngr[0m.
[   89.895340] systemd[1]: Created slice Slice /system/getty.
[[0;32m  OK  [0m] Created slice [0;1;39mSlice /system/getty[0m.
[   89.949359] systemd[1]: Created slice Slice /system/gpg-agent.
[[0;32m  OK  [0m] Created slice [0;1;39mSlice /system/gpg-agent[0m.
[   89.997122] systemd[1]: Created slice Slice /system/gpg-agent-browser.
[[0;32m  OK  [0m] Created slice [0;1;39mSlice /system/gpg-agent-browser[0m.
[   90.038303] systemd[1]: Created slice Slice /system/gpg-agent-extra.
[[0;32m  OK  [0m] Created slice [0;1;39mSlice /system/gpg-agent-extra[0m.
[   90.076684] systemd[1]: Created slice Slice /system/gpg-agent-ssh.
[[0;32m  OK  [0m] Created slice [0;1;39mSlice /system/gpg-agent-ssh[0m.
[   90.116826] systemd[1]: Created slice Slice /system/keyboxd.
[[0;32m  OK  [0m] Created slice [0;1;39mSlice /system/keyboxd[0m.
[   90.151915] systemd[1]: Created slice Slice /system/modprobe.
[[0;32m  OK  [0m] Created slice [0;1;39mSlice /system/modprobe[0m.
[   90.183113] systemd[1]: Created slice Slice /system/serial-getty.
[[0;32m  OK  [0m] Created slice [0;1;39mSlice /system/serial-getty[0m.
[   90.215099] systemd[1]: Created slice User and Session Slice.
[[0;32m  OK  [0m] Created slice [0;1;39mUser and Session Slice[0m.
[   90.237986] systemd[1]: Started Dispatch Password Requests to Console Directory Watch.
[[0;32m  OK  [0m] Started [0;1;39mDispatch Password Requests to Console Directory Watch[0m.
[   90.249911] systemd[1]: Started Forward Password Requests to Wall Directory Watch.
[[0;32m  OK  [0m] Started [0;1;39mForward Password Requests to Wall Directory Watch[0m.
[   90.295843] systemd[1]: Set up automount Arbitrary Executable File Formats File System Automount Point.
[[0;32m  OK  [0m] Set up automount [0;1;39mArbitrary Executa…ormats File System Automount Point[0m.
[   90.309294] systemd[1]: Expecting device /dev/disk/by-uuid/CEA7-838D...
         Expecting device [0;1;39m/dev/disk/by-uuid/CEA7-838D[0m...
[   90.318669] systemd[1]: Expecting device /dev/ttyAMA0...
         Expecting device [0;1;39m/dev/ttyAMA0[0m...
[   90.328015] systemd[1]: Reached target Image Downloads.
[[0;32m  OK  [0m] Reached target [0;1;39mImage Downloads[0m.
[   90.338207] systemd[1]: Stopped target Switch Root.
[[0;32m  OK  [0m] Stopped target [0;1;39mSwitch Root[0m.
[   90.346339] systemd[1]: Stopped target Initrd File Systems.
[[0;32m  OK  [0m] Stopped target [0;1;39mInitrd File Systems[0m.
[   90.355000] systemd[1]: Stopped target Initrd Root File System.
[[0;32m  OK  [0m] Stopped target [0;1;39mInitrd Root File System[0m.
[   90.362418] systemd[1]: Reached target Local Integrity Protected Volumes.
[[0;32m  OK  [0m] Reached target [0;1;39mLocal Integrity Protected Volumes[0m.
[   90.370762] systemd[1]: Reached target Path Units.
[[0;32m  OK  [0m] Reached target [0;1;39mPath Units[0m.
[   90.376700] systemd[1]: Reached target Remote File Systems.
[[0;32m  OK  [0m] Reached target [0;1;39mRemote File Systems[0m.
[   90.381644] systemd[1]: Reached target Slice Units.
[[0;32m  OK  [0m] Reached target [0;1;39mSlice Units[0m.
[   90.386923] systemd[1]: Reached target Swaps.
[[0;32m  OK  [0m] Reached target [0;1;39mSwaps[0m.
[   90.393059] systemd[1]: Reached target Local Verity Protected Volumes.
[[0;32m  OK  [0m] Reached target [0;1;39mLocal Verity Protected Volumes[0m.
[   90.409846] systemd[1]: Listening on Device-mapper event daemon FIFOs.
[[0;32m  OK  [0m] Listening on [0;1;39mDevice-mapper event daemon FIFOs[0m.
[   90.491089] systemd[1]: Listening on Query the User Interactively for a Password.
[[0;32m  OK  [0m] Listening on [0;1;39mQuery the User Interactively for a Password[0m.
[   90.566744] systemd[1]: Listening on Process Core Dump Socket.
[[0;32m  OK  [0m] Listening on [0;1;39mProcess Core Dump Socket[0m.
[   90.609051] systemd[1]: Listening on Credential Encryption/Decryption.
[[0;32m  OK  [0m] Listening on [0;1;39mCredential Encryption/Decryption[0m.
[   90.676080] systemd[1]: Listening on Factory Reset Management.
[[0;32m  OK  [0m] Listening on [0;1;39mFactory Reset Management[0m.
[   90.751627] systemd[1]: Listening on Console Output Muting Service Socket.
[[0;32m  OK  [0m] Listening on [0;1;39mConsole Output Muting Service Socket[0m.
[   90.769056] systemd[1]: Listening on Network Management Resolve Hook Socket.
[[0;32m  OK  [0m] Listening on [0;1;39mNetwork Management Resolve Hook Socket[0m.
[   90.789921] systemd[1]: Listening on Network Management Metrics Varlink Socket.
[[0;32m  OK  [0m] Listening on [0;1;39mNetwork Management Metrics Varlink Socket[0m.
[   90.809003] systemd[1]: Listening on Network Management Varlink Socket.
[[0;32m  OK  [0m] Listening on [0;1;39mNetwork Management Varlink Socket[0m.
[   90.830727] systemd[1]: Listening on Network Management Netlink Socket.
[[0;32m  OK  [0m] Listening on [0;1;39mNetwork Management Netlink Socket[0m.
[   90.844791] systemd[1]: TPM PCR Measurements skipped, unmet condition check ConditionSecurity=measured-uki
[   90.849094] systemd[1]: Make TPM PCR Policy skipped, unmet condition check ConditionSecurity=measured-uki
[   90.904347] systemd[1]: Listening on Disk Repartitioning Service Socket.
[[0;32m  OK  [0m] Listening on [0;1;39mDisk Repartitioning Service Socket[0m.
[   90.931314] systemd[1]: Listening on Resolve Monitor Varlink Socket.
[[0;32m  OK  [0m] Listening on [0;1;39mResolve Monitor Varlink Socket[0m.
[   90.952081] systemd[1]: Listening on Resolve Service Varlink Socket.
[[0;32m  OK  [0m] Listening on [0;1;39mResolve Service Varlink Socket[0m.
[   90.972222] systemd[1]: Listening on udev Control Socket.
[[0;32m  OK  [0m] Listening on [0;1;39mudev Control Socket[0m.
[   90.995326] systemd[1]: Listening on udev Varlink Socket.
[[0;32m  OK  [0m] Listening on [0;1;39mudev Varlink Socket[0m.
[   91.010743] systemd[1]: Listening on User Database Manager Socket.
[[0;32m  OK  [0m] Listening on [0;1;39mUser Database Manager Socket[0m.
[   91.235665] systemd[1]: Mounting Huge Pages File System...
         Mounting [0;1;39mHuge Pages File System[0m...
[   91.324294] systemd[1]: Mounting POSIX Message Queue File System...
         Mounting [0;1;39mPOSIX Message Queue File System[0m...
[   91.423876] systemd[1]: Mounting Kernel Debug File System...
         Mounting [0;1;39mKernel Debug File System[0m...
[   91.441941] systemd[1]: Kernel Trace File System skipped, unmet condition check ConditionPathExists=/sys/kernel/tracing
[   91.469186] systemd[1]: tmp.mount: x-systemd.graceful-option=usrquota specified, but option is not available, suppressing.
[   91.626166] systemd[1]: Mounting Temporary Directory /tmp...
         Mounting [0;1;39mTemporary Directory /tmp[0m...
[   92.145304] systemd[1]: Starting Create List of Static Device Nodes...
         Starting [0;1;39mCreate List of Static Device Nodes[0m...
[   92.178202] systemd[1]: Load Kernel Module configfs skipped, unmet condition check ConditionKernelModuleLoaded=!configfs
[   92.286935] systemd[1]: Mounting Kernel Configuration File System...
         Mounting [0;1;39mKernel Configuration File System[0m...
[   92.305249] systemd[1]: Load Kernel Module drm skipped, unmet condition check ConditionKernelModuleLoaded=!drm
[   92.744517] systemd[1]: Starting Load Kernel Module fuse...
         Starting [0;1;39mLoad Kernel Module fuse[0m...
[   92.804343] systemd[1]: Clear Stale Hibernate Storage Info skipped, unmet condition check ConditionPathExists=/sys/firmware/efi/efivars/HibernateLocation-8cf2644b-4b0b-428f-9387-6d876050dc67
[   92.808773] hrtimer: interrupt took 2809312 ns
[   93.385219] systemd[1]: Starting Journal Service...
         Starting [0;1;39mJournal Service[0m...
[   93.471279] systemd[1]: Load Kernel Modules skipped, no trigger condition checks were met.
[   93.483167] systemd[1]: TPM PCR Machine ID Measurement skipped, unmet condition check ConditionSecurity=measured-uki
[   93.715364] systemd[1]: Starting Remount Root and Kernel File Systems...
         Starting [0;1;39mRemount Root and Kernel File Systems[0m...
[   94.095064] systemd[1]: Starting Apply Kernel Variables...
         Starting [0;1;39mApply Kernel Variables[0m...
[   94.143909] systemd[1]: Early TPM SRK Setup skipped, unmet condition check ConditionSecurity=measured-uki
[   94.577038] systemd[1]: Starting Load udev Rules from Credentials...
         Starting [0;1;39mLoad udev Rules from Credentials[0m...
[   95.091162] systemd[1]: Starting Coldplug All udev Devices...
         Starting [0;1;39mColdplug All udev Devices[0m...
[   95.125345] systemd[1]: systemd-vconsole-setup.service: Deactivated successfully.
[   95.149792] systemd[1]: Stopped Virtual Console Setup.
[[0;32m  OK  [0m] Stopped [0;1;39mVirtual Console Setup[0m.
[   95.175034] systemd[1]: systemd-vconsole-setup.service: Consumed 1.020s CPU time over 40.651s wall clock time, 2M memory peak.
[   95.320501] fuse: init (API version 7.45)
[   95.834053] systemd[1]: Mounted Huge Pages File System.
[[0;32m  OK  [0m] Mounted [0;1;39mHuge Pages File System[0m.
[   95.856291] systemd[1]: Mounted POSIX Message Queue File System.
[[0;32m  OK  [0m] Mounted [0;1;39mPOSIX Message Queue File System[0m.
[   95.874186] systemd[1]: Mounted Kernel Debug File System.
[[0;32m  OK  [0m] Mounted [0;1;39mKernel Debug File System[0m.
[   95.893129] systemd[1]: Mounted Temporary Directory /tmp.
[[0;32m  OK  [0m] Mounted [0;1;39mTemporary Directory /tmp[0m.
[   96.031154] systemd[1]: Finished Create List of Static Device Nodes.
[[0;32m  OK  [0m] Finished [0;1;39mCreate List of Static Device Nodes[0m.
[   96.141233] systemd[1]: modprobe@fuse.service: Deactivated successfully.
[   96.197203] systemd[1]: Finished Load Kernel Module fuse.
[[0;32m  OK  [0m] Finished [0;1;39mLoad Kernel Module fuse[0m.
[   96.217255] systemd[1]: modprobe@fuse.service: Consumed 1.067s CPU time over 3.421s wall clock time, 2.5M memory peak.
[   96.338106] systemd[1]: Mounted Kernel Configuration File System.
[[0;32m  OK  [0m] Mounted [0;1;39mKernel Configuration File System[0m.
[   96.400001] systemd[1]: Finished Apply Kernel Variables.
[[0;32m  OK  [0m] Finished [0;1;39mApply Kernel Variables[0m.
[   96.623882] systemd[1]: Mounting FUSE Control File System...
         Mounting [0;1;39mFUSE Control File System[0m...
[   96.971279] systemd[1]: Starting Create Static Device Nodes in /dev gracefully...
         Starting [0;1;39mCreate Static Device Nodes in /dev gracefully[0m...
[   97.573736] EXT4-fs (vda2): re-mounted d68d4246-9296-4ec4-91ac-7c4bc72b50dc.
[   97.797883] systemd[1]: Finished Remount Root and Kernel File Systems.
[[0;32m  OK  [0m] Finished [0;1;39mRemount Root and Kernel File Systems[0m.
[   97.944447] systemd[1]: Finished Load udev Rules from Credentials.
[[0;32m  OK  [0m] Finished [0;1;39mLoad udev Rules from Credentials[0m.
[   98.060201] systemd-journald[334]: Collecting audit messages is disabled.
[   98.189062] systemd[1]: Rebuild Hardware Database skipped, no trigger condition checks were met.
[   98.449100] systemd[1]: Starting Load/Save OS Random Seed...
         Starting [0;1;39mLoad/Save OS Random Seed[0m...
[   98.494159] systemd[1]: TPM SRK Setup skipped, unmet condition check ConditionSecurity=measured-uki
[   98.513263] systemd[1]: TPM PCR NvPCR Initialization Separator skipped, unmet condition check ConditionSecurity=measured-uki
[   98.528168] systemd[1]: Reached target Local Encrypted Volumes.
[[0;32m  OK  [0m] Reached target [0;1;39mLocal Encrypted Volumes[0m.
[   98.570810] systemd[1]: TPM NvPCR Product ID Measurement skipped, unmet condition check ConditionSecurity=measured-uki
[   98.855946] systemd[1]: Started Journal Service.
[[0;32m  OK  [0m] Started [0;1;39mJournal Service[0m.
         Starting [0;1;39mFlush Journal to Persistent Storage[0m...
[[0;32m  OK  [0m] Mounted [0;1;39mFUSE Control File System[0m.
         Starting [0;1;39mUser Database Manager[0m...
[[0;32m  OK  [0m] Finished [0;1;39mLoad/Save OS Random Seed[0m.
[  101.048353] systemd-journald[334]: Received client request to flush runtime journal.
         Mounting [0;1;39mArbitrary Executable File Formats File System[0m...
[[0;32m  OK  [0m] Finished [0;1;39mFlush Journal to Persistent Storage[0m.
[[0;32m  OK  [0m] Mounted [0;1;39mArbitrary Executable File Formats File System[0m.
[[0;32m  OK  [0m] Started [0;1;39mUser Database Manager[0m.
[[0m[0;31m*     [0m] (1 of 4) A start job is running for /dev/ttyAMA0 (16s / 1min 31s)
M[K[[0;32m  OK  [0m] Finished [0;1;39mCreate Static Device Nodes in /dev gracefully[0m.
[K         Starting [0;1;39mCreate System Users[0m...
[[0;32m  OK  [0m] Finished [0;1;39mCreate System Users[0m.
         Starting [0;1;39mJournal Log Access Socket[0m...
         Starting [0;1;39mNetwork Name Resolution[0m...
         Starting [0;1;39mCreate Static Device Nodes in /dev[0m...
[[0;32m  OK  [0m] Listening on [0;1;39mJournal Log Access Socket[0m.
[[0;1;31m*[0m[0;31m*    [0m] (1 of 5) A start job is running for /dev/ttyAMA0 (21s / 1min 31s)
M[K[[0;31m*[0;1;31m*[0m[0;31m*   [0m] (1 of 5) A start job is running for /dev/ttyAMA0 (21s / 1min 31s)
M[K[ [0;31m*[0;1;31m*[0m[0;31m*  [0m] (2 of 5) A start job is running for…by-uuid/CEA7-838D (22s / 1min 31s)
M[K[[0;32m  OK  [0m] Finished [0;1;39mCreate Static Device Nodes in /dev[0m.
[K[[0;32m  OK  [0m] Reached target [0;1;39mPreparation for Local File Systems[0m.
[[0;32m  OK  [0m] Reached target [0;1;39mLocal File Systems[0m.
[[0;32m  OK  [0m] Listening on [0;1;39mBoot Loader Control Service Socket[0m.
[[0;32m  OK  [0m] Listening on [0;1;39mDisk Image Download Service Socket[0m.
[[0;32m  OK  [0m] Listening on [0;1;39mSystem Extension Image Management[0m.
         Starting [0;1;39mRepartition Root Disk[0m...
         Starting [0;1;39mCreate System Files and Directories[0m...
         Starting [0;1;39mRule-based Manager for Device Events and Files[0m...
         Starting [0;1;39mLoad JSON user/group Records from Credentials[0m...
[[0;32m  OK  [0m] Started [0;1;39mNetwork Name Resolution[0m.
[[0;32m  OK  [0m] Reached target [0;1;39mHost and Network Name Lookups[0m.
[[0;32m  OK  [0m] Finished [0;1;39mRepartition Root Disk[0m.
         Starting [0;1;39mGrow Root File System[0m...
[[0;32m  OK  [0m] Finished [0;1;39mLoad JSON user/group Records from Credentials[0m.
[  116.645986] EXT4-fs (vda2): resizing filesystem from 441792 to 507392 blocks
[  116.678231] EXT4-fs (vda2): resized filesystem to 507392
[[0;32m  OK  [0m] Finished [0;1;39mGrow Root File System[0m.
[  [0;31m*[0;1;31m*[0m[0;31m* [0m] (2 of 5) A start job is running for…s and Directories (29s / no limit)
M[K[   [0;31m*[0;1;31m*[0m[0;31m*[0m] (2 of 5) A start job is running for…s and Directories (30s / no limit)
M[K[    [0;31m*[0;1;31m*[0m] (3 of 5) A start job is running for… Events and Files (30s / 1min 52s)
M[K[     [0;31m*[0m] (3 of 5) A start job is running for… Events and Files (30s / 1min 52s)
M[K[[0;32m  OK  [0m] Started [0;1;39mRule-based Manager for Device Events and Files[0m.
[K         Starting [0;1;39mNetwork Management[0m...
[    [0;31m*[0;1;31m*[0m] (3 of 5) A start job is running for…by-uuid/CEA7-838D (33s / 1min 31s)
M[K[   [0;31m*[0;1;31m*[0m[0;31m*[0m] (4 of 5) A start job is running for… All udev Devices (33s / no limit)
M[K[  [0;31m*[0;1;31m*[0m[0;31m* [0m] (4 of 5) A start job is running for… All udev Devices (33s / no limit)
M[K[[0;32m  OK  [0m] Finished [0;1;39mCreate System Files and Directories[0m.
[K         Starting [0;1;39mRebuild Dynamic Linker Cache[0m...
         Starting [0;1;39mRebuild Journal Catalog[0m...
[  124.527125] cfg80211: Loading compiled-in X.509 certificates for regulatory database
         Starting [0;1;39mRecord System Boot/Shutdown in UTMP[0m...
[[0;32m  OK  [0m] Finished [0;1;39mColdplug All udev Devices[0m.
[  125.307985] Loaded X.509 cert 'sforshee: 00b28ddf47aef9cea7'
[  125.317363] Loaded X.509 cert 'wens: 61c038651aabdcf94bd0ac7ff06c7248db18c600'
[  125.346064] faux_driver regulatory: Direct firmware load for regulatory.db failed with error -2
[  125.348256] cfg80211: failed to load regulatory.db
[[0;32m  OK  [0m] Finished [0;1;39mRecord System Boot/Shutdown in UTMP[0m.
[[0;32m  OK  [0m] Started [0;1;39mNetwork Management[0m.
[[0;32m  OK  [0m] Reached target [0;1;39mNetwork[0m.
         Starting [0;1;39mEnable Persistent Storage in systemd-networkd[0m...
[[0;32m  OK  [0m] Finished [0;1;39mRebuild Journal Catalog[0m.
[[0;32m  OK  [0m] Finished [0;1;39mEnable Persistent Storage in systemd-networkd[0m.
[[0;32m  OK  [0m] Finished [0;1;39mRebuild Dynamic Linker Cache[0m.
         Starting [0;1;39mUpdate is Completed[0m...
[[0;32m  OK  [0m] Finished [0;1;39mUpdate is Completed[0m.
[[0;32m  OK  [0m] Reached target [0;1;39mSystem Initialization[0m.
[[0;32m  OK  [0m] Started [0;1;39mRefresh existing PGP keys of archlinux-keyring regularly[0m.
[[0;32m  OK  [0m] Started [0;1;39mDaily verification of password and group files[0m.
[[0;32m  OK  [0m] Started [0;1;39mDaily Cleanup of Temporary Directories[0m.
[[0;32m  OK  [0m] Reached target [0;1;39mTimer Units[0m.
[[0;32m  OK  [0m] Listening on [0;1;39mD-Bus System Message Bus Socket[0m.
[[0;32m  OK  [0m] Listening on [0;1;39mGnuPG network certifi…ent daemon for /etc/pacman.d/gnupg[0m.
[[0;32m  OK  [0m] Listening on [0;1;39mGnuPG cryptographic a… browsers) for /etc/pacman.d/gnupg[0m.
[[0;32m  OK  [0m] Listening on [0;1;39mGnuPG cryptographic a…estricted) for /etc/pacman.d/gnupg[0m.
[[0;32m  OK  [0m] Listening on [0;1;39mGnuPG cryptographic a…emulation) for /etc/pacman.d/gnupg[0m.
[[0;32m  OK  [0m] Listening on [0;1;39mGnuPG cryptographic a…rase cache for /etc/pacman.d/gnupg[0m.
[[0;32m  OK  [0m] Listening on [0;1;39mGnuPG public key mana…nt service for /etc/pacman.d/gnupg[0m.
[[0;32m  OK  [0m] Listening on [0;1;39mOpenSSH Server Socket…temd-ssh-generator, AF_UNIX Local)[0m.
[[0;32m  OK  [0m] Listening on [0;1;39mHostname Service Socket[0m.
[[0;32m  OK  [0m] Listening on [0;1;39mUser Login Management Varlink Socket[0m.
[[0;32m  OK  [0m] Listening on [0;1;39mVirtual Machine and C…tainer Registration Service Socket[0m.
[[0;32m  OK  [0m] Reached target [0;1;39mSocket Units[0m.
         Starting [0;1;39mD-Bus System Message Bus[0m...
[[0;32m  OK  [0m] Started [0;1;39mD-Bus System Message Bus[0m.
[[0;32m  OK  [0m] Reached target [0;1;39mBasic System[0m.
         Starting [0;1;39mComplete first boot provisioning[0m...
         Starting [0;1;39mSSH Key Generation[0m...
         Starting [0;1;39mUser Login Management[0m...
         Starting [0;1;39mPermit User Sessions[0m...
[[0;32m  OK  [0m] Finished [0;1;39mPermit User Sessions[0m.
[[0;32m  OK  [0m] Started [0;1;39mGetty on tty1[0m.
[[0;32m  OK  [0m] Started [0;1;39mSerial Getty on ttyAMA0[0m.
[[0;32m  OK  [0m] Reached target [0;1;39mLogin Prompts[0m.
[[0;32m  OK  [0m] Started [0;1;39mUser Login Management[0m.
[[0;32m  OK  [0m] Finished [0;1;39mSSH Key Generation[0m.
         Starting [0;1;39mOpenSSH Daemon[0m...
[!p]104\[0m[?7h[1G[0J[6n[32766;32766H[6n[!p]104\[0m[?7h[1G[0J[6n[32766;32766H[6n]3008;start=cf527d3e2d104c7bb9321c92e22a8035;user=root;hostname=arch-rpi5;machineid=c4b1c2144923420789661ffcfa9000d7;bootid=0c7ebc214cb54236879ce1c11e2efdea;pid=441;pidfdid=4203;comm=(agetty);servicename=serial-getty@ttyAMA0.service;invocationid=6f192af8ca36492b9123d18d90678770;type=service\P+q6E616D65\
Arch Linux ARM 7.0.9-1-aarch64-ARCH (ttyAMA0)

arch-rpi5 login: [  168.692140] physmap-flash 0.flash: physmap platform flash device: [mem 0x00000000-0x03ffffff]
[  169.202103] 0.flash: Found 2 x16 devices at 0x0 in 32-bit bank. Manufacturer ID 0x000000 Chip ID 0x000000
[  169.625130] Intel/Sharp Extended Query Table at 0x0031
[  169.663102] Using buffer write method
[  169.737715] physmap-flash 0.flash: physmap platform flash device: [mem 0x04000000-0x07ffffff]
[  169.843141] 0.flash: Found 2 x16 devices at 0x0 in 32-bit bank. Manufacturer ID 0x000000 Chip ID 0x000000
[  169.844067] Intel/Sharp Extended Query Table at 0x0031
[  169.922955] Using buffer write method
[  169.963761] Concatenating MTD devices:
[  169.964298] (0): "0.flash"
[  169.980142] (1): "0.flash"
[  169.981446] into device "0.flash"
[  171.420442] input: gpio-keys as /devices/platform/gpio-keys/input/input0
[  174.463075] virtio_net virtio0 enp0s1: renamed from eth0
[  187.133946] EXT4-fs (vda2): resizing filesystem from 507392 to 507392 blocks
qemu-system-aarch64: terminating on signal 15 from pid 418663 ()
