[sudo] password for dryamov: [0;90m[2026-05-26 13:39:17][0m [0;34m[1m[INFO][0m Starting QEMU. SSH will be forwarded from localhost:2222 to guest port 22.
[    0.000000] Booting Linux on physical CPU 0x0000000000 [0x410fd083]
[    0.000000] Linux version 7.0.9-1-aarch64-ARCH (builduser@arch-nspawn-135112) (aarch64-unknown-linux-gnu-gcc (GCC) 16.1.1 20260430, GNU ld (GNU Binutils) 2.46.0) #1 SMP PREEMPT_DYNAMIC Mon May 18 12:59:58 UTC 2026
[    0.000000] random: crng init done
[    0.000000] Machine model: linux,dummy-virt
[    0.000000] efi: UEFI not found.
[    0.000000] OF: reserved mem: Reserved memory: No reserved-memory node in the DT
[    0.000000] cma: Reserved 64 MiB at 0x00000000bbc00000
[    0.000000] psci: probing for conduit method from DT.
[    0.000000] psci: PSCIv1.1 detected in firmware.
[    0.000000] psci: Using standard PSCI v0.2 function IDs
[    0.000000] psci: Trusted OS migration not required
[    0.000000] psci: SMC Calling Convention v1.0
[    0.000000] Zone ranges:
[    0.000000]   DMA      [mem 0x0000000040000000-0x00000000bfffffff]
[    0.000000]   DMA32    empty
[    0.000000]   Normal   empty
[    0.000000] Movable zone start for each node
[    0.000000] Early memory node ranges
[    0.000000]   node   0: [mem 0x0000000040000000-0x00000000bfffffff]
[    0.000000] Initmem setup node 0 [mem 0x0000000040000000-0x00000000bfffffff]
[    0.000000] percpu: Embedded 25 pages/cpu s62872 r8192 d31336 u102400
[    0.000000] Detected PIPT I-cache on CPU0
[    0.000000] CPU features: detected: Spectre-v2
[    0.000000] CPU features: detected: Spectre-v4
[    0.000000] CPU features: detected: Spectre-BHB
[    0.000000] CPU features: detected: ARM erratum 1742098
[    0.000000] CPU features: detected: ARM errata 1165522, 1319367, or 1530923
[    0.000000] alternatives: applying boot alternatives
[    0.000000] Kernel command line: root=/dev/vda2 rw rootwait console=ttyAMA0
[    0.000000] printk: log buffer data + meta data: 262144 + 1114112 = 1376256 bytes
[    0.000000] Dentry cache hash table entries: 262144 (order: 9, 2097152 bytes, linear)
[    0.000000] Inode-cache hash table entries: 131072 (order: 8, 1048576 bytes, linear)
[    0.000000] software IO TLB: SWIOTLB bounce buffer size adjusted to 2MB
[    0.000000] software IO TLB: area num 4.
[    0.000000] software IO TLB: mapped [mem 0x00000000b9600000-0x00000000b9800000] (2MB)
[    0.000000] Built 1 zonelists, mobility grouping on.  Total pages: 524288
[    0.000000] mem auto-init: stack:off, heap alloc:off, heap free:off
[    0.000000] SLUB: HWalign=64, Order=0-3, MinObjects=0, CPUs=4, Nodes=1
[    0.000000] Dynamic Preempt: full
[    0.000000] rcu: Preemptible hierarchical RCU implementation.
[    0.000000] rcu: 	RCU restricting CPUs from NR_CPUS=64 to nr_cpu_ids=4.
[    0.000000] 	Trampoline variant of Tasks RCU enabled.
[    0.000000] 	Tracing variant of Tasks RCU enabled.
[    0.000000] rcu: RCU calculated value of scheduler-enlistment delay is 100 jiffies.
[    0.000000] rcu: Adjusting geometry for rcu_fanout_leaf=16, nr_cpu_ids=4
[    0.000000] RCU Tasks: Setting shift to 2 and lim to 1 rcu_task_cb_adjust=1 rcu_task_cpu_ids=4.
[    0.000000] NR_IRQS: 64, nr_irqs: 64, preallocated irqs: 0
[    0.000000] Root IRQ handler: gic_handle_irq
[    0.000000] GICv2m: range[mem 0x08020000-0x08020fff], SPI[80:143]
[    0.000000] rcu: srcu_init: Setting srcu_struct sizes based on contention.
[    0.000000] arch_timer: cp15 timer running at 62.50MHz (virt).
[    0.000000] clocksource: arch_sys_counter: mask: 0x1ffffffffffffff max_cycles: 0x1cd42e208c, max_idle_ns: 881590405314 ns
[    0.000090] sched_clock: 57 bits at 63MHz, resolution 16ns, wraps every 4398046511096ns
[    0.014795] Console: colour dummy device 80x25
[    0.017892] Calibrating delay loop (skipped), value calculated using timer frequency.. 125.00 BogoMIPS (lpj=62500)
[    0.018056] pid_max: default: 32768 minimum: 301
[    0.023738] Yama: becoming mindful.
[    0.024975] landlock: Up and running.
[    0.028431] Mount-cache hash table entries: 4096 (order: 3, 32768 bytes, linear)
[    0.028507] Mountpoint-cache hash table entries: 4096 (order: 3, 32768 bytes, linear)
[    0.045230] VFS: Finished mounting rootfs on nullfs
[    0.088009] cacheinfo: Unable to detect cache hierarchy for CPU 0
[    0.108901] rcu: Hierarchical SRCU implementation.
[    0.109028] rcu: 	Max phase no-delay instances is 400.
[    0.112350] Timer migration: 1 hierarchy levels; 8 children per group; 1 crossnode level
[    0.122305] EFI services will not be available.
[    0.125570] smp: Bringing up secondary CPUs ...
[    0.135481] Detected PIPT I-cache on CPU1
[    0.137090] CPU1: Booted secondary processor 0x0000000001 [0x410fd083]
[    0.147065] Detected PIPT I-cache on CPU2
[    0.147724] CPU2: Booted secondary processor 0x0000000002 [0x410fd083]
[    0.153276] Detected PIPT I-cache on CPU3
[    0.153764] CPU3: Booted secondary processor 0x0000000003 [0x410fd083]
[    0.155051] smp: Brought up 1 node, 4 CPUs
[    0.155158] SMP: Total of 4 processors activated.
[    0.155220] CPU: All CPU(s) started at EL1
[    0.155612] CPU features: detected: 32-bit EL0 Support
[    0.155638] CPU features: detected: 32-bit EL1 Support
[    0.155726] CPU features: detected: CRC32 instructions
[    0.156306] CPU features: detected: PMUv3
[    0.201194] alternatives: applying system-wide alternatives
[    0.302938] Memory: 1927032K/2097152K available (21952K kernel code, 4794K rwdata, 12576K rodata, 2752K init, 720K bss, 101268K reserved, 65536K cma-reserved)
[    0.391872] devtmpfs: initialized
[    0.443851] clocksource: jiffies: mask: 0xffffffff max_cycles: 0xffffffff, max_idle_ns: 1911260446275000 ns
[    0.446381] posixtimers hash table entries: 2048 (order: 3, 32768 bytes, linear)
[    0.448003] futex hash table entries: 1024 (65536 bytes on 1 NUMA nodes, total 64 KiB, linear).
[    0.452902] 22016 pages in range for non-PLT usage
[    0.453139] 513536 pages in range for PLT usage
[    0.485254] DMI not present or invalid.
[    0.525803] NET: Registered PF_NETLINK/PF_ROUTE protocol family
[    0.566244] DMA: preallocated 256 KiB GFP_KERNEL|GFP_DMA pool for atomic allocations
[    0.567241] audit: initializing netlink subsys (disabled)
[    0.572359] audit: type=2000 audit(0.415:1): state=initialized audit_enabled=0 res=1
[    0.588128] thermal_sys: Registered thermal governor 'fair_share'
[    0.588212] thermal_sys: Registered thermal governor 'bang_bang'
[    0.588239] thermal_sys: Registered thermal governor 'step_wise'
[    0.588249] thermal_sys: Registered thermal governor 'user_space'
[    0.588258] thermal_sys: Registered thermal governor 'power_allocator'
[    0.590018] cpuidle: using governor ladder
[    0.591040] cpuidle: using governor menu
[    0.595248] hw-breakpoint: found 6 breakpoint and 4 watchpoint registers.
[    0.598202] ASID allocator initialised with 65536 entries
[    0.615059] Serial: AMBA PL011 UART driver
[    0.761072] 9000000.pl011: ttyAMA0 at MMIO 0x9000000 (irq = 13, base_baud = 0) is a PL011 rev1
[    0.768364] printk: console [ttyAMA0] enabled
[    0.865597] HugeTLB: registered 1.00 GiB page size, pre-allocated 0 pages
[    0.865809] HugeTLB: 0 KiB vmemmap can be freed for a 1.00 GiB page
[    0.865851] HugeTLB: registered 32.0 MiB page size, pre-allocated 0 pages
[    0.866094] HugeTLB: 0 KiB vmemmap can be freed for a 32.0 MiB page
[    0.866113] HugeTLB: registered 2.00 MiB page size, pre-allocated 0 pages
[    0.866199] HugeTLB: 0 KiB vmemmap can be freed for a 2.00 MiB page
[    0.866219] HugeTLB: registered 64.0 KiB page size, pre-allocated 0 pages
[    0.866231] HugeTLB: 0 KiB vmemmap can be freed for a 64.0 KiB page
[    0.918206] raid6: neonx8   gen()  1596 MB/s
[    0.936458] raid6: neonx4   gen()  1587 MB/s
[    0.954690] raid6: neonx2   gen()  1129 MB/s
[    0.973982] raid6: neonx1   gen()   700 MB/s
[    0.992445] raid6: int64x8  gen()   903 MB/s
[    1.011370] raid6: int64x4  gen()  1376 MB/s
[    1.029823] raid6: int64x2  gen()  1275 MB/s
[    1.048514] raid6: int64x1  gen()  1022 MB/s
[    1.048635] raid6: using algorithm neonx8 gen() 1596 MB/s
[    1.067487] raid6: .... xor() 657 MB/s, rmw enabled
[    1.067677] raid6: using neon recovery algorithm
[    1.073018] ACPI: Interpreter disabled.
[    1.086461] iommu: Default domain type: Translated
[    1.086589] iommu: DMA domain TLB invalidation policy: strict mode
[    1.102394] SCSI subsystem initialized
[    1.111138] usbcore: registered new interface driver usbfs
[    1.112889] usbcore: registered new interface driver hub
[    1.114208] usbcore: registered new device driver usb
[    1.121521] pps_core: LinuxPPS API ver. 1 registered
[    1.121657] pps_core: Software ver. 5.3.6 - Copyright 2005-2007 Rodolfo Giometti <giometti@linux.it>
[    1.121871] PTP clock support registered
[    1.127868] EDAC MC: Ver: 3.0.0
[    1.132426] scmi_core: SCMI protocol bus registered
[    1.140134] FPGA manager framework
[    1.142701] Advanced Linux Sound Architecture Driver Initialized.
[    1.168762] NetLabel: Initializing
[    1.168882] NetLabel:  domain hash size = 128
[    1.169023] NetLabel:  protocols = UNLABELED CIPSOv4 CALIPSO
[    1.171451] NetLabel:  unlabeled traffic allowed by default
[    1.174762] vgaarb: loaded
[    1.181958] clocksource: Switched to clocksource arch_sys_counter
[    1.195422] VFS: Disk quotas dquot_6.6.0
[    1.196118] VFS: Dquot-cache hash table entries: 512 (order 0, 4096 bytes)
[    1.216198] pnp: PnP ACPI: disabled
[    1.378064] NET: Registered PF_INET protocol family
[    1.382915] IP idents hash table entries: 32768 (order: 6, 262144 bytes, linear)
[    1.401923] tcp_listen_portaddr_hash hash table entries: 1024 (order: 2, 16384 bytes, linear)
[    1.402209] Table-perturb hash table entries: 65536 (order: 6, 262144 bytes, linear)
[    1.402436] TCP established hash table entries: 16384 (order: 5, 131072 bytes, linear)
[    1.403465] TCP bind hash table entries: 16384 (order: 7, 524288 bytes, linear)
[    1.405506] TCP: Hash tables configured (established 16384 bind 16384)
[    1.409514] MPTCP token hash table entries: 2048 (order: 4, 49152 bytes, linear)
[    1.410397] UDP hash table entries: 1024 (order: 4, 65536 bytes, linear)
[    1.411996] UDP-Lite hash table entries: 1024 (order: 4, 65536 bytes, linear)
[    1.416435] NET: Registered PF_UNIX/PF_LOCAL protocol family
[    1.427517] RPC: Registered named UNIX socket transport module.
[    1.427806] RPC: Registered udp transport module.
[    1.427870] RPC: Registered tcp transport module.
[    1.427928] RPC: Registered tcp-with-tls transport module.
[    1.428360] RPC: Registered tcp NFSv4.1 backchannel transport module.
[    1.428999] PCI: CLS 0 bytes, default 64
[    1.434382] kvm [1]: HYP mode not available
[    1.445538] Trying to unpack rootfs image as initramfs...
[    1.451141] Initialise system trusted keyrings
[    1.457111] workingset: timestamp_bits=46 max_order=19 bucket_order=0
[    1.476179] NFS: Registering the id_resolver key type
[    1.477309] Key type id_resolver registered
[    1.477437] Key type id_legacy registered
[    1.479157] nfs4filelayout_init: NFSv4 File Layout Driver Registering...
[    1.480591] nfs4flexfilelayout_init: NFSv4 Flexfile Layout Driver Registering...
[    1.482153] ntfs3: Read-only LZX/Xpress compression included
[    1.486520] SGI XFS with ACLs, security attributes, quota, no debug enabled
[    1.522838] cryptd: max_cpu_qlen set to 1000
[    1.623279] NET: Registered PF_ALG protocol family
[    1.624440] xor: measuring software checksum speed
[    1.627200]    8regs           :  1508 MB/sec
[    1.631109]    32regs          :   873 MB/sec
[    1.636281]    arm64_neon      :   649 MB/sec
[    1.637015] xor: using function: 8regs (1508 MB/sec)
[    1.637283] Key type asymmetric registered
[    1.637752] Asymmetric key parser 'x509' registered
[    1.642290] Block layer SCSI generic (bsg) driver version 0.4 loaded (major 240)
[    1.648316] io scheduler mq-deadline registered
[    1.649098] io scheduler kyber registered
[    1.652155] io scheduler bfq registered
[    1.758402] pl061_gpio 9030000.pl061: PL061 GPIO chip registered
[    1.773330] ledtrig-cpu: registered to indicate activity on CPUs
[    1.783577] pci-host-generic 4010000000.pcie: host bridge /pcie@10000000 ranges:
[    1.786224] pci-host-generic 4010000000.pcie:       IO 0x003eff0000..0x003effffff -> 0x0000000000
[    1.788740] pci-host-generic 4010000000.pcie:      MEM 0x0010000000..0x003efeffff -> 0x0010000000
[    1.789083] pci-host-generic 4010000000.pcie:      MEM 0x8000000000..0xffffffffff -> 0x8000000000
[    1.791414] pci-host-generic 4010000000.pcie: Memory resource size exceeds max for 32 bits
[    1.793490] pci-host-generic 4010000000.pcie: ECAM at [mem 0x4010000000-0x401fffffff] for [bus 00-ff]
[    1.798854] pci-host-generic 4010000000.pcie: PCI host bridge to bus 0000:00
[    1.800385] pci_bus 0000:00: root bus resource [bus 00-ff]
[    1.800610] pci_bus 0000:00: root bus resource [io  0x0000-0xffff]
[    1.801389] pci_bus 0000:00: root bus resource [mem 0x10000000-0x3efeffff]
[    1.801420] pci_bus 0000:00: root bus resource [mem 0x8000000000-0xffffffffff]
[    1.807336] pci 0000:00:00.0: [1b36:0008] type 00 class 0x060000 conventional PCI endpoint
[    1.822251] pci 0000:00:01.0: [1af4:1000] type 00 class 0x020000 conventional PCI endpoint
[    1.823286] pci 0000:00:01.0: BAR 0 [io  0x0000-0x001f]
[    1.823426] pci 0000:00:01.0: BAR 1 [mem 0x00000000-0x00000fff]
[    1.823591] pci 0000:00:01.0: BAR 4 [mem 0x00000000-0x00003fff 64bit pref]
[    1.824298] pci 0000:00:01.0: ROM [mem 0x00000000-0x0007ffff pref]
[    1.827452] pci 0000:00:02.0: [1af4:1001] type 00 class 0x010000 conventional PCI endpoint
[    1.830007] pci 0000:00:02.0: BAR 0 [io  0x0000-0x007f]
[    1.830147] pci 0000:00:02.0: BAR 1 [mem 0x00000000-0x00000fff]
[    1.830235] pci 0000:00:02.0: BAR 4 [mem 0x00000000-0x00003fff 64bit pref]
[    1.839176] pci 0000:00:01.0: ROM [mem 0x10000000-0x1007ffff pref]: assigned
[    1.840019] pci 0000:00:01.0: BAR 4 [mem 0x8000000000-0x8000003fff 64bit pref]: assigned
[    1.840995] pci 0000:00:02.0: BAR 4 [mem 0x8000004000-0x8000007fff 64bit pref]: assigned
[    1.841086] pci 0000:00:01.0: BAR 1 [mem 0x10080000-0x10080fff]: assigned
[    1.841221] pci 0000:00:02.0: BAR 1 [mem 0x10081000-0x10081fff]: assigned
[    1.841946] pci 0000:00:02.0: BAR 0 [io  0x1000-0x107f]: assigned
[    1.843870] pci 0000:00:01.0: BAR 0 [io  0x1080-0x109f]: assigned
[    1.846862] pci_bus 0000:00: resource 4 [io  0x0000-0xffff]
[    1.847064] pci_bus 0000:00: resource 5 [mem 0x10000000-0x3efeffff]
[    1.847167] pci_bus 0000:00: resource 6 [mem 0x8000000000-0xffffffffff]
[    1.864098] IPMI message handler: version 39.2
[    2.065891] virtio-pci 0000:00:01.0: enabling device (0000 -> 0003)
[    2.082461] virtio-pci 0000:00:02.0: enabling device (0000 -> 0003)
[    2.111796] Serial: 8250/16550 driver, 4 ports, IRQ sharing enabled
[    2.150961] msm_serial: driver initialized
[    2.203526] virtio_blk virtio1: 4/0/0 default/read/poll queues
[    2.242371] virtio_blk virtio1: [vda] 6389760 512-byte logical blocks (3.27 GB/3.05 GiB)
[    2.329071]  vda: vda1 vda2
[    2.428454] usbcore: registered new interface driver uas
[    2.429865] usbcore: registered new interface driver usb-storage
[    2.430435] usbcore: registered new interface driver ums-alauda
[    2.431318] usbcore: registered new interface driver ums-cypress
[    2.432493] usbcore: registered new interface driver ums-datafab
[    2.433493] usbcore: registered new interface driver ums_eneub6250
[    2.433814] usbcore: registered new interface driver ums-freecom
[    2.434493] usbcore: registered new interface driver ums-isd200
[    2.435421] usbcore: registered new interface driver ums-jumpshot
[    2.435827] usbcore: registered new interface driver ums-karma
[    2.437238] usbcore: registered new interface driver ums-onetouch
[    2.437619] usbcore: registered new interface driver ums-realtek
[    2.438872] usbcore: registered new interface driver ums-sddr09
[    2.440048] usbcore: registered new interface driver ums-sddr55
[    2.440570] usbcore: registered new interface driver ums-usbat
[    2.443161] usbcore: registered new interface driver usbserial_generic
[    2.444067] usbserial: USB Serial support registered for generic
[    2.459991] mousedev: PS/2 mouse device common for all mice
[    2.486096] rtc-pl031 9010000.pl031: registered as rtc0
[    2.488224] rtc-pl031 9010000.pl031: setting system clock to 2026-05-26T10:39:20 UTC (1779791960)
[    2.516365] device-mapper: uevent: version 1.0.3
[    2.519838] device-mapper: ioctl: 4.50.0-ioctl (2025-04-28) initialised: dm-devel@lists.linux.dev
[    2.534089] sdhci: Secure Digital Host Controller Interface driver
[    2.534204] sdhci: Copyright(c) Pierre Ossman
[    2.541143] Synopsys Designware Multimedia Card Interface Driver
[    2.549151] sdhci-pltfm: SDHCI platform and OF driver helper
[    2.573251] hid: raw HID events driver (C) Jiri Kosina
[    2.575321] usbcore: registered new interface driver usbhid
[    2.575454] usbhid: USB HID core driver
[    2.615144] hw perfevents: enabled with armv8_pmuv3 PMU driver, 7 (0,8000003f) counters available
[    2.617450] watchdog: NMI not fully supported
[    2.617594] watchdog: Hard watchdog permanently disabled
[    2.664832] Initializing XFRM netlink socket
[    2.667108] NET: Registered PF_INET6 protocol family
[    2.702838] Segment Routing with IPv6
[    2.703371] In-situ OAM (IOAM) with IPv6
[    2.704410] mip6: Mobile IPv6
[    2.705495] NET: Registered PF_PACKET protocol family
[    2.708264] Key type dns_resolver registered
[    2.812855] registered taskstats version 1
[    2.817806] Loading compiled-in X.509 certificates
[    2.905182] debug_vm_pgtable: [debug_vm_pgtable         ]: Validating architecture page table helpers
[    2.918228] Key type .fscrypt registered
[    2.918374] Key type fscrypt-provisioning registered
[    3.034092] Btrfs loaded, zoned=yes, fsverity=no
[    3.044196] Key type encrypted registered
[    3.063556] clk: Disabling unused clocks
[    3.064338] PM: genpd: Disabling unused power domains
[    3.065181] ALSA device list:
[    3.065384]   No soundcards found.
[    3.300705] Freeing initrd memory: 14744K
[    3.469685] Freeing unused kernel memory: 2752K
[    3.471957] Run /init as init process
P+q6E616D65\[    4.353321] systemd[1]: Successfully made /usr/ read-only.
[18t[6n[32766;32766H[6n[!p]104\[0m[?7h[1G[0J[    5.057518] systemd[1]: systemd 260.1-2-arch running in system mode (+PAM +AUDIT -SELINUX +APPARMOR -IMA +IPE +SMACK +SECCOMP +GCRYPT +GNUTLS +OPENSSL +ACL +BLKID +CURL +ELFUTILS +FIDO2 +IDN2 +KMOD +LIBCRYPTSETUP +LIBCRYPTSETUP_PLUGINS +LIBFDISK +PCRE2 +PWQUALITY +P11KIT +QRENCODE +TPM2 +BZIP2 +LZ4 +XZ +ZLIB +ZSTD +BPF_FRAMEWORK -BTF +XKBCOMMON +UTMP +LIBARCHIVE)
[    5.058417] systemd[1]: Detected virtualization qemu.
[    5.061985] systemd[1]: Detected architecture arm64.
[    5.063112] systemd[1]: Running in initrd.
[0;1;39mBooting initrd of [0m[38;2;23;147;209mArch Linux ARM[0m[0;1;39m.[0m
[    5.092429] systemd[1]: Initializing machine ID from random generator.
[    5.099159] systemd[1]: No hostname configured, using default hostname.
[    5.102405] systemd[1]: Hostname set to <archlinux>.
]3008;start=4425414f3d3445b3b7a71755cf2daae4;user=root;hostname=archlinux;machineid=bce255cd8c5c4433adeb2aaea30477b2;bootid=71765029b3924f0081c3fc0eb5eb37e6;pid=1;pidfdid=1;comm=systemd;type=boot\[    6.569168] systemd[1]: Queued start job for default target Initrd Default Target.
[    9.818096] systemd[1]: Expecting device /dev/vda2...
         Expecting device [0;1;39m/dev/vda2[0m...
[    9.827981] systemd[1]: Reached target Path Units.
[[0;32m  OK  [0m] Reached target [0;1;39mPath Units[0m.
[    9.832258] systemd[1]: Reached target Slice Units.
[[0;32m  OK  [0m] Reached target [0;1;39mSlice Units[0m.
[    9.835114] systemd[1]: Reached target Swaps.
[[0;32m  OK  [0m] Reached target [0;1;39mSwaps[0m.
[    9.838067] systemd[1]: Reached target Timer Units.
[[0;32m  OK  [0m] Reached target [0;1;39mTimer Units[0m.
[    9.852286] systemd[1]: Listening on Journal Socket (/dev/log).
[[0;32m  OK  [0m] Listening on [0;1;39mJournal Socket (/dev/log)[0m.
[    9.857277] systemd[1]: Listening on Journal Sockets.
[[0;32m  OK  [0m] Listening on [0;1;39mJournal Sockets[0m.
[    9.863151] systemd[1]: Listening on udev Control Socket.
[[0;32m  OK  [0m] Listening on [0;1;39mudev Control Socket[0m.
[    9.867070] systemd[1]: Listening on udev Kernel Socket.
[[0;32m  OK  [0m] Listening on [0;1;39mudev Kernel Socket[0m.
[    9.869250] systemd[1]: Reached target Socket Units.
[[0;32m  OK  [0m] Reached target [0;1;39mSocket Units[0m.
[    9.873281] systemd[1]: Create List of Static Device Nodes skipped, unmet condition check ConditionFileNotEmpty=/lib/modules/7.0.9-1-aarch64-ARCH/modules.devname
[    9.877744] systemd[1]: Early Battery Level Check skipped, unmet condition check ConditionDirectoryNotEmpty=/sys/class/power_supply
[    9.878609] systemd[1]: Display Boot-Time Emergency Messages In Full Screen skipped, unmet condition check ConditionVirtualization=no
[   10.223314] systemd[1]: Starting Journal Service...
         Starting [0;1;39mJournal Service[0m...
[   10.439937] systemd[1]: Starting Load Kernel Modules...
         Starting [0;1;39mLoad Kernel Modules[0m...
[   10.446989] systemd[1]: TPM PCR Barrier (initrd) skipped, unmet condition check ConditionSecurity=measured-uki
[   10.662032] systemd[1]: Starting Create Static Device Nodes in /dev...
         Starting [0;1;39mCreate Static Device Nodes in /dev[0m...
[   10.938456] systemd[1]: Starting Coldplug All udev Devices...
         Starting [0;1;39mColdplug All udev Devices[0m...
[   11.620059] systemd-journald[119]: Collecting audit messages is disabled.
[   11.822177] systemd[1]: Finished Load Kernel Modules.
[[0;32m  OK  [0m] Finished [0;1;39mLoad Kernel Modules[0m.
[   12.070297] systemd[1]: Finished Create Static Device Nodes in /dev.
[[0;32m  OK  [0m] Finished [0;1;39mCreate Static Device Nodes in /dev[0m.
[   12.089375] systemd[1]: Reached target Preparation for Local File Systems.
[[0;32m  OK  [0m] Reached target [0;1;39mPreparation for Local File Systems[0m.
[   12.095600] systemd[1]: Reached target Local File Systems.
[[0;32m  OK  [0m] Reached target [0;1;39mLocal File Systems[0m.
[   12.315460] systemd[1]: Starting Rule-based Manager for Device Events and Files...
         Starting [0;1;39mRule-based Manager for Device Events and Files[0m...
[   12.527516] systemd[1]: Started Journal Service.
[[0;32m  OK  [0m] Started [0;1;39mJournal Service[0m.
         Starting [0;1;39mCreate System Files and Directories[0m...
[[0;32m  OK  [0m] Finished [0;1;39mCreate System Files and Directories[0m.
[[0;32m  OK  [0m] Started [0;1;39mRule-based Manager for Device Events and Files[0m.
[[0m[0;31m*     [0m] (1 of 2) A start job is running for /dev/vda2 (10s / 1min 33s)
M[K[[0;1;31m*[0m[0;31m*    [0m] (1 of 2) A start job is running for /dev/vda2 (10s / 1min 33s)
M[K[[0;31m*[0;1;31m*[0m[0;31m*   [0m] (1 of 2) A start job is running for /dev/vda2 (11s / 1min 33s)
M[K[ [0;31m*[0;1;31m*[0m[0;31m*  [0m] (2 of 2) A start job is running for… All udev Devices (11s / no limit)
M[K[  [0;31m*[0;1;31m*[0m[0;31m* [0m] (2 of 2) A start job is running for… All udev Devices (12s / no limit)
M[K[   [0;31m*[0;1;31m*[0m[0;31m*[0m] (2 of 2) A start job is running for… All udev Devices (13s / no limit)
M[K[    [0;31m*[0;1;31m*[0m] (1 of 2) A start job is running for /dev/vda2 (13s / 1min 33s)
M[K[     [0;31m*[0m] (1 of 2) A start job is running for /dev/vda2 (14s / 1min 33s)
M[K[    [0;31m*[0;1;31m*[0m] (1 of 2) A start job is running for /dev/vda2 (14s / 1min 33s)
M[K[[0;32m  OK  [0m] Finished [0;1;39mColdplug All udev Devices[0m.
[K[[0;32m  OK  [0m] Reached target [0;1;39mSystem Initialization[0m.
[[0;32m  OK  [0m] Reached target [0;1;39mBasic System[0m.
[   [0;31m*[0;1;31m*[0m[0;31m*[0m] A start job is running for /dev/vda2 (17s / 1min 33s)
M[K[  [0;31m*[0;1;31m*[0m[0;31m* [0m] A start job is running for /dev/vda2 (17s / 1min 33s)
M[K[ [0;31m*[0;1;31m*[0m[0;31m*  [0m] A start job is running for /dev/vda2 (18s / 1min 33s)
M[K[[0;32m  OK  [0m] Found device [0;1;39m/dev/vda2[0m.
[K[[0;32m  OK  [0m] Reached target [0;1;39mInitrd Root Device[0m.
[   25.569996] hrtimer: interrupt took 2733776 ns
         Starting [0;1;39mFile System Check on /dev/vda2[0m...
[[0;32m  OK  [0m] Finished [0;1;39mFile System Check on /dev/vda2[0m.
         Mounting [0;1;39m/sysroot[0m...
[   28.754042] EXT4-fs (vda2): mounted filesystem ba0626b0-4c41-42b7-907c-758e05961070 r/w with ordered data mode. Quota mode: none.
[[0;32m  OK  [0m] Mounted [0;1;39m/sysroot[0m.
[[0;32m  OK  [0m] Reached target [0;1;39mInitrd Root File System[0m.
         Starting [0;1;39mMountpoints Configured in the Real Root[0m...
[[0;32m  OK  [0m] Finished [0;1;39mMountpoints Configured in the Real Root[0m.
[[0;32m  OK  [0m] Reached target [0;1;39mInitrd File Systems[0m.
[[0;32m  OK  [0m] Reached target [0;1;39mInitrd Default Target[0m.
         Starting [0;1;39mCleaning Up and Shutting Down Daemons[0m...
[[0;32m  OK  [0m] Stopped target [0;1;39mInitrd Default Target[0m.
[[0;32m  OK  [0m] Stopped target [0;1;39mBasic System[0m.
[[0;32m  OK  [0m] Stopped target [0;1;39mInitrd Root Device[0m.
[[0;32m  OK  [0m] Stopped target [0;1;39mPath Units[0m.
[[0;32m  OK  [0m] Stopped target [0;1;39mSlice Units[0m.
[[0;32m  OK  [0m] Stopped target [0;1;39mSocket Units[0m.
[[0;32m  OK  [0m] Stopped target [0;1;39mSystem Initialization[0m.
[[0;32m  OK  [0m] Stopped target [0;1;39mSwaps[0m.
[[0;32m  OK  [0m] Stopped target [0;1;39mTimer Units[0m.
[[0;32m  OK  [0m] Stopped [0;1;39mLoad Kernel Modules[0m.
[[0;32m  OK  [0m] Stopped [0;1;39mCreate System Files and Directories[0m.
[[0;32m  OK  [0m] Stopped target [0;1;39mLocal File Systems[0m.
[[0;32m  OK  [0m] Stopped target [0;1;39mPreparation for Local File Systems[0m.
[[0;32m  OK  [0m] Stopped [0;1;39mColdplug All udev Devices[0m.
         Stopping [0;1;39mRule-based Manager for Device Events and Files[0m...
[[0;32m  OK  [0m] Finished [0;1;39mCleaning Up and Shutting Down Daemons[0m.
         Starting [0;1;39mVirtual Console Setup[0m...
[[0;32m  OK  [0m] Stopped [0;1;39mRule-based Manager for Device Events and Files[0m.
[[0;32m  OK  [0m] Closed [0;1;39mudev Control Socket[0m.
         Starting [0;1;39mCleanup udev Database[0m...
[[0;32m  OK  [0m] Stopped [0;1;39mCreate Static Device Nodes in /dev[0m.
[[0;32m  OK  [0m] Finished [0;1;39mVirtual Console Setup[0m.
[[0;32m  OK  [0m] Finished [0;1;39mCleanup udev Database[0m.
[[0;32m  OK  [0m] Reached target [0;1;39mSwitch Root[0m.
         Starting [0;1;39mSwitch Root[0m...
[   48.887225] systemd-journald[119]: Received SIGTERM from PID 1 (systemd).
P+q6E616D65\[18t[6n[32766;32766H[6n[!p]104\[0m[?7h[1G[0J[   50.472905] systemd[1]: systemd 260.1-2-arch running in system mode (+PAM +AUDIT -SELINUX +APPARMOR -IMA +IPE +SMACK +SECCOMP +GCRYPT +GNUTLS +OPENSSL +ACL +BLKID +CURL +ELFUTILS +FIDO2 +IDN2 +KMOD +LIBCRYPTSETUP +LIBCRYPTSETUP_PLUGINS +LIBFDISK +PCRE2 +PWQUALITY +P11KIT +QRENCODE +TPM2 +BZIP2 +LZ4 +XZ +ZLIB +ZSTD +BPF_FRAMEWORK -BTF +XKBCOMMON +UTMP +LIBARCHIVE)
[   50.474323] systemd[1]: Detected virtualization qemu.
[   50.477390] systemd[1]: Detected architecture arm64.

[0;1;39mWelcome to [0m[38;2;23;147;209mArch Linux ARM[0m[0;1;39m![0m

]3008;start=2b588a9a856d4bfdb1c9a41689d3531a;user=root;hostname=archlinux;machineid=9489ad9535a944f19a2b4adf27a0c596;bootid=71765029b3924f0081c3fc0eb5eb37e6;pid=1;pidfdid=1;comm=systemd;type=boot\[   51.940480] systemd[1]: bpf-restrict-fs: BPF LSM hook not enabled in the kernel, BPF LSM not supported.
[   54.042693] NET: Registered PF_VSOCK protocol family
[   56.911479] systemd[1]: initrd-switch-root.service: Deactivated successfully.
[   56.919142] systemd[1]: Stopped Switch Root.
[[0;32m  OK  [0m] Stopped [0;1;39mSwitch Root[0m.
[   56.964955] systemd[1]: systemd-journald.service: Scheduled restart job, restart counter is at 1.
[   56.987441] systemd[1]: Created slice Slice /system/dirmngr.
[[0;32m  OK  [0m] Created slice [0;1;39mSlice /system/dirmngr[0m.
[   57.002216] systemd[1]: Created slice Slice /system/getty.
[[0;32m  OK  [0m] Created slice [0;1;39mSlice /system/getty[0m.
[   57.014294] systemd[1]: Created slice Slice /system/gpg-agent.
[[0;32m  OK  [0m] Created slice [0;1;39mSlice /system/gpg-agent[0m.
[   57.025433] systemd[1]: Created slice Slice /system/gpg-agent-browser.
[[0;32m  OK  [0m] Created slice [0;1;39mSlice /system/gpg-agent-browser[0m.
[   57.037439] systemd[1]: Created slice Slice /system/gpg-agent-extra.
[[0;32m  OK  [0m] Created slice [0;1;39mSlice /system/gpg-agent-extra[0m.
[   57.049507] systemd[1]: Created slice Slice /system/gpg-agent-ssh.
[[0;32m  OK  [0m] Created slice [0;1;39mSlice /system/gpg-agent-ssh[0m.
[   57.061090] systemd[1]: Created slice Slice /system/keyboxd.
[[0;32m  OK  [0m] Created slice [0;1;39mSlice /system/keyboxd[0m.
[   57.073325] systemd[1]: Created slice Slice /system/modprobe.
[[0;32m  OK  [0m] Created slice [0;1;39mSlice /system/modprobe[0m.
[   57.084524] systemd[1]: Created slice Slice /system/serial-getty.
[[0;32m  OK  [0m] Created slice [0;1;39mSlice /system/serial-getty[0m.
[   57.093259] systemd[1]: Created slice User and Session Slice.
[[0;32m  OK  [0m] Created slice [0;1;39mUser and Session Slice[0m.
[   57.101048] systemd[1]: Started Dispatch Password Requests to Console Directory Watch.
[[0;32m  OK  [0m] Started [0;1;39mDispatch Password Requests to Console Directory Watch[0m.
[   57.105383] systemd[1]: Started Forward Password Requests to Wall Directory Watch.
[[0;32m  OK  [0m] Started [0;1;39mForward Password Requests to Wall Directory Watch[0m.
[   57.119459] systemd[1]: Set up automount Arbitrary Executable File Formats File System Automount Point.
[[0;32m  OK  [0m] Set up automount [0;1;39mArbitrary Executa…ormats File System Automount Point[0m.
[   57.123949] systemd[1]: Expecting device /dev/disk/by-uuid/D1FE-0AA2...
         Expecting device [0;1;39m/dev/disk/by-uuid/D1FE-0AA2[0m...
[   57.126931] systemd[1]: Expecting device /dev/ttyAMA0...
         Expecting device [0;1;39m/dev/ttyAMA0[0m...
[   57.129325] systemd[1]: Reached target Image Downloads.
[[0;32m  OK  [0m] Reached target [0;1;39mImage Downloads[0m.
[   57.132449] systemd[1]: Stopped target Switch Root.
[[0;32m  OK  [0m] Stopped target [0;1;39mSwitch Root[0m.
[   57.135231] systemd[1]: Stopped target Initrd File Systems.
[[0;32m  OK  [0m] Stopped target [0;1;39mInitrd File Systems[0m.
[   57.137988] systemd[1]: Stopped target Initrd Root File System.
[[0;32m  OK  [0m] Stopped target [0;1;39mInitrd Root File System[0m.
[   57.140824] systemd[1]: Reached target Local Integrity Protected Volumes.
[[0;32m  OK  [0m] Reached target [0;1;39mLocal Integrity Protected Volumes[0m.
[   57.144244] systemd[1]: Reached target Path Units.
[[0;32m  OK  [0m] Reached target [0;1;39mPath Units[0m.
[   57.147988] systemd[1]: Reached target Remote File Systems.
[[0;32m  OK  [0m] Reached target [0;1;39mRemote File Systems[0m.
[   57.151319] systemd[1]: Reached target Slice Units.
[[0;32m  OK  [0m] Reached target [0;1;39mSlice Units[0m.
[   57.154250] systemd[1]: Reached target Swaps.
[[0;32m  OK  [0m] Reached target [0;1;39mSwaps[0m.
[   57.157180] systemd[1]: Reached target Local Verity Protected Volumes.
[[0;32m  OK  [0m] Reached target [0;1;39mLocal Verity Protected Volumes[0m.
[   57.167216] systemd[1]: Listening on Device-mapper event daemon FIFOs.
[[0;32m  OK  [0m] Listening on [0;1;39mDevice-mapper event daemon FIFOs[0m.
[   57.195989] systemd[1]: Listening on Query the User Interactively for a Password.
[[0;32m  OK  [0m] Listening on [0;1;39mQuery the User Interactively for a Password[0m.
[   57.217071] systemd[1]: Listening on Process Core Dump Socket.
[[0;32m  OK  [0m] Listening on [0;1;39mProcess Core Dump Socket[0m.
[   57.232343] systemd[1]: Listening on Credential Encryption/Decryption.
[[0;32m  OK  [0m] Listening on [0;1;39mCredential Encryption/Decryption[0m.
[   57.253363] systemd[1]: Listening on Factory Reset Management.
[[0;32m  OK  [0m] Listening on [0;1;39mFactory Reset Management[0m.
[   57.295829] systemd[1]: Listening on Console Output Muting Service Socket.
[[0;32m  OK  [0m] Listening on [0;1;39mConsole Output Muting Service Socket[0m.
[   57.312205] systemd[1]: Listening on Network Management Resolve Hook Socket.
[[0;32m  OK  [0m] Listening on [0;1;39mNetwork Management Resolve Hook Socket[0m.
[   57.320459] systemd[1]: Listening on Network Management Metrics Varlink Socket.
[[0;32m  OK  [0m] Listening on [0;1;39mNetwork Management Metrics Varlink Socket[0m.
[   57.329289] systemd[1]: Listening on Network Management Varlink Socket.
[[0;32m  OK  [0m] Listening on [0;1;39mNetwork Management Varlink Socket[0m.
[   57.336957] systemd[1]: Listening on Network Management Netlink Socket.
[[0;32m  OK  [0m] Listening on [0;1;39mNetwork Management Netlink Socket[0m.
[   57.342256] systemd[1]: TPM PCR Measurements skipped, unmet condition check ConditionSecurity=measured-uki
[   57.344203] systemd[1]: Make TPM PCR Policy skipped, unmet condition check ConditionSecurity=measured-uki
[   57.362829] systemd[1]: Listening on Disk Repartitioning Service Socket.
[[0;32m  OK  [0m] Listening on [0;1;39mDisk Repartitioning Service Socket[0m.
[   57.369399] systemd[1]: Listening on Resolve Monitor Varlink Socket.
[[0;32m  OK  [0m] Listening on [0;1;39mResolve Monitor Varlink Socket[0m.
[   57.374438] systemd[1]: Listening on Resolve Service Varlink Socket.
[[0;32m  OK  [0m] Listening on [0;1;39mResolve Service Varlink Socket[0m.
[   57.380000] systemd[1]: Listening on udev Control Socket.
[[0;32m  OK  [0m] Listening on [0;1;39mudev Control Socket[0m.
[   57.385817] systemd[1]: Listening on udev Varlink Socket.
[[0;32m  OK  [0m] Listening on [0;1;39mudev Varlink Socket[0m.
[   57.391252] systemd[1]: Listening on User Database Manager Socket.
[[0;32m  OK  [0m] Listening on [0;1;39mUser Database Manager Socket[0m.
[   57.439321] systemd[1]: Mounting Huge Pages File System...
         Mounting [0;1;39mHuge Pages File System[0m...
[   57.469418] systemd[1]: Mounting POSIX Message Queue File System...
         Mounting [0;1;39mPOSIX Message Queue File System[0m...
[   57.510232] systemd[1]: Mounting Kernel Debug File System...
         Mounting [0;1;39mKernel Debug File System[0m...
[   57.522361] systemd[1]: Kernel Trace File System skipped, unmet condition check ConditionPathExists=/sys/kernel/tracing
[   57.535100] systemd[1]: tmp.mount: x-systemd.graceful-option=usrquota specified, but option is not available, suppressing.
[   57.589490] systemd[1]: Mounting Temporary Directory /tmp...
         Mounting [0;1;39mTemporary Directory /tmp[0m...
[   57.789955] systemd[1]: Starting Create List of Static Device Nodes...
         Starting [0;1;39mCreate List of Static Device Nodes[0m...
[   57.809929] systemd[1]: Load Kernel Module configfs skipped, unmet condition check ConditionKernelModuleLoaded=!configfs
[   57.890127] systemd[1]: Mounting Kernel Configuration File System...
         Mounting [0;1;39mKernel Configuration File System[0m...
[   57.909078] systemd[1]: Load Kernel Module drm skipped, unmet condition check ConditionKernelModuleLoaded=!drm
[   58.135952] systemd[1]: Starting Load Kernel Module fuse...
         Starting [0;1;39mLoad Kernel Module fuse[0m...
[   58.151176] systemd[1]: Clear Stale Hibernate Storage Info skipped, unmet condition check ConditionPathExists=/sys/firmware/efi/efivars/HibernateLocation-8cf2644b-4b0b-428f-9387-6d876050dc67
[   58.468420] systemd[1]: Starting Journal Service...
         Starting [0;1;39mJournal Service[0m...
[   58.606490] systemd[1]: Starting Load Kernel Modules...
         Starting [0;1;39mLoad Kernel Modules[0m...
[   58.619987] systemd[1]: TPM PCR Machine ID Measurement skipped, unmet condition check ConditionSecurity=measured-uki
[   58.892376] systemd[1]: Starting Remount Root and Kernel File Systems...
         Starting [0;1;39mRemount Root and Kernel File Systems[0m...
[   58.959478] systemd[1]: Early TPM SRK Setup skipped, unmet condition check ConditionSecurity=measured-uki
[   59.069298] systemd[1]: Starting Load udev Rules from Credentials...
         Starting [0;1;39mLoad udev Rules from Credentials[0m...
[   59.205263] systemd[1]: Starting Coldplug All udev Devices...
         Starting [0;1;39mColdplug All udev Devices[0m...
[   59.234034] systemd[1]: systemd-vconsole-setup.service: Deactivated successfully.
[   59.253059] systemd[1]: Stopped Virtual Console Setup.
[[0;32m  OK  [0m] Stopped [0;1;39mVirtual Console Setup[0m.
[   59.687297] fuse: init (API version 7.45)
[   60.021367] systemd[1]: Mounted POSIX Message Queue File System.
[[0;32m  OK  [0m] Mounted [0;1;39mPOSIX Message Queue File System[0m.
[   60.228129] systemd[1]: Mounted Kernel Debug File System.
[[0;32m  OK  [0m] Mounted [0;1;39mKernel Debug File System[0m.
[   60.344080] systemd[1]: Mounted Huge Pages File System.
[[0;32m  OK  [0m] Mounted [0;1;39mHuge Pages File System[0m.
[   60.370031] systemd[1]: Mounted Temporary Directory /tmp.
[[0;32m  OK  [0m] Mounted [0;1;39mTemporary Directory /tmp[0m.
[   60.401950] systemd[1]: Finished Create List of Static Device Nodes.
[[0;32m  OK  [0m] Finished [0;1;39mCreate List of Static Device Nodes[0m.
[   60.432309] systemd[1]: modprobe@fuse.service: Deactivated successfully.
[   60.449019] systemd[1]: Finished Load Kernel Module fuse.
[[0;32m  OK  [0m] Finished [0;1;39mLoad Kernel Module fuse[0m.
[   60.514525] systemd[1]: Finished Load udev Rules from Credentials.
[[0;32m  OK  [0m] Finished [0;1;39mLoad udev Rules from Credentials[0m.
[   60.729037] i2c_dev: i2c /dev entries driver
[   60.751852] systemd[1]: Mounted Kernel Configuration File System.
[[0;32m  OK  [0m] Mounted [0;1;39mKernel Configuration File System[0m.
[   60.816293] systemd[1]: Finished Load Kernel Modules.
[[0;32m  OK  [0m] Finished [0;1;39mLoad Kernel Modules[0m.
[   60.899310] systemd[1]: Mounting FUSE Control File System...
         Mounting [0;1;39mFUSE Control File System[0m...
[   61.054486] systemd[1]: Starting Apply Kernel Variables...
         Starting [0;1;39mApply Kernel Variables[0m...
[   61.205518] systemd[1]: Starting Create Static Device Nodes in /dev gracefully...
         Starting [0;1;39mCreate Static Device Nodes in /dev gracefully[0m...
[   61.346096] systemd-journald[334]: Collecting audit messages is disabled.
[   61.430387] EXT4-fs (vda2): re-mounted ba0626b0-4c41-42b7-907c-758e05961070.
[   61.606484] systemd[1]: Finished Remount Root and Kernel File Systems.
[[0;32m  OK  [0m] Finished [0;1;39mRemount Root and Kernel File Systems[0m.
[   61.664141] systemd[1]: Rebuild Hardware Database skipped, no trigger condition checks were met.
[   61.794932] systemd[1]: Starting Load/Save OS Random Seed...
         Starting [0;1;39mLoad/Save OS Random Seed[0m...
[   61.808324] systemd[1]: TPM SRK Setup skipped, unmet condition check ConditionSecurity=measured-uki
[   61.815394] systemd[1]: TPM PCR NvPCR Initialization Separator skipped, unmet condition check ConditionSecurity=measured-uki
[   61.824520] systemd[1]: Reached target Local Encrypted Volumes.
[[0;32m  OK  [0m] Reached target [0;1;39mLocal Encrypted Volumes[0m.
[   61.842371] systemd[1]: TPM NvPCR Product ID Measurement skipped, unmet condition check ConditionSecurity=measured-uki
[   61.862357] systemd[1]: Started Journal Service.
[[0;32m  OK  [0m] Started [0;1;39mJournal Service[0m.
[[0;32m  OK  [0m] Finished [0;1;39mApply Kernel Variables[0m.
[[0;32m  OK  [0m] Mounted [0;1;39mFUSE Control File System[0m.
         Starting [0;1;39mFlush Journal to Persistent Storage[0m...
         Starting [0;1;39mUser Database Manager[0m...
[[0;32m  OK  [0m] Finished [0;1;39mLoad/Save OS Random Seed[0m.
[   63.850478] systemd-journald[334]: Received client request to flush runtime journal.
         Mounting [0;1;39mArbitrary Executable File Formats File System[0m...
[[0;32m  OK  [0m] Finished [0;1;39mFlush Journal to Persistent Storage[0m.
[[0;32m  OK  [0m] Mounted [0;1;39mArbitrary Executable File Formats File System[0m.
[[0;32m  OK  [0m] Started [0;1;39mUser Database Manager[0m.
[[0;32m  OK  [0m] Finished [0;1;39mCreate Static Device Nodes in /dev gracefully[0m.
         Starting [0;1;39mCreate System Users[0m...
[[0;32m  OK  [0m] Finished [0;1;39mCreate System Users[0m.
         Starting [0;1;39mJournal Log Access Socket[0m...
         Starting [0;1;39mNetwork Name Resolution[0m...
         Starting [0;1;39mCreate Static Device Nodes in /dev[0m...
[[0;32m  OK  [0m] Listening on [0;1;39mJournal Log Access Socket[0m.
[[0;32m  OK  [0m] Finished [0;1;39mCreate Static Device Nodes in /dev[0m.
[[0;32m  OK  [0m] Reached target [0;1;39mPreparation for Local File Systems[0m.
[[0;32m  OK  [0m] Reached target [0;1;39mLocal File Systems[0m.
[[0;32m  OK  [0m] Listening on [0;1;39mBoot Loader Control Service Socket[0m.
[[0;32m  OK  [0m] Listening on [0;1;39mDisk Image Download Service Socket[0m.
[[0;32m  OK  [0m] Listening on [0;1;39mSystem Extension Image Management[0m.
         Starting [0;1;39mGrow Root File System[0m...
         Starting [0;1;39mCreate System Files and Directories[0m...
         Starting [0;1;39mRule-based Manager for Device Events and Files[0m...
         Starting [0;1;39mLoad JSON user/group Records from Credentials[0m...
[[0;32m  OK  [0m] Started [0;1;39mNetwork Name Resolution[0m.
[[0;32m  OK  [0m] Reached target [0;1;39mHost and Network Name Lookups[0m.
[   71.921415] EXT4-fs (vda2): resizing filesystem from 601369 to 667136 blocks
[   71.974464] EXT4-fs (vda2): resized filesystem to 667136
[[0;32m  OK  [0m] Finished [0;1;39mGrow Root File System[0m.
[[0;32m  OK  [0m] Finished [0;1;39mLoad JSON user/group Records from Credentials[0m.
[[0m[0;31m*     [0m] (1 of 5) A start job is running for…by-uuid/D1FE-0AA2 (18s / 1min 30s)
M[K[[0;1;31m*[0m[0;31m*    [0m] (1 of 5) A start job is running for…by-uuid/D1FE-0AA2 (18s / 1min 30s)
M[K[[0;31m*[0;1;31m*[0m[0;31m*   [0m] (1 of 5) A start job is running for…by-uuid/D1FE-0AA2 (18s / 1min 30s)
M[K[ [0;31m*[0;1;31m*[0m[0;31m*  [0m] (2 of 5) A start job is running for… All udev Devices (19s / no limit)
M[K[[0;32m  OK  [0m] Finished [0;1;39mColdplug All udev Devices[0m.
[K[[0;32m  OK  [0m] Started [0;1;39mRule-based Manager for Device Events and Files[0m.
         Starting [0;1;39mNetwork Management[0m...
[[0;32m  OK  [0m] Finished [0;1;39mCreate System Files and Directories[0m.
         Starting [0;1;39mRebuild Dynamic Linker Cache[0m...
         Starting [0;1;39mRebuild Journal Catalog[0m...
         Starting [0;1;39mRecord System Boot/Shutdown in UTMP[0m...
[[0;32m  OK  [0m] Finished [0;1;39mRecord System Boot/Shutdown in UTMP[0m.
[   79.334278] cfg80211: Loading compiled-in X.509 certificates for regulatory database
[[0;32m  OK  [0m] Finished [0;1;39mRebuild Journal Catalog[0m.
[   79.889450] Loaded X.509 cert 'sforshee: 00b28ddf47aef9cea7'
[   79.895919] Loaded X.509 cert 'wens: 61c038651aabdcf94bd0ac7ff06c7248db18c600'
[   79.912184] faux_driver regulatory: Direct firmware load for regulatory.db failed with error -2
[   79.914265] cfg80211: failed to load regulatory.db
[[0;32m  OK  [0m] Started [0;1;39mNetwork Management[0m.
[[0;32m  OK  [0m] Reached target [0;1;39mNetwork[0m.
         Starting [0;1;39mEnable Persistent Storage in systemd-networkd[0m...
[[0;32m  OK  [0m] Finished [0;1;39mEnable Persistent Storage in systemd-networkd[0m.
[[0;32m  OK  [0m] Finished [0;1;39mRebuild Dynamic Linker Cache[0m.
         Starting [0;1;39mUpdate is Completed[0m...
[[0;32m  OK  [0m] Finished [0;1;39mUpdate is Completed[0m.
[[0;32m  OK  [0m] Reached target [0;1;39mSystem Initialization[0m.
[[0;32m  OK  [0m] Started [0;1;39mRefresh existing PGP keys of archlinux-keyring regularly[0m.
[[0;32m  OK  [0m] Started [0;1;39mDaily rotation of log files[0m.
[[0;32m  OK  [0m] Started [0;1;39mDaily man-db regeneration[0m.
[[0;32m  OK  [0m] Started [0;1;39mDaily verification of password and group files[0m.
[[0;32m  OK  [0m] Started [0;1;39mDaily Cleanup of Temporary Directories[0m.
[[0;32m  OK  [0m] Reached target [0;1;39mTimer Units[0m.
[[0;32m  OK  [0m] Listening on [0;1;39mD-Bus System Message Bus Socket[0m.
[[0;32m  OK  [0m] Listening on [0;1;39mGnuPG network certifi…ent daemon for /etc/pacman.d/gnupg[0m.
[[0;32m  OK  [0m] Listening on [0;1;39mGnuPG cryptographic a… browsers) for /etc/pacman.d/gnupg[0m.
[[0;32m  OK  [0m] Listening on [0;1;39mGnuPG cryptographic a…estricted) for /etc/pacman.d/gnupg[0m.
[[0;32m  OK  [0m] Listening on [0;1;39mGnuPG cryptographic a…emulation) for /etc/pacman.d/gnupg[0m.
[[0;32m  OK  [0m] Listening on [0;1;39mGnuPG cryptographic a…rase cache for /etc/pacman.d/gnupg[0m.
[[0;32m  OK  [0m] Listening on [0;1;39mGnuPG public key mana…nt service for /etc/pacman.d/gnupg[0m.
[[0;32m  OK  [0m] Listening on [0;1;39mAuthorization Manager Agent Helper[0m.
[[0;32m  OK  [0m] Listening on [0;1;39mOpenSSH Server Socket…temd-ssh-generator, AF_UNIX Local)[0m.
[[0;32m  OK  [0m] Listening on [0;1;39mHostname Service Socket[0m.
[[0;32m  OK  [0m] Listening on [0;1;39mUser Login Management Varlink Socket[0m.
[[0;32m  OK  [0m] Listening on [0;1;39mVirtual Machine and C…tainer Registration Service Socket[0m.
[[0;32m  OK  [0m] Reached target [0;1;39mSocket Units[0m.
         Starting [0;1;39mD-Bus System Message Bus[0m...
[[0;32m  OK  [0m] Started [0;1;39mD-Bus System Message Bus[0m.
[[0;32m  OK  [0m] Reached target [0;1;39mBasic System[0m.
         Starting [0;1;39mFail2Ban Service[0m...
         Starting [0;1;39mComplete first boot provisioning[0m...
         Starting [0;1;39mSSH Key Generation[0m...
         Starting [0;1;39mUser Login Management[0m...
         Starting [0;1;39mPermit User Sessions[0m...
[[0;32m  OK  [0m] Started [0;1;39mFail2Ban Service[0m.
[[0;32m  OK  [0m] Finished [0;1;39mPermit User Sessions[0m.
[[0;32m  OK  [0m] Started [0;1;39mGetty on tty1[0m.
[[0;32m  OK  [0m] Started [0;1;39mSerial Getty on ttyAMA0[0m.
[[0;32m  OK  [0m] Reached target [0;1;39mLogin Prompts[0m.
[[0;32m  OK  [0m] Finished [0;1;39mComplete first boot provisioning[0m.
[[0;32m  OK  [0m] Started [0;1;39mUser Login Management[0m.
         Mounting [0;1;39m/boot[0m...
[!p]104\[0m[?7h[1G[0J[6n[32766;32766H[6n[!p]104\[0m[?7h[1G[0J[6n[32766;32766H[6n]3008;start=4a414d78cd13497a9d9be3315e60a88f;user=root;hostname=archlinux;machineid=9489ad9535a944f19a2b4adf27a0c596;bootid=71765029b3924f0081c3fc0eb5eb37e6;pid=446;pidfdid=4224;comm=(agetty);servicename=serial-getty@ttyAMA0.service;invocationid=3ca5714b204a49e3a6da64d948effe4f;type=service\P+q6E616D65\
Arch Linux ARM 7.0.9-1-aarch64-ARCH (ttyAMA0)

archlinux login: [  109.750354] physmap-flash 0.flash: physmap platform flash device: [mem 0x00000000-0x03ffffff]
[  110.085098] 0.flash: Found 2 x16 devices at 0x0 in 32-bit bank. Manufacturer ID 0x000000 Chip ID 0x000000
[  110.322145] Intel/Sharp Extended Query Table at 0x0031
[  110.359305] Using buffer write method
[  110.369399] physmap-flash 0.flash: physmap platform flash device: [mem 0x04000000-0x07ffffff]
[  110.379075] 0.flash: Found 2 x16 devices at 0x0 in 32-bit bank. Manufacturer ID 0x000000 Chip ID 0x000000
[  110.379556] Intel/Sharp Extended Query Table at 0x0031
[  110.381304] Using buffer write method
[  110.382928] Concatenating MTD devices:
[  110.383016] (0): "0.flash"
[  110.383081] (1): "0.flash"
[  110.383105] into device "0.flash"
[  111.177318] input: gpio-keys as /devices/platform/gpio-keys/input/input0
[  112.559930] virtio_net virtio0 enp0s1: renamed from eth0
qemu-system-aarch64: terminating on signal 15 from pid 690207 (pkill)
