[sudo] password for dryamov: [0;90m[2026-05-25 19:04:29][0m [0;34m[1m[INFO][0m Starting QEMU. SSH will be forwarded from localhost:2222 to guest port 22.
[    0.000000] Booting Linux on physical CPU 0x0000000000 [0x410fd083]
[    0.000000] Linux version 7.0.9-1-aarch64-ARCH (builduser@arch-nspawn-135112) (aarch64-unknown-linux-gnu-gcc (GCC) 16.1.1 20260430, GNU ld (GNU Binutils) 2.46.0) #1 SMP PREEMPT_DYNAMIC Mon May 18 12:59:58 UTC 2026
[    0.000000] random: crng init done
[    0.000000] Machine model: linux,dummy-virt
[    0.000000] efi: UEFI not found.
[    0.000000] OF: reserved mem: Reserved memory: No reserved-memory node in the DT
[    0.000000] cma: Reserved 64 MiB at 0x00000000bbc00000
[    0.000000] psci: probing for conduit method from DT.
[    0.000000] psci: PSCIv1.1 detected in firmware.
[    0.000000] psci: Using standard PSCI v0.2 function IDs
[    0.000000] psci: Trusted OS migration not required
[    0.000000] psci: SMC Calling Convention v1.0
[    0.000000] Zone ranges:
[    0.000000]   DMA      [mem 0x0000000040000000-0x00000000bfffffff]
[    0.000000]   DMA32    empty
[    0.000000]   Normal   empty
[    0.000000] Movable zone start for each node
[    0.000000] Early memory node ranges
[    0.000000]   node   0: [mem 0x0000000040000000-0x00000000bfffffff]
[    0.000000] Initmem setup node 0 [mem 0x0000000040000000-0x00000000bfffffff]
[    0.000000] percpu: Embedded 25 pages/cpu s62872 r8192 d31336 u102400
[    0.000000] Detected PIPT I-cache on CPU0
[    0.000000] CPU features: detected: Spectre-v2
[    0.000000] CPU features: detected: Spectre-v4
[    0.000000] CPU features: detected: Spectre-BHB
[    0.000000] CPU features: detected: ARM erratum 1742098
[    0.000000] CPU features: detected: ARM errata 1165522, 1319367, or 1530923
[    0.000000] alternatives: applying boot alternatives
[    0.000000] Kernel command line: root=/dev/vda2 rw rootwait console=ttyAMA0
[    0.000000] printk: log buffer data + meta data: 262144 + 1114112 = 1376256 bytes
[    0.000000] Dentry cache hash table entries: 262144 (order: 9, 2097152 bytes, linear)
[    0.000000] Inode-cache hash table entries: 131072 (order: 8, 1048576 bytes, linear)
[    0.000000] software IO TLB: SWIOTLB bounce buffer size adjusted to 2MB
[    0.000000] software IO TLB: area num 4.
[    0.000000] software IO TLB: mapped [mem 0x00000000b9600000-0x00000000b9800000] (2MB)
[    0.000000] Built 1 zonelists, mobility grouping on.  Total pages: 524288
[    0.000000] mem auto-init: stack:off, heap alloc:off, heap free:off
[    0.000000] SLUB: HWalign=64, Order=0-3, MinObjects=0, CPUs=4, Nodes=1
[    0.000000] Dynamic Preempt: full
[    0.000000] rcu: Preemptible hierarchical RCU implementation.
[    0.000000] rcu: 	RCU restricting CPUs from NR_CPUS=64 to nr_cpu_ids=4.
[    0.000000] 	Trampoline variant of Tasks RCU enabled.
[    0.000000] 	Tracing variant of Tasks RCU enabled.
[    0.000000] rcu: RCU calculated value of scheduler-enlistment delay is 100 jiffies.
[    0.000000] rcu: Adjusting geometry for rcu_fanout_leaf=16, nr_cpu_ids=4
[    0.000000] RCU Tasks: Setting shift to 2 and lim to 1 rcu_task_cb_adjust=1 rcu_task_cpu_ids=4.
[    0.000000] NR_IRQS: 64, nr_irqs: 64, preallocated irqs: 0
[    0.000000] Root IRQ handler: gic_handle_irq
[    0.000000] GICv2m: range[mem 0x08020000-0x08020fff], SPI[80:143]
[    0.000000] rcu: srcu_init: Setting srcu_struct sizes based on contention.
[    0.000000] arch_timer: cp15 timer running at 62.50MHz (virt).
[    0.000000] clocksource: arch_sys_counter: mask: 0x1ffffffffffffff max_cycles: 0x1cd42e208c, max_idle_ns: 881590405314 ns
[    0.000098] sched_clock: 57 bits at 63MHz, resolution 16ns, wraps every 4398046511096ns
[    0.015048] Console: colour dummy device 80x25
[    0.018217] Calibrating delay loop (skipped), value calculated using timer frequency.. 125.00 BogoMIPS (lpj=62500)
[    0.018398] pid_max: default: 32768 minimum: 301
[    0.023855] Yama: becoming mindful.
[    0.024831] landlock: Up and running.
[    0.028239] Mount-cache hash table entries: 4096 (order: 3, 32768 bytes, linear)
[    0.028314] Mountpoint-cache hash table entries: 4096 (order: 3, 32768 bytes, linear)
[    0.043938] VFS: Finished mounting rootfs on nullfs
[    0.081924] cacheinfo: Unable to detect cache hierarchy for CPU 0
[    0.102726] rcu: Hierarchical SRCU implementation.
[    0.102787] rcu: 	Max phase no-delay instances is 400.
[    0.105276] Timer migration: 1 hierarchy levels; 8 children per group; 1 crossnode level
[    0.115257] EFI services will not be available.
[    0.118251] smp: Bringing up secondary CPUs ...
[    0.128331] Detected PIPT I-cache on CPU1
[    0.130407] CPU1: Booted secondary processor 0x0000000001 [0x410fd083]
[    0.145522] Detected PIPT I-cache on CPU2
[    0.146162] CPU2: Booted secondary processor 0x0000000002 [0x410fd083]
[    0.184041] Detected PIPT I-cache on CPU3
[    0.185115] CPU3: Booted secondary processor 0x0000000003 [0x410fd083]
[    0.187298] smp: Brought up 1 node, 4 CPUs
[    0.187401] SMP: Total of 4 processors activated.
[    0.187490] CPU: All CPU(s) started at EL1
[    0.188385] CPU features: detected: 32-bit EL0 Support
[    0.188435] CPU features: detected: 32-bit EL1 Support
[    0.188567] CPU features: detected: CRC32 instructions
[    0.189239] CPU features: detected: PMUv3
[    0.288493] alternatives: applying system-wide alternatives
[    0.400962] Memory: 1927032K/2097152K available (21952K kernel code, 4794K rwdata, 12576K rodata, 2752K init, 720K bss, 101268K reserved, 65536K cma-reserved)
[    0.494744] devtmpfs: initialized
[    0.568556] clocksource: jiffies: mask: 0xffffffff max_cycles: 0xffffffff, max_idle_ns: 1911260446275000 ns
[    0.571207] posixtimers hash table entries: 2048 (order: 3, 32768 bytes, linear)
[    0.572926] futex hash table entries: 1024 (65536 bytes on 1 NUMA nodes, total 64 KiB, linear).
[    0.578611] 22016 pages in range for non-PLT usage
[    0.578715] 513536 pages in range for PLT usage
[    0.609382] DMI not present or invalid.
[    0.664894] NET: Registered PF_NETLINK/PF_ROUTE protocol family
[    0.698281] DMA: preallocated 256 KiB GFP_KERNEL|GFP_DMA pool for atomic allocations
[    0.699049] audit: initializing netlink subsys (disabled)
[    0.703409] audit: type=2000 audit(0.450:1): state=initialized audit_enabled=0 res=1
[    0.715934] thermal_sys: Registered thermal governor 'fair_share'
[    0.716003] thermal_sys: Registered thermal governor 'bang_bang'
[    0.716024] thermal_sys: Registered thermal governor 'step_wise'
[    0.716033] thermal_sys: Registered thermal governor 'user_space'
[    0.716040] thermal_sys: Registered thermal governor 'power_allocator'
[    0.717358] cpuidle: using governor ladder
[    0.718223] cpuidle: using governor menu
[    0.721463] hw-breakpoint: found 6 breakpoint and 4 watchpoint registers.
[    0.723734] ASID allocator initialised with 65536 entries
[    0.734806] Serial: AMBA PL011 UART driver
[    0.854969] 9000000.pl011: ttyAMA0 at MMIO 0x9000000 (irq = 13, base_baud = 0) is a PL011 rev1
[    0.870227] printk: console [ttyAMA0] enabled
[    0.941574] HugeTLB: registered 1.00 GiB page size, pre-allocated 0 pages
[    0.941657] HugeTLB: 0 KiB vmemmap can be freed for a 1.00 GiB page
[    0.941699] HugeTLB: registered 32.0 MiB page size, pre-allocated 0 pages
[    0.941791] HugeTLB: 0 KiB vmemmap can be freed for a 32.0 MiB page
[    0.941829] HugeTLB: registered 2.00 MiB page size, pre-allocated 0 pages
[    0.941859] HugeTLB: 0 KiB vmemmap can be freed for a 2.00 MiB page
[    0.941877] HugeTLB: registered 64.0 KiB page size, pre-allocated 0 pages
[    0.941889] HugeTLB: 0 KiB vmemmap can be freed for a 64.0 KiB page
[    0.988026] raid6: neonx8   gen()  1527 MB/s
[    1.009876] raid6: neonx4   gen()  1855 MB/s
[    1.031019] raid6: neonx2   gen()  1404 MB/s
[    1.051707] raid6: neonx1   gen()   865 MB/s
[    1.073040] raid6: int64x8  gen()  1170 MB/s
[    1.093758] raid6: int64x4  gen()  1763 MB/s
[    1.115439] raid6: int64x2  gen()  1639 MB/s
[    1.137274] raid6: int64x1  gen()  1318 MB/s
[    1.137401] raid6: using algorithm neonx4 gen() 1855 MB/s
[    1.158135] raid6: .... xor() 828 MB/s, rmw enabled
[    1.158363] raid6: using neon recovery algorithm
[    1.164546] ACPI: Interpreter disabled.
[    1.178406] iommu: Default domain type: Translated
[    1.178992] iommu: DMA domain TLB invalidation policy: strict mode
[    1.192876] SCSI subsystem initialized
[    1.200490] usbcore: registered new interface driver usbfs
[    1.201700] usbcore: registered new interface driver hub
[    1.202158] usbcore: registered new device driver usb
[    1.207264] pps_core: LinuxPPS API ver. 1 registered
[    1.207433] pps_core: Software ver. 5.3.6 - Copyright 2005-2007 Rodolfo Giometti <giometti@linux.it>
[    1.208582] PTP clock support registered
[    1.213283] EDAC MC: Ver: 3.0.0
[    1.218310] scmi_core: SCMI protocol bus registered
[    1.228046] FPGA manager framework
[    1.231949] Advanced Linux Sound Architecture Driver Initialized.
[    1.267267] NetLabel: Initializing
[    1.267448] NetLabel:  domain hash size = 128
[    1.267530] NetLabel:  protocols = UNLABELED CIPSOv4 CALIPSO
[    1.270817] NetLabel:  unlabeled traffic allowed by default
[    1.275495] vgaarb: loaded
[    1.284713] clocksource: Switched to clocksource arch_sys_counter
[    1.301173] VFS: Disk quotas dquot_6.6.0
[    1.301923] VFS: Dquot-cache hash table entries: 512 (order 0, 4096 bytes)
[    1.352706] pnp: PnP ACPI: disabled
[    1.564835] NET: Registered PF_INET protocol family
[    1.568247] IP idents hash table entries: 32768 (order: 6, 262144 bytes, linear)
[    1.583865] tcp_listen_portaddr_hash hash table entries: 1024 (order: 2, 16384 bytes, linear)
[    1.584133] Table-perturb hash table entries: 65536 (order: 6, 262144 bytes, linear)
[    1.584306] TCP established hash table entries: 16384 (order: 5, 131072 bytes, linear)
[    1.585365] TCP bind hash table entries: 16384 (order: 7, 524288 bytes, linear)
[    1.586889] TCP: Hash tables configured (established 16384 bind 16384)
[    1.591542] MPTCP token hash table entries: 2048 (order: 4, 49152 bytes, linear)
[    1.592441] UDP hash table entries: 1024 (order: 4, 65536 bytes, linear)
[    1.593420] UDP-Lite hash table entries: 1024 (order: 4, 65536 bytes, linear)
[    1.598408] NET: Registered PF_UNIX/PF_LOCAL protocol family
[    1.607115] RPC: Registered named UNIX socket transport module.
[    1.607293] RPC: Registered udp transport module.
[    1.607347] RPC: Registered tcp transport module.
[    1.607399] RPC: Registered tcp-with-tls transport module.
[    1.607443] RPC: Registered tcp NFSv4.1 backchannel transport module.
[    1.608013] PCI: CLS 0 bytes, default 64
[    1.614282] kvm [1]: HYP mode not available
[    1.626234] Trying to unpack rootfs image as initramfs...
[    1.638532] Initialise system trusted keyrings
[    1.644151] workingset: timestamp_bits=46 max_order=19 bucket_order=0
[    1.675903] NFS: Registering the id_resolver key type
[    1.677951] Key type id_resolver registered
[    1.678112] Key type id_legacy registered
[    1.679907] nfs4filelayout_init: NFSv4 File Layout Driver Registering...
[    1.681445] nfs4flexfilelayout_init: NFSv4 Flexfile Layout Driver Registering...
[    1.683150] ntfs3: Read-only LZX/Xpress compression included
[    1.687732] SGI XFS with ACLs, security attributes, quota, no debug enabled
[    1.732078] cryptd: max_cpu_qlen set to 1000
[    1.850572] NET: Registered PF_ALG protocol family
[    1.852478] xor: measuring software checksum speed
[    1.855229]    8regs           :  1301 MB/sec
[    1.858035]    32regs          :  1229 MB/sec
[    1.861861]    arm64_neon      :   880 MB/sec
[    1.862043] xor: using function: 8regs (1301 MB/sec)
[    1.862179] Key type asymmetric registered
[    1.862451] Asymmetric key parser 'x509' registered
[    1.864593] Block layer SCSI generic (bsg) driver version 0.4 loaded (major 240)
[    1.869455] io scheduler mq-deadline registered
[    1.870674] io scheduler kyber registered
[    1.872563] io scheduler bfq registered
[    1.988125] pl061_gpio 9030000.pl061: PL061 GPIO chip registered
[    2.006397] ledtrig-cpu: registered to indicate activity on CPUs
[    2.015997] pci-host-generic 4010000000.pcie: host bridge /pcie@10000000 ranges:
[    2.018929] pci-host-generic 4010000000.pcie:       IO 0x003eff0000..0x003effffff -> 0x0000000000
[    2.021176] pci-host-generic 4010000000.pcie:      MEM 0x0010000000..0x003efeffff -> 0x0010000000
[    2.021387] pci-host-generic 4010000000.pcie:      MEM 0x8000000000..0xffffffffff -> 0x8000000000
[    2.025243] pci-host-generic 4010000000.pcie: Memory resource size exceeds max for 32 bits
[    2.027892] pci-host-generic 4010000000.pcie: ECAM at [mem 0x4010000000-0x401fffffff] for [bus 00-ff]
[    2.033316] pci-host-generic 4010000000.pcie: PCI host bridge to bus 0000:00
[    2.034458] pci_bus 0000:00: root bus resource [bus 00-ff]
[    2.035047] pci_bus 0000:00: root bus resource [io  0x0000-0xffff]
[    2.035166] pci_bus 0000:00: root bus resource [mem 0x10000000-0x3efeffff]
[    2.035192] pci_bus 0000:00: root bus resource [mem 0x8000000000-0xffffffffff]
[    2.042414] pci 0000:00:00.0: [1b36:0008] type 00 class 0x060000 conventional PCI endpoint
[    2.064328] pci 0000:00:01.0: [1af4:1000] type 00 class 0x020000 conventional PCI endpoint
[    2.065552] pci 0000:00:01.0: BAR 0 [io  0x0000-0x001f]
[    2.066347] pci 0000:00:01.0: BAR 1 [mem 0x00000000-0x00000fff]
[    2.067894] pci 0000:00:01.0: BAR 4 [mem 0x00000000-0x00003fff 64bit pref]
[    2.068171] pci 0000:00:01.0: ROM [mem 0x00000000-0x0007ffff pref]
[    2.071821] pci 0000:00:02.0: [1af4:1001] type 00 class 0x010000 conventional PCI endpoint
[    2.073197] pci 0000:00:02.0: BAR 0 [io  0x0000-0x007f]
[    2.073590] pci 0000:00:02.0: BAR 1 [mem 0x00000000-0x00000fff]
[    2.074095] pci 0000:00:02.0: BAR 4 [mem 0x00000000-0x00003fff 64bit pref]
[    2.083136] pci 0000:00:01.0: ROM [mem 0x10000000-0x1007ffff pref]: assigned
[    2.084532] pci 0000:00:01.0: BAR 4 [mem 0x8000000000-0x8000003fff 64bit pref]: assigned
[    2.086428] pci 0000:00:02.0: BAR 4 [mem 0x8000004000-0x8000007fff 64bit pref]: assigned
[    2.086750] pci 0000:00:01.0: BAR 1 [mem 0x10080000-0x10080fff]: assigned
[    2.086956] pci 0000:00:02.0: BAR 1 [mem 0x10081000-0x10081fff]: assigned
[    2.087055] pci 0000:00:02.0: BAR 0 [io  0x1000-0x107f]: assigned
[    2.088305] pci 0000:00:01.0: BAR 0 [io  0x1080-0x109f]: assigned
[    2.092089] pci_bus 0000:00: resource 4 [io  0x0000-0xffff]
[    2.092248] pci_bus 0000:00: resource 5 [mem 0x10000000-0x3efeffff]
[    2.092309] pci_bus 0000:00: resource 6 [mem 0x8000000000-0xffffffffff]
[    2.110070] IPMI message handler: version 39.2
[    2.348925] virtio-pci 0000:00:01.0: enabling device (0000 -> 0003)
[    2.379528] virtio-pci 0000:00:02.0: enabling device (0000 -> 0003)
[    2.427116] Serial: 8250/16550 driver, 4 ports, IRQ sharing enabled
[    2.471468] msm_serial: driver initialized
[    2.522520] virtio_blk virtio1: 4/0/0 default/read/poll queues
[    2.599892] virtio_blk virtio1: [vda] 5111808 512-byte logical blocks (2.62 GB/2.44 GiB)
[    2.662426]  vda: vda1 vda2
[    2.760146] usbcore: registered new interface driver uas
[    2.761216] usbcore: registered new interface driver usb-storage
[    2.761844] usbcore: registered new interface driver ums-alauda
[    2.762224] usbcore: registered new interface driver ums-cypress
[    2.762918] usbcore: registered new interface driver ums-datafab
[    2.763889] usbcore: registered new interface driver ums_eneub6250
[    2.764211] usbcore: registered new interface driver ums-freecom
[    2.764565] usbcore: registered new interface driver ums-isd200
[    2.765359] usbcore: registered new interface driver ums-jumpshot
[    2.766519] usbcore: registered new interface driver ums-karma
[    2.767405] usbcore: registered new interface driver ums-onetouch
[    2.768264] usbcore: registered new interface driver ums-realtek
[    2.768560] usbcore: registered new interface driver ums-sddr09
[    2.769391] usbcore: registered new interface driver ums-sddr55
[    2.770180] usbcore: registered new interface driver ums-usbat
[    2.773616] usbcore: registered new interface driver usbserial_generic
[    2.777160] usbserial: USB Serial support registered for generic
[    2.795508] mousedev: PS/2 mouse device common for all mice
[    2.840224] rtc-pl031 9010000.pl031: registered as rtc0
[    2.843513] rtc-pl031 9010000.pl031: setting system clock to 2026-05-25T16:04:32 UTC (1779725072)
[    2.876309] device-mapper: uevent: version 1.0.3
[    2.881006] device-mapper: ioctl: 4.50.0-ioctl (2025-04-28) initialised: dm-devel@lists.linux.dev
[    2.904386] sdhci: Secure Digital Host Controller Interface driver
[    2.904536] sdhci: Copyright(c) Pierre Ossman
[    2.911092] Synopsys Designware Multimedia Card Interface Driver
[    2.919929] sdhci-pltfm: SDHCI platform and OF driver helper
[    2.946338] hid: raw HID events driver (C) Jiri Kosina
[    2.948518] usbcore: registered new interface driver usbhid
[    2.948875] usbhid: USB HID core driver
[    2.984431] hw perfevents: enabled with armv8_pmuv3 PMU driver, 7 (0,8000003f) counters available
[    2.988462] watchdog: NMI not fully supported
[    2.988777] watchdog: Hard watchdog permanently disabled
[    3.033369] Initializing XFRM netlink socket
[    3.036116] NET: Registered PF_INET6 protocol family
[    3.102807] Segment Routing with IPv6
[    3.103409] In-situ OAM (IOAM) with IPv6
[    3.104874] mip6: Mobile IPv6
[    3.106318] NET: Registered PF_PACKET protocol family
[    3.110009] Key type dns_resolver registered
[    3.232218] registered taskstats version 1
[    3.240512] Loading compiled-in X.509 certificates
[    3.328410] debug_vm_pgtable: [debug_vm_pgtable         ]: Validating architecture page table helpers
[    3.343841] Key type .fscrypt registered
[    3.344032] Key type fscrypt-provisioning registered
[    3.365512] Btrfs loaded, zoned=yes, fsverity=no
[    3.381902] Key type encrypted registered
[    3.412902] clk: Disabling unused clocks
[    3.414289] PM: genpd: Disabling unused power domains
[    3.415006] ALSA device list:
[    3.415236]   No soundcards found.
[    3.662769] Freeing initrd memory: 14744K
[    3.824029] Freeing unused kernel memory: 2752K
[    3.826045] Run /init as init process
P+q6E616D65\[    4.670279] systemd[1]: Successfully made /usr/ read-only.
[18t[6n[32766;32766H[6n[!p]104\[0m[?7h[1G[0J[    5.413507] systemd[1]: systemd 260.1-2-arch running in system mode (+PAM +AUDIT -SELINUX +APPARMOR -IMA +IPE +SMACK +SECCOMP +GCRYPT +GNUTLS +OPENSSL +ACL +BLKID +CURL +ELFUTILS +FIDO2 +IDN2 +KMOD +LIBCRYPTSETUP +LIBCRYPTSETUP_PLUGINS +LIBFDISK +PCRE2 +PWQUALITY +P11KIT +QRENCODE +TPM2 +BZIP2 +LZ4 +XZ +ZLIB +ZSTD +BPF_FRAMEWORK -BTF +XKBCOMMON +UTMP +LIBARCHIVE)
[    5.417302] systemd[1]: Detected virtualization qemu.
[    5.418893] systemd[1]: Detected architecture arm64.
[    5.419112] systemd[1]: Running in initrd.
[0;1;39mBooting initrd of [0m[38;2;23;147;209mArch Linux ARM[0m[0;1;39m.[0m
[    5.447589] systemd[1]: Initializing machine ID from random generator.
[    5.455735] systemd[1]: No hostname configured, using default hostname.
[    5.459470] systemd[1]: Hostname set to <archlinux>.
]3008;start=6b0040a477c74001b75d068c73bcad6a;user=root;hostname=archlinux;machineid=98ea72aef5a94bf099abc35d93aaf0fb;bootid=bda20f7810cc49b8ad0b7c714d09e369;pid=1;pidfdid=1;comm=systemd;type=boot\[    6.658930] systemd[1]: Queued start job for default target Initrd Default Target.
[    9.800428] systemd[1]: Expecting device /dev/vda2...
         Expecting device [0;1;39m/dev/vda2[0m...
[    9.810054] systemd[1]: Reached target Path Units.
[[0;32m  OK  [0m] Reached target [0;1;39mPath Units[0m.
[    9.814179] systemd[1]: Reached target Slice Units.
[[0;32m  OK  [0m] Reached target [0;1;39mSlice Units[0m.
[    9.817137] systemd[1]: Reached target Swaps.
[[0;32m  OK  [0m] Reached target [0;1;39mSwaps[0m.
[    9.819391] systemd[1]: Reached target Timer Units.
[[0;32m  OK  [0m] Reached target [0;1;39mTimer Units[0m.
[    9.830527] systemd[1]: Listening on Journal Socket (/dev/log).
[[0;32m  OK  [0m] Listening on [0;1;39mJournal Socket (/dev/log)[0m.
[    9.835908] systemd[1]: Listening on Journal Sockets.
[[0;32m  OK  [0m] Listening on [0;1;39mJournal Sockets[0m.
[    9.841860] systemd[1]: Listening on udev Control Socket.
[[0;32m  OK  [0m] Listening on [0;1;39mudev Control Socket[0m.
[    9.846582] systemd[1]: Listening on udev Kernel Socket.
[[0;32m  OK  [0m] Listening on [0;1;39mudev Kernel Socket[0m.
[    9.849089] systemd[1]: Reached target Socket Units.
[[0;32m  OK  [0m] Reached target [0;1;39mSocket Units[0m.
[    9.853277] systemd[1]: Create List of Static Device Nodes skipped, unmet condition check ConditionFileNotEmpty=/lib/modules/7.0.9-1-aarch64-ARCH/modules.devname
[    9.857318] systemd[1]: Early Battery Level Check skipped, unmet condition check ConditionDirectoryNotEmpty=/sys/class/power_supply
[    9.859124] systemd[1]: Display Boot-Time Emergency Messages In Full Screen skipped, unmet condition check ConditionVirtualization=no
[   10.160163] systemd[1]: Starting Journal Service...
         Starting [0;1;39mJournal Service[0m...
[   10.326229] systemd[1]: Starting Load Kernel Modules...
         Starting [0;1;39mLoad Kernel Modules[0m...
[   10.332085] systemd[1]: TPM PCR Barrier (initrd) skipped, unmet condition check ConditionSecurity=measured-uki
[   10.540543] systemd[1]: Starting Create Static Device Nodes in /dev...
         Starting [0;1;39mCreate Static Device Nodes in /dev[0m...
[   10.785292] systemd[1]: Starting Coldplug All udev Devices...
         Starting [0;1;39mColdplug All udev Devices[0m...
[   11.298245] systemd-journald[120]: Collecting audit messages is disabled.
[   11.662078] systemd[1]: Finished Load Kernel Modules.
[[0;32m  OK  [0m] Finished [0;1;39mLoad Kernel Modules[0m.
[   11.891077] systemd[1]: Finished Create Static Device Nodes in /dev.
[[0;32m  OK  [0m] Finished [0;1;39mCreate Static Device Nodes in /dev[0m.
[   11.911148] systemd[1]: Reached target Preparation for Local File Systems.
[[0;32m  OK  [0m] Reached target [0;1;39mPreparation for Local File Systems[0m.
[   11.916237] systemd[1]: Reached target Local File Systems.
[[0;32m  OK  [0m] Reached target [0;1;39mLocal File Systems[0m.
[   12.113965] systemd[1]: Starting Rule-based Manager for Device Events and Files...
         Starting [0;1;39mRule-based Manager for Device Events and Files[0m...
[   12.255312] systemd[1]: Started Journal Service.
[[0;32m  OK  [0m] Started [0;1;39mJournal Service[0m.
         Starting [0;1;39mCreate System Files and Directories[0m...
[[0;32m  OK  [0m] Finished [0;1;39mCreate System Files and Directories[0m.
[[0;32m  OK  [0m] Started [0;1;39mRule-based Manager for Device Events and Files[0m.
[[0m[0;31m*     [0m] (1 of 2) A start job is running for /dev/vda2 (9s / 1min 33s)
M[K[[0;1;31m*[0m[0;31m*    [0m] (1 of 2) A start job is running for /dev/vda2 (9s / 1min 33s)
M[K[[0;31m*[0;1;31m*[0m[0;31m*   [0m] (1 of 2) A start job is running for /dev/vda2 (10s / 1min 33s)
M[K[ [0;31m*[0;1;31m*[0m[0;31m*  [0m] (2 of 2) A start job is running for… All udev Devices (10s / no limit)
M[K[  [0;31m*[0;1;31m*[0m[0;31m* [0m] (2 of 2) A start job is running for… All udev Devices (11s / no limit)
M[K[   [0;31m*[0;1;31m*[0m[0;31m*[0m] (2 of 2) A start job is running for… All udev Devices (11s / no limit)
M[K[    [0;31m*[0;1;31m*[0m] (1 of 2) A start job is running for /dev/vda2 (12s / 1min 33s)
M[K[     [0;31m*[0m] (1 of 2) A start job is running for /dev/vda2 (12s / 1min 33s)
M[K[    [0;31m*[0;1;31m*[0m] (1 of 2) A start job is running for /dev/vda2 (13s / 1min 33s)
M[K[   [0;31m*[0;1;31m*[0m[0;31m*[0m] (2 of 2) A start job is running for… All udev Devices (13s / no limit)
M[K[  [0;31m*[0;1;31m*[0m[0;31m* [0m] (2 of 2) A start job is running for… All udev Devices (14s / no limit)
M[K[[0;32m  OK  [0m] Finished [0;1;39mColdplug All udev Devices[0m.
[K[[0;32m  OK  [0m] Reached target [0;1;39mSystem Initialization[0m.
[[0;32m  OK  [0m] Reached target [0;1;39mBasic System[0m.
[ [0;31m*[0;1;31m*[0m[0;31m*  [0m] A start job is running for /dev/vda2 (16s / 1min 33s)
M[K[[0;31m*[0;1;31m*[0m[0;31m*   [0m] A start job is running for /dev/vda2 (17s / 1min 33s)
M[K[[0;1;31m*[0m[0;31m*    [0m] A start job is running for /dev/vda2 (17s / 1min 33s)
M[K[[0m[0;31m*     [0m] A start job is running for /dev/vda2 (18s / 1min 33s)
M[K[[0;32m  OK  [0m] Found device [0;1;39m/dev/vda2[0m.
[K[[0;32m  OK  [0m] Reached target [0;1;39mInitrd Root Device[0m.
         Starting [0;1;39mFile System Check on /dev/vda2[0m...
[[0;32m  OK  [0m] Finished [0;1;39mFile System Check on /dev/vda2[0m.
         Mounting [0;1;39m/sysroot[0m...
[   28.801045] EXT4-fs (vda2): mounted filesystem aa76063c-b520-41c2-9c59-dc0a60ea02fa r/w with ordered data mode. Quota mode: none.
[[0;32m  OK  [0m] Mounted [0;1;39m/sysroot[0m.
[[0;32m  OK  [0m] Reached target [0;1;39mInitrd Root File System[0m.
         Starting [0;1;39mMountpoints Configured in the Real Root[0m...
[[0;32m  OK  [0m] Finished [0;1;39mMountpoints Configured in the Real Root[0m.
[[0;32m  OK  [0m] Reached target [0;1;39mInitrd File Systems[0m.
[[0;32m  OK  [0m] Reached target [0;1;39mInitrd Default Target[0m.
         Starting [0;1;39mCleaning Up and Shutting Down Daemons[0m...
         Starting [0;1;39mVirtual Console Setup[0m...
[[0;32m  OK  [0m] Stopped target [0;1;39mInitrd Default Target[0m.
[[0;32m  OK  [0m] Stopped target [0;1;39mBasic System[0m.
[[0;32m  OK  [0m] Stopped target [0;1;39mInitrd Root Device[0m.
[[0;32m  OK  [0m] Stopped target [0;1;39mPath Units[0m.
[[0;32m  OK  [0m] Stopped target [0;1;39mSlice Units[0m.
[[0;32m  OK  [0m] Stopped target [0;1;39mSocket Units[0m.
[[0;32m  OK  [0m] Stopped target [0;1;39mSystem Initialization[0m.
[[0;32m  OK  [0m] Stopped target [0;1;39mSwaps[0m.
[[0;32m  OK  [0m] Stopped target [0;1;39mTimer Units[0m.
[[0;32m  OK  [0m] Stopped [0;1;39mLoad Kernel Modules[0m.
[[0;32m  OK  [0m] Stopped [0;1;39mCreate System Files and Directories[0m.
[[0;32m  OK  [0m] Stopped target [0;1;39mLocal File Systems[0m.
[[0;32m  OK  [0m] Stopped target [0;1;39mPreparation for Local File Systems[0m.
[[0;32m  OK  [0m] Stopped [0;1;39mColdplug All udev Devices[0m.
         Stopping [0;1;39mRule-based Manager for Device Events and Files[0m...
[[0;32m  OK  [0m] Stopped [0;1;39mVirtual Console Setup[0m.
[[0;32m  OK  [0m] Stopped [0;1;39mRule-based Manager for Device Events and Files[0m.
[[0;32m  OK  [0m] Finished [0;1;39mCleaning Up and Shutting Down Daemons[0m.
[[0;32m  OK  [0m] Closed [0;1;39mudev Control Socket[0m.
         Starting [0;1;39mCleanup udev Database[0m...
[[0;32m  OK  [0m] Stopped [0;1;39mCreate Static Device Nodes in /dev[0m.
[[0;32m  OK  [0m] Finished [0;1;39mCleanup udev Database[0m.
[[0;32m  OK  [0m] Reached target [0;1;39mSwitch Root[0m.
         Starting [0;1;39mSwitch Root[0m...
[   44.132189] systemd-journald[120]: Received SIGTERM from PID 1 (systemd).
P+q6E616D65\[18t[6n[32766;32766H[6n[!p]104\[0m[?7h[1G[0J[   45.711271] systemd[1]: systemd 260.1-2-arch running in system mode (+PAM +AUDIT -SELINUX +APPARMOR -IMA +IPE +SMACK +SECCOMP +GCRYPT +GNUTLS +OPENSSL +ACL +BLKID +CURL +ELFUTILS +FIDO2 +IDN2 +KMOD +LIBCRYPTSETUP +LIBCRYPTSETUP_PLUGINS +LIBFDISK +PCRE2 +PWQUALITY +P11KIT +QRENCODE +TPM2 +BZIP2 +LZ4 +XZ +ZLIB +ZSTD +BPF_FRAMEWORK -BTF +XKBCOMMON +UTMP +LIBARCHIVE)
[   45.712185] systemd[1]: Detected virtualization qemu.
[   45.716079] systemd[1]: Detected architecture arm64.

[0;1;39mWelcome to [0m[38;2;23;147;209mArch Linux ARM[0m[0;1;39m![0m

[   45.793838] systemd[1]: Hostname set to <arch-rpi5>.
]3008;start=49034400dbd147ed88e716a261eb687d;user=root;hostname=arch-rpi5;machineid=065057c67c6e46b3aaaad72773bd27a9;bootid=bda20f7810cc49b8ad0b7c714d09e369;pid=1;pidfdid=1;comm=systemd;type=boot\[   47.076897] systemd[1]: bpf-restrict-fs: BPF LSM hook not enabled in the kernel, BPF LSM not supported.
[   49.087987] NET: Registered PF_VSOCK protocol family
[   51.808471] systemd[1]: initrd-switch-root.service: Deactivated successfully.
[   51.815884] systemd[1]: Stopped Switch Root.
[[0;32m  OK  [0m] Stopped [0;1;39mSwitch Root[0m.
[   51.852235] systemd[1]: systemd-journald.service: Scheduled restart job, restart counter is at 1.
[   51.873311] systemd[1]: Created slice Slice /system/dirmngr.
[[0;32m  OK  [0m] Created slice [0;1;39mSlice /system/dirmngr[0m.
[   51.886283] systemd[1]: Created slice Slice /system/getty.
[[0;32m  OK  [0m] Created slice [0;1;39mSlice /system/getty[0m.
[   51.898158] systemd[1]: Created slice Slice /system/gpg-agent.
[[0;32m  OK  [0m] Created slice [0;1;39mSlice /system/gpg-agent[0m.
[   51.909843] systemd[1]: Created slice Slice /system/gpg-agent-browser.
[[0;32m  OK  [0m] Created slice [0;1;39mSlice /system/gpg-agent-browser[0m.
[   51.923357] systemd[1]: Created slice Slice /system/gpg-agent-extra.
[[0;32m  OK  [0m] Created slice [0;1;39mSlice /system/gpg-agent-extra[0m.
[   51.938130] systemd[1]: Created slice Slice /system/gpg-agent-ssh.
[[0;32m  OK  [0m] Created slice [0;1;39mSlice /system/gpg-agent-ssh[0m.
[   51.950858] systemd[1]: Created slice Slice /system/keyboxd.
[[0;32m  OK  [0m] Created slice [0;1;39mSlice /system/keyboxd[0m.
[   51.962458] systemd[1]: Created slice Slice /system/modprobe.
[[0;32m  OK  [0m] Created slice [0;1;39mSlice /system/modprobe[0m.
[   51.974082] systemd[1]: Created slice Slice /system/serial-getty.
[[0;32m  OK  [0m] Created slice [0;1;39mSlice /system/serial-getty[0m.
[   51.984114] systemd[1]: Created slice User and Session Slice.
[[0;32m  OK  [0m] Created slice [0;1;39mUser and Session Slice[0m.
[   51.991274] systemd[1]: Started Dispatch Password Requests to Console Directory Watch.
[[0;32m  OK  [0m] Started [0;1;39mDispatch Password Requests to Console Directory Watch[0m.
[   51.996220] systemd[1]: Started Forward Password Requests to Wall Directory Watch.
[[0;32m  OK  [0m] Started [0;1;39mForward Password Requests to Wall Directory Watch[0m.
[   52.009999] systemd[1]: Set up automount Arbitrary Executable File Formats File System Automount Point.
[[0;32m  OK  [0m] Set up automount [0;1;39mArbitrary Executa…ormats File System Automount Point[0m.
[   52.015310] systemd[1]: Expecting device /dev/disk/by-uuid/DD46-287E...
         Expecting device [0;1;39m/dev/disk/by-uuid/DD46-287E[0m...
[   52.019157] systemd[1]: Expecting device /dev/ttyAMA0...
         Expecting device [0;1;39m/dev/ttyAMA0[0m...
[   52.021869] systemd[1]: Reached target Image Downloads.
[[0;32m  OK  [0m] Reached target [0;1;39mImage Downloads[0m.
[   52.024854] systemd[1]: Stopped target Switch Root.
[[0;32m  OK  [0m] Stopped target [0;1;39mSwitch Root[0m.
[   52.027174] systemd[1]: Stopped target Initrd File Systems.
[[0;32m  OK  [0m] Stopped target [0;1;39mInitrd File Systems[0m.
[   52.029431] systemd[1]: Stopped target Initrd Root File System.
[[0;32m  OK  [0m] Stopped target [0;1;39mInitrd Root File System[0m.
[   52.032206] systemd[1]: Reached target Local Integrity Protected Volumes.
[[0;32m  OK  [0m] Reached target [0;1;39mLocal Integrity Protected Volumes[0m.
[   52.035139] systemd[1]: Reached target Path Units.
[[0;32m  OK  [0m] Reached target [0;1;39mPath Units[0m.
[   52.037335] systemd[1]: Reached target Remote File Systems.
[[0;32m  OK  [0m] Reached target [0;1;39mRemote File Systems[0m.
[   52.039624] systemd[1]: Reached target Slice Units.
[[0;32m  OK  [0m] Reached target [0;1;39mSlice Units[0m.
[   52.042255] systemd[1]: Reached target Swaps.
[[0;32m  OK  [0m] Reached target [0;1;39mSwaps[0m.
[   52.044526] systemd[1]: Reached target Local Verity Protected Volumes.
[[0;32m  OK  [0m] Reached target [0;1;39mLocal Verity Protected Volumes[0m.
[   52.051812] systemd[1]: Listening on Device-mapper event daemon FIFOs.
[[0;32m  OK  [0m] Listening on [0;1;39mDevice-mapper event daemon FIFOs[0m.
[   52.076213] systemd[1]: Listening on Query the User Interactively for a Password.
[[0;32m  OK  [0m] Listening on [0;1;39mQuery the User Interactively for a Password[0m.
[   52.097453] systemd[1]: Listening on Process Core Dump Socket.
[[0;32m  OK  [0m] Listening on [0;1;39mProcess Core Dump Socket[0m.
[   52.112992] systemd[1]: Listening on Credential Encryption/Decryption.
[[0;32m  OK  [0m] Listening on [0;1;39mCredential Encryption/Decryption[0m.
[   52.134808] systemd[1]: Listening on Factory Reset Management.
[[0;32m  OK  [0m] Listening on [0;1;39mFactory Reset Management[0m.
[   52.157132] systemd[1]: Listening on Console Output Muting Service Socket.
[[0;32m  OK  [0m] Listening on [0;1;39mConsole Output Muting Service Socket[0m.
[   52.164407] systemd[1]: Listening on Network Management Resolve Hook Socket.
[[0;32m  OK  [0m] Listening on [0;1;39mNetwork Management Resolve Hook Socket[0m.
[   52.169871] systemd[1]: Listening on Network Management Metrics Varlink Socket.
[[0;32m  OK  [0m] Listening on [0;1;39mNetwork Management Metrics Varlink Socket[0m.
[   52.175304] systemd[1]: Listening on Network Management Varlink Socket.
[[0;32m  OK  [0m] Listening on [0;1;39mNetwork Management Varlink Socket[0m.
[   52.180930] systemd[1]: Listening on Network Management Netlink Socket.
[[0;32m  OK  [0m] Listening on [0;1;39mNetwork Management Netlink Socket[0m.
[   52.185298] systemd[1]: TPM PCR Measurements skipped, unmet condition check ConditionSecurity=measured-uki
[   52.187047] systemd[1]: Make TPM PCR Policy skipped, unmet condition check ConditionSecurity=measured-uki
[   52.201851] systemd[1]: Listening on Disk Repartitioning Service Socket.
[[0;32m  OK  [0m] Listening on [0;1;39mDisk Repartitioning Service Socket[0m.
[   52.206818] systemd[1]: Listening on Resolve Monitor Varlink Socket.
[[0;32m  OK  [0m] Listening on [0;1;39mResolve Monitor Varlink Socket[0m.
[   52.211252] systemd[1]: Listening on Resolve Service Varlink Socket.
[[0;32m  OK  [0m] Listening on [0;1;39mResolve Service Varlink Socket[0m.
[   52.216446] systemd[1]: Listening on udev Control Socket.
[[0;32m  OK  [0m] Listening on [0;1;39mudev Control Socket[0m.
[   52.222035] systemd[1]: Listening on udev Varlink Socket.
[[0;32m  OK  [0m] Listening on [0;1;39mudev Varlink Socket[0m.
[   52.227265] systemd[1]: Listening on User Database Manager Socket.
[[0;32m  OK  [0m] Listening on [0;1;39mUser Database Manager Socket[0m.
[   52.270790] systemd[1]: Mounting Huge Pages File System...
         Mounting [0;1;39mHuge Pages File System[0m...
[   52.294357] systemd[1]: Mounting POSIX Message Queue File System...
         Mounting [0;1;39mPOSIX Message Queue File System[0m...
[   52.330398] systemd[1]: Mounting Kernel Debug File System...
         Mounting [0;1;39mKernel Debug File System[0m...
[   52.343185] systemd[1]: Kernel Trace File System skipped, unmet condition check ConditionPathExists=/sys/kernel/tracing
[   52.357433] systemd[1]: tmp.mount: x-systemd.graceful-option=usrquota specified, but option is not available, suppressing.
[   52.431294] systemd[1]: Mounting Temporary Directory /tmp...
         Mounting [0;1;39mTemporary Directory /tmp[0m...
[   52.619071] systemd[1]: Starting Create List of Static Device Nodes...
         Starting [0;1;39mCreate List of Static Device Nodes[0m...
[   52.639557] systemd[1]: Load Kernel Module configfs skipped, unmet condition check ConditionKernelModuleLoaded=!configfs
[   52.706124] systemd[1]: Mounting Kernel Configuration File System...
         Mounting [0;1;39mKernel Configuration File System[0m...
[   52.727311] systemd[1]: Load Kernel Module drm skipped, unmet condition check ConditionKernelModuleLoaded=!drm
[   52.879364] systemd[1]: Starting Load Kernel Module fuse...
         Starting [0;1;39mLoad Kernel Module fuse[0m...
[   52.897233] systemd[1]: Clear Stale Hibernate Storage Info skipped, unmet condition check ConditionPathExists=/sys/firmware/efi/efivars/HibernateLocation-8cf2644b-4b0b-428f-9387-6d876050dc67
[   53.307557] systemd[1]: Starting Journal Service...
         Starting [0;1;39mJournal Service[0m...
[   53.380274] systemd[1]: Load Kernel Modules skipped, no trigger condition checks were met.
[   53.403300] systemd[1]: TPM PCR Machine ID Measurement skipped, unmet condition check ConditionSecurity=measured-uki
[   53.582546] systemd[1]: Starting Remount Root and Kernel File Systems...
         Starting [0;1;39mRemount Root and Kernel File Systems[0m...
[   53.750125] systemd[1]: Starting Apply Kernel Variables...
         Starting [0;1;39mApply Kernel Variables[0m...
[   53.775483] systemd[1]: Early TPM SRK Setup skipped, unmet condition check ConditionSecurity=measured-uki
[   53.847215] fuse: init (API version 7.45)
[   53.959509] systemd[1]: Starting Load udev Rules from Credentials...
         Starting [0;1;39mLoad udev Rules from Credentials[0m...
[   54.123604] systemd[1]: Starting Coldplug All udev Devices...
         Starting [0;1;39mColdplug All udev Devices[0m...
[   54.699371] systemd[1]: Mounted Huge Pages File System.
[[0;32m  OK  [0m] Mounted [0;1;39mHuge Pages File System[0m.
[   54.738186] systemd[1]: Mounted POSIX Message Queue File System.
[[0;32m  OK  [0m] Mounted [0;1;39mPOSIX Message Queue File System[0m.
[   54.787206] systemd[1]: Mounted Kernel Debug File System.
[[0;32m  OK  [0m] Mounted [0;1;39mKernel Debug File System[0m.
[   54.830046] systemd[1]: Mounted Temporary Directory /tmp.
[[0;32m  OK  [0m] Mounted [0;1;39mTemporary Directory /tmp[0m.
[   55.023304] systemd[1]: Finished Create List of Static Device Nodes.
[[0;32m  OK  [0m] Finished [0;1;39mCreate List of Static Device Nodes[0m.
[   55.055089] systemd[1]: Mounted Kernel Configuration File System.
[[0;32m  OK  [0m] Mounted [0;1;39mKernel Configuration File System[0m.
[   55.084520] systemd[1]: modprobe@fuse.service: Deactivated successfully.
[   55.099470] systemd-journald[336]: Collecting audit messages is disabled.
[   55.112435] systemd[1]: Finished Load Kernel Module fuse.
[[0;32m  OK  [0m] Finished [0;1;39mLoad Kernel Module fuse[0m.
[   55.189528] systemd[1]: Starting Create Static Device Nodes in /dev gracefully...
         Starting [0;1;39mCreate Static Device Nodes in /dev gracefully[0m...
[   55.618535] systemd[1]: Mounting FUSE Control File System...
         Mounting [0;1;39mFUSE Control File System[0m...
[   55.661287] EXT4-fs (vda2): re-mounted aa76063c-b520-41c2-9c59-dc0a60ea02fa.
[   55.938709] systemd[1]: Finished Remount Root and Kernel File Systems.
[[0;32m  OK  [0m] Finished [0;1;39mRemount Root and Kernel File Systems[0m.
[   55.987384] systemd[1]: Started Journal Service.
[[0;32m  OK  [0m] Started [0;1;39mJournal Service[0m.
[[0;32m  OK  [0m] Finished [0;1;39mLoad udev Rules from Credentials[0m.
[[0;32m  OK  [0m] Finished [0;1;39mApply Kernel Variables[0m.
         Starting [0;1;39mFlush Journal to Persistent Storage[0m...
         Starting [0;1;39mLoad/Save OS Random Seed[0m...
[[0;32m  OK  [0m] Reached target [0;1;39mLocal Encrypted Volumes[0m.
[[0;32m  OK  [0m] Mounted [0;1;39mFUSE Control File System[0m.
         Starting [0;1;39mUser Database Manager[0m...
[   57.445522] systemd-journald[336]: Received client request to flush runtime journal.
[[0;32m  OK  [0m] Finished [0;1;39mLoad/Save OS Random Seed[0m.
         Mounting [0;1;39mArbitrary Executable File Formats File System[0m...
[[0;32m  OK  [0m] Finished [0;1;39mFlush Journal to Persistent Storage[0m.
[[0;32m  OK  [0m] Mounted [0;1;39mArbitrary Executable File Formats File System[0m.
[[0;32m  OK  [0m] Started [0;1;39mUser Database Manager[0m.
[[0;32m  OK  [0m] Finished [0;1;39mCreate Static Device Nodes in /dev gracefully[0m.
         Starting [0;1;39mCreate System Users[0m...
[[0;32m  OK  [0m] Finished [0;1;39mCreate System Users[0m.
         Starting [0;1;39mJournal Log Access Socket[0m...
         Starting [0;1;39mNetwork Name Resolution[0m...
         Starting [0;1;39mCreate Static Device Nodes in /dev[0m...
[[0;32m  OK  [0m] Listening on [0;1;39mJournal Log Access Socket[0m.
[[0;32m  OK  [0m] Finished [0;1;39mCreate Static Device Nodes in /dev[0m.
[[0;32m  OK  [0m] Reached target [0;1;39mPreparation for Local File Systems[0m.
[[0;32m  OK  [0m] Reached target [0;1;39mLocal File Systems[0m.
[[0;32m  OK  [0m] Listening on [0;1;39mBoot Loader Control Service Socket[0m.
[[0;32m  OK  [0m] Listening on [0;1;39mDisk Image Download Service Socket[0m.
[[0;32m  OK  [0m] Listening on [0;1;39mSystem Extension Image Management[0m.
         Starting [0;1;39mRepartition Root Disk[0m...
         Starting [0;1;39mCreate System Files and Directories[0m...
         Starting [0;1;39mRule-based Manager for Device Events and Files[0m...
         Starting [0;1;39mLoad JSON user/group Records from Credentials[0m...
[[0;32m  OK  [0m] Started [0;1;39mNetwork Name Resolution[0m.
[[0;32m  OK  [0m] Reached target [0;1;39mHost and Network Name Lookups[0m.
[[0;32m  OK  [0m] Finished [0;1;39mLoad JSON user/group Records from Credentials[0m.
[[0;32m  OK  [0m] Finished [0;1;39mRepartition Root Disk[0m.
         Starting [0;1;39mGrow Root File System[0m...
[   67.675216] EXT4-fs (vda2): resizing filesystem from 441798 to 507392 blocks
[   67.701536] EXT4-fs (vda2): resized filesystem to 507392
[[0;32m  OK  [0m] Finished [0;1;39mGrow Root File System[0m.
[[0;32m  OK  [0m] Started [0;1;39mRule-based Manager for Device Events and Files[0m.
         Starting [0;1;39mNetwork Management[0m...
[[0m[0;31m*     [0m] (1 of 5) A start job is running for…by-uuid/DD46-287E (18s / 1min 30s)
M[K[[0;1;31m*[0m[0;31m*    [0m] (1 of 5) A start job is running for…by-uuid/DD46-287E (19s / 1min 30s)
M[K[[0;32m  OK  [0m] Finished [0;1;39mColdplug All udev Devices[0m.
[K[   71.014687] cfg80211: Loading compiled-in X.509 certificates for regulatory database
[   71.401433] Loaded X.509 cert 'sforshee: 00b28ddf47aef9cea7'
[   71.408280] Loaded X.509 cert 'wens: 61c038651aabdcf94bd0ac7ff06c7248db18c600'
[   71.423185] faux_driver regulatory: Direct firmware load for regulatory.db failed with error -2
[   71.431338] cfg80211: failed to load regulatory.db
[[0;32m  OK  [0m] Finished [0;1;39mCreate System Files and Directories[0m.
         Starting [0;1;39mRebuild Dynamic Linker Cache[0m...
         Starting [0;1;39mRebuild Journal Catalog[0m...
         Starting [0;1;39mRecord System Boot/Shutdown in UTMP[0m...
[[0;32m  OK  [0m] Started [0;1;39mNetwork Management[0m.
[[0;32m  OK  [0m] Reached target [0;1;39mNetwork[0m.
         Starting [0;1;39mEnable Persistent Storage in systemd-networkd[0m...
[[0;32m  OK  [0m] Finished [0;1;39mRecord System Boot/Shutdown in UTMP[0m.
[[0;32m  OK  [0m] Finished [0;1;39mEnable Persistent Storage in systemd-networkd[0m.
[[0;32m  OK  [0m] Finished [0;1;39mRebuild Journal Catalog[0m.
[[0;32m  OK  [0m] Finished [0;1;39mRebuild Dynamic Linker Cache[0m.
         Starting [0;1;39mUpdate is Completed[0m...
[[0;32m  OK  [0m] Finished [0;1;39mUpdate is Completed[0m.
[[0;32m  OK  [0m] Reached target [0;1;39mSystem Initialization[0m.
[[0;32m  OK  [0m] Started [0;1;39mRefresh existing PGP keys of archlinux-keyring regularly[0m.
[[0;32m  OK  [0m] Started [0;1;39mDaily verification of password and group files[0m.
[[0;32m  OK  [0m] Started [0;1;39mDaily Cleanup of Temporary Directories[0m.
[[0;32m  OK  [0m] Reached target [0;1;39mTimer Units[0m.
[[0;32m  OK  [0m] Listening on [0;1;39mD-Bus System Message Bus Socket[0m.
[[0;32m  OK  [0m] Listening on [0;1;39mGnuPG network certifi…ent daemon for /etc/pacman.d/gnupg[0m.
[[0;32m  OK  [0m] Listening on [0;1;39mGnuPG cryptographic a… browsers) for /etc/pacman.d/gnupg[0m.
[[0;32m  OK  [0m] Listening on [0;1;39mGnuPG cryptographic a…estricted) for /etc/pacman.d/gnupg[0m.
[[0;32m  OK  [0m] Listening on [0;1;39mGnuPG cryptographic a…emulation) for /etc/pacman.d/gnupg[0m.
[[0;32m  OK  [0m] Listening on [0;1;39mGnuPG cryptographic a…rase cache for /etc/pacman.d/gnupg[0m.
[[0;32m  OK  [0m] Listening on [0;1;39mGnuPG public key mana…nt service for /etc/pacman.d/gnupg[0m.
[[0;32m  OK  [0m] Listening on [0;1;39mOpenSSH Server Socket…temd-ssh-generator, AF_UNIX Local)[0m.
[[0;32m  OK  [0m] Listening on [0;1;39mHostname Service Socket[0m.
[[0;32m  OK  [0m] Listening on [0;1;39mUser Login Management Varlink Socket[0m.
[[0;32m  OK  [0m] Listening on [0;1;39mVirtual Machine and C…tainer Registration Service Socket[0m.
[[0;32m  OK  [0m] Reached target [0;1;39mSocket Units[0m.
         Starting [0;1;39mD-Bus System Message Bus[0m...
[[0;32m  OK  [0m] Started [0;1;39mD-Bus System Message Bus[0m.
[[0;32m  OK  [0m] Reached target [0;1;39mBasic System[0m.
         Starting [0;1;39mComplete first boot provisioning[0m...
         Starting [0;1;39mSSH Key Generation[0m...
         Starting [0;1;39mUser Login Management[0m...
         Starting [0;1;39mPermit User Sessions[0m...
[[0;32m  OK  [0m] Finished [0;1;39mPermit User Sessions[0m.
[[0;32m  OK  [0m] Started [0;1;39mGetty on tty1[0m.
[[0;32m  OK  [0m] Started [0;1;39mSerial Getty on ttyAMA0[0m.
[[0;32m  OK  [0m] Reached target [0;1;39mLogin Prompts[0m.
[[0;32m  OK  [0m] Started [0;1;39mUser Login Management[0m.
         Mounting [0;1;39m/boot[0m...
[[0;32m  OK  [0m] Mounted [0;1;39m/boot[0m.
[!p]104\[0m[?7h[1G[0J[6n[32766;32766H[6n[!p]104\[0m[?7h[1G[0J[6n[32766;32766H[6n]3008;start=00e324f7d5254543a28a642be6a866a7;user=root;hostname=arch-rpi5;machineid=065057c67c6e46b3aaaad72773bd27a9;bootid=bda20f7810cc49b8ad0b7c714d09e369;pid=441;pidfdid=12440;comm=(agetty);servicename=serial-getty@ttyAMA0.service;invocationid=70b657eb48884ef39f66a917deb75f30;type=service\P+q6E616D65\
Arch Linux ARM 7.0.9-1-aarch64-ARCH (ttyAMA0)

arch-rpi5 login: [   97.941302] physmap-flash 0.flash: physmap platform flash device: [mem 0x00000000-0x03ffffff]
[   98.651490] 0.flash: Found 2 x16 devices at 0x0 in 32-bit bank. Manufacturer ID 0x000000 Chip ID 0x000000
[   98.909551] Intel/Sharp Extended Query Table at 0x0031
[   98.954918] Using buffer write method
[   98.990159] physmap-flash 0.flash: physmap platform flash device: [mem 0x04000000-0x07ffffff]
[   99.048363] 0.flash: Found 2 x16 devices at 0x0 in 32-bit bank. Manufacturer ID 0x000000 Chip ID 0x000000
[   99.049423] Intel/Sharp Extended Query Table at 0x0031
[   99.079460] Using buffer write method
[   99.081208] Concatenating MTD devices:
[   99.081443] (0): "0.flash"
[   99.081543] (1): "0.flash"
[   99.081572] into device "0.flash"
[   99.488050] input: gpio-keys as /devices/platform/gpio-keys/input/input0
[  101.700292] virtio_net virtio0 enp0s1: renamed from eth0
[  113.814364] EXT4-fs (vda2): resizing filesystem from 507392 to 507392 blocks
[[0;32m  OK  [0m] Reached target [0;1;39mMulti-User System[0m.
[[0;32m  OK  [0m] Reached target [0;1;39mGraphical Interface[0m.
[[0;32m  OK  [0m] Finished [0;1;39mComplete first boot provisioning[0m.
[ 3107.599266] hrtimer: interrupt took 2385296 ns
qemu-system-aarch64: terminating on signal 15 from pid 254511 (sudo)
