[sudo] password for dryamov: [0;90m[2026-05-26 01:24:19][0m [0;34m[1m[INFO][0m Starting QEMU. SSH will be forwarded from localhost:2222 to guest port 22.
[    0.000000] Booting Linux on physical CPU 0x0000000000 [0x410fd083]
[    0.000000] Linux version 7.0.9-1-aarch64-ARCH (builduser@arch-nspawn-135112) (aarch64-unknown-linux-gnu-gcc (GCC) 16.1.1 20260430, GNU ld (GNU Binutils) 2.46.0) #1 SMP PREEMPT_DYNAMIC Mon May 18 12:59:58 UTC 2026
[    0.000000] random: crng init done
[    0.000000] Machine model: linux,dummy-virt
[    0.000000] efi: UEFI not found.
[    0.000000] OF: reserved mem: Reserved memory: No reserved-memory node in the DT
[    0.000000] cma: Reserved 64 MiB at 0x00000000bbc00000
[    0.000000] psci: probing for conduit method from DT.
[    0.000000] psci: PSCIv1.1 detected in firmware.
[    0.000000] psci: Using standard PSCI v0.2 function IDs
[    0.000000] psci: Trusted OS migration not required
[    0.000000] psci: SMC Calling Convention v1.0
[    0.000000] Zone ranges:
[    0.000000]   DMA      [mem 0x0000000040000000-0x00000000bfffffff]
[    0.000000]   DMA32    empty
[    0.000000]   Normal   empty
[    0.000000] Movable zone start for each node
[    0.000000] Early memory node ranges
[    0.000000]   node   0: [mem 0x0000000040000000-0x00000000bfffffff]
[    0.000000] Initmem setup node 0 [mem 0x0000000040000000-0x00000000bfffffff]
[    0.000000] percpu: Embedded 25 pages/cpu s62872 r8192 d31336 u102400
[    0.000000] Detected PIPT I-cache on CPU0
[    0.000000] CPU features: detected: Spectre-v2
[    0.000000] CPU features: detected: Spectre-v4
[    0.000000] CPU features: detected: Spectre-BHB
[    0.000000] CPU features: detected: ARM erratum 1742098
[    0.000000] CPU features: detected: ARM errata 1165522, 1319367, or 1530923
[    0.000000] alternatives: applying boot alternatives
[    0.000000] Kernel command line: root=/dev/vda2 rw rootwait console=ttyAMA0
[    0.000000] printk: log buffer data + meta data: 262144 + 1114112 = 1376256 bytes
[    0.000000] Dentry cache hash table entries: 262144 (order: 9, 2097152 bytes, linear)
[    0.000000] Inode-cache hash table entries: 131072 (order: 8, 1048576 bytes, linear)
[    0.000000] software IO TLB: SWIOTLB bounce buffer size adjusted to 2MB
[    0.000000] software IO TLB: area num 4.
[    0.000000] software IO TLB: mapped [mem 0x00000000b9600000-0x00000000b9800000] (2MB)
[    0.000000] Built 1 zonelists, mobility grouping on.  Total pages: 524288
[    0.000000] mem auto-init: stack:off, heap alloc:off, heap free:off
[    0.000000] SLUB: HWalign=64, Order=0-3, MinObjects=0, CPUs=4, Nodes=1
[    0.000000] Dynamic Preempt: full
[    0.000000] rcu: Preemptible hierarchical RCU implementation.
[    0.000000] rcu: 	RCU restricting CPUs from NR_CPUS=64 to nr_cpu_ids=4.
[    0.000000] 	Trampoline variant of Tasks RCU enabled.
[    0.000000] 	Tracing variant of Tasks RCU enabled.
[    0.000000] rcu: RCU calculated value of scheduler-enlistment delay is 100 jiffies.
[    0.000000] rcu: Adjusting geometry for rcu_fanout_leaf=16, nr_cpu_ids=4
[    0.000000] RCU Tasks: Setting shift to 2 and lim to 1 rcu_task_cb_adjust=1 rcu_task_cpu_ids=4.
[    0.000000] NR_IRQS: 64, nr_irqs: 64, preallocated irqs: 0
[    0.000000] Root IRQ handler: gic_handle_irq
[    0.000000] GICv2m: range[mem 0x08020000-0x08020fff], SPI[80:143]
[    0.000000] rcu: srcu_init: Setting srcu_struct sizes based on contention.
[    0.000000] arch_timer: cp15 timer running at 62.50MHz (virt).
[    0.000000] clocksource: arch_sys_counter: mask: 0x1ffffffffffffff max_cycles: 0x1cd42e208c, max_idle_ns: 881590405314 ns
[    0.000163] sched_clock: 57 bits at 63MHz, resolution 16ns, wraps every 4398046511096ns
[    0.038673] Console: colour dummy device 80x25
[    0.044968] Calibrating delay loop (skipped), value calculated using timer frequency.. 125.00 BogoMIPS (lpj=62500)
[    0.045237] pid_max: default: 32768 minimum: 301
[    0.057418] Yama: becoming mindful.
[    0.061472] landlock: Up and running.
[    0.072789] Mount-cache hash table entries: 4096 (order: 3, 32768 bytes, linear)
[    0.073004] Mountpoint-cache hash table entries: 4096 (order: 3, 32768 bytes, linear)
[    0.107127] VFS: Finished mounting rootfs on nullfs
[    0.200181] cacheinfo: Unable to detect cache hierarchy for CPU 0
[    0.251214] rcu: Hierarchical SRCU implementation.
[    0.251494] rcu: 	Max phase no-delay instances is 400.
[    0.256383] Timer migration: 1 hierarchy levels; 8 children per group; 1 crossnode level
[    0.282615] EFI services will not be available.
[    0.288547] smp: Bringing up secondary CPUs ...
[    0.306620] Detected PIPT I-cache on CPU1
[    0.309587] CPU1: Booted secondary processor 0x0000000001 [0x410fd083]
[    0.340418] Detected PIPT I-cache on CPU2
[    0.341204] CPU2: Booted secondary processor 0x0000000002 [0x410fd083]
[    0.349458] Detected PIPT I-cache on CPU3
[    0.350255] CPU3: Booted secondary processor 0x0000000003 [0x410fd083]
[    0.352842] smp: Brought up 1 node, 4 CPUs
[    0.352935] SMP: Total of 4 processors activated.
[    0.353031] CPU: All CPU(s) started at EL1
[    0.354338] CPU features: detected: 32-bit EL0 Support
[    0.354675] CPU features: detected: 32-bit EL1 Support
[    0.355156] CPU features: detected: CRC32 instructions
[    0.355931] CPU features: detected: PMUv3
[    0.434913] alternatives: applying system-wide alternatives
[    0.545988] Memory: 1927032K/2097152K available (21952K kernel code, 4794K rwdata, 12576K rodata, 2752K init, 720K bss, 101268K reserved, 65536K cma-reserved)
[    0.667488] devtmpfs: initialized
[    0.755103] clocksource: jiffies: mask: 0xffffffff max_cycles: 0xffffffff, max_idle_ns: 1911260446275000 ns
[    0.758875] posixtimers hash table entries: 2048 (order: 3, 32768 bytes, linear)
[    0.760854] futex hash table entries: 1024 (65536 bytes on 1 NUMA nodes, total 64 KiB, linear).
[    0.767621] 22016 pages in range for non-PLT usage
[    0.767738] 513536 pages in range for PLT usage
[    0.815945] DMI not present or invalid.
[    0.898601] NET: Registered PF_NETLINK/PF_ROUTE protocol family
[    0.950723] DMA: preallocated 256 KiB GFP_KERNEL|GFP_DMA pool for atomic allocations
[    0.952020] audit: initializing netlink subsys (disabled)
[    0.960187] audit: type=2000 audit(0.641:1): state=initialized audit_enabled=0 res=1
[    0.983434] thermal_sys: Registered thermal governor 'fair_share'
[    0.983568] thermal_sys: Registered thermal governor 'bang_bang'
[    0.983605] thermal_sys: Registered thermal governor 'step_wise'
[    0.983619] thermal_sys: Registered thermal governor 'user_space'
[    0.983630] thermal_sys: Registered thermal governor 'power_allocator'
[    0.985563] cpuidle: using governor ladder
[    0.986567] cpuidle: using governor menu
[    0.991421] hw-breakpoint: found 6 breakpoint and 4 watchpoint registers.
[    0.994747] ASID allocator initialised with 65536 entries
[    1.022773] Serial: AMBA PL011 UART driver
[    1.289099] 9000000.pl011: ttyAMA0 at MMIO 0x9000000 (irq = 13, base_baud = 0) is a PL011 rev1
[    1.309974] printk: console [ttyAMA0] enabled
[    1.536376] HugeTLB: registered 1.00 GiB page size, pre-allocated 0 pages
[    1.536835] HugeTLB: 0 KiB vmemmap can be freed for a 1.00 GiB page
[    1.536957] HugeTLB: registered 32.0 MiB page size, pre-allocated 0 pages
[    1.537043] HugeTLB: 0 KiB vmemmap can be freed for a 32.0 MiB page
[    1.537197] HugeTLB: registered 2.00 MiB page size, pre-allocated 0 pages
[    1.537217] HugeTLB: 0 KiB vmemmap can be freed for a 2.00 MiB page
[    1.537240] HugeTLB: registered 64.0 KiB page size, pre-allocated 0 pages
[    1.537256] HugeTLB: 0 KiB vmemmap can be freed for a 64.0 KiB page
[    1.609367] raid6: neonx8   gen()   949 MB/s
[    1.633317] raid6: neonx4   gen()  1083 MB/s
[    1.658142] raid6: neonx2   gen()   628 MB/s
[    1.681077] raid6: neonx1   gen()   462 MB/s
[    1.704123] raid6: int64x8  gen()   539 MB/s
[    1.726915] raid6: int64x4  gen()  1059 MB/s
[    1.750380] raid6: int64x2  gen()   735 MB/s
[    1.773922] raid6: int64x1  gen()   673 MB/s
[    1.774300] raid6: using algorithm neonx4 gen() 1083 MB/s
[    1.797898] raid6: .... xor() 352 MB/s, rmw enabled
[    1.798420] raid6: using neon recovery algorithm
[    1.808664] ACPI: Interpreter disabled.
[    1.839764] iommu: Default domain type: Translated
[    1.840021] iommu: DMA domain TLB invalidation policy: strict mode
[    1.865778] SCSI subsystem initialized
[    1.886418] usbcore: registered new interface driver usbfs
[    1.887826] usbcore: registered new interface driver hub
[    1.888872] usbcore: registered new device driver usb
[    1.897988] pps_core: LinuxPPS API ver. 1 registered
[    1.898247] pps_core: Software ver. 5.3.6 - Copyright 2005-2007 Rodolfo Giometti <giometti@linux.it>
[    1.898774] PTP clock support registered
[    1.908579] EDAC MC: Ver: 3.0.0
[    1.916659] scmi_core: SCMI protocol bus registered
[    1.936209] FPGA manager framework
[    1.941551] Advanced Linux Sound Architecture Driver Initialized.
[    1.988378] NetLabel: Initializing
[    1.988679] NetLabel:  domain hash size = 128
[    1.989005] NetLabel:  protocols = UNLABELED CIPSOv4 CALIPSO
[    1.994185] NetLabel:  unlabeled traffic allowed by default
[    2.002898] vgaarb: loaded
[    2.017894] clocksource: Switched to clocksource arch_sys_counter
[    2.043714] VFS: Disk quotas dquot_6.6.0
[    2.044919] VFS: Dquot-cache hash table entries: 512 (order 0, 4096 bytes)
[    2.075913] pnp: PnP ACPI: disabled
[    2.285078] NET: Registered PF_INET protocol family
[    2.291799] IP idents hash table entries: 32768 (order: 6, 262144 bytes, linear)
[    2.318431] tcp_listen_portaddr_hash hash table entries: 1024 (order: 2, 16384 bytes, linear)
[    2.319137] Table-perturb hash table entries: 65536 (order: 6, 262144 bytes, linear)
[    2.321055] TCP established hash table entries: 16384 (order: 5, 131072 bytes, linear)
[    2.324359] TCP bind hash table entries: 16384 (order: 7, 524288 bytes, linear)
[    2.326065] TCP: Hash tables configured (established 16384 bind 16384)
[    2.332112] MPTCP token hash table entries: 2048 (order: 4, 49152 bytes, linear)
[    2.333215] UDP hash table entries: 1024 (order: 4, 65536 bytes, linear)
[    2.334707] UDP-Lite hash table entries: 1024 (order: 4, 65536 bytes, linear)
[    2.340435] NET: Registered PF_UNIX/PF_LOCAL protocol family
[    2.352326] RPC: Registered named UNIX socket transport module.
[    2.352607] RPC: Registered udp transport module.
[    2.352707] RPC: Registered tcp transport module.
[    2.352779] RPC: Registered tcp-with-tls transport module.
[    2.352829] RPC: Registered tcp NFSv4.1 backchannel transport module.
[    2.353821] PCI: CLS 0 bytes, default 64
[    2.365834] kvm [1]: HYP mode not available
[    2.382618] Trying to unpack rootfs image as initramfs...
[    2.387440] Initialise system trusted keyrings
[    2.396500] workingset: timestamp_bits=46 max_order=19 bucket_order=0
[    2.431816] NFS: Registering the id_resolver key type
[    2.433541] Key type id_resolver registered
[    2.434246] Key type id_legacy registered
[    2.439103] nfs4filelayout_init: NFSv4 File Layout Driver Registering...
[    2.443522] nfs4flexfilelayout_init: NFSv4 Flexfile Layout Driver Registering...
[    2.447146] ntfs3: Read-only LZX/Xpress compression included
[    2.453428] SGI XFS with ACLs, security attributes, quota, no debug enabled
[    2.507869] cryptd: max_cpu_qlen set to 1000
[    2.729753] NET: Registered PF_ALG protocol family
[    2.732091] xor: measuring software checksum speed
[    2.736405]    8regs           :  1103 MB/sec
[    2.740430]    32regs          :   861 MB/sec
[    2.746067]    arm64_neon      :   603 MB/sec
[    2.746568] xor: using function: 8regs (1103 MB/sec)
[    2.748310] Key type asymmetric registered
[    2.748958] Asymmetric key parser 'x509' registered
[    2.751835] Block layer SCSI generic (bsg) driver version 0.4 loaded (major 240)
[    2.757829] io scheduler mq-deadline registered
[    2.759448] io scheduler kyber registered
[    2.762233] io scheduler bfq registered
[    2.946256] pl061_gpio 9030000.pl061: PL061 GPIO chip registered
[    2.971669] ledtrig-cpu: registered to indicate activity on CPUs
[    2.984811] pci-host-generic 4010000000.pcie: host bridge /pcie@10000000 ranges:
[    2.989712] pci-host-generic 4010000000.pcie:       IO 0x003eff0000..0x003effffff -> 0x0000000000
[    2.998092] pci-host-generic 4010000000.pcie:      MEM 0x0010000000..0x003efeffff -> 0x0010000000
[    2.999138] pci-host-generic 4010000000.pcie:      MEM 0x8000000000..0xffffffffff -> 0x8000000000
[    3.005962] pci-host-generic 4010000000.pcie: Memory resource size exceeds max for 32 bits
[    3.009607] pci-host-generic 4010000000.pcie: ECAM at [mem 0x4010000000-0x401fffffff] for [bus 00-ff]
[    3.019148] pci-host-generic 4010000000.pcie: PCI host bridge to bus 0000:00
[    3.021543] pci_bus 0000:00: root bus resource [bus 00-ff]
[    3.021868] pci_bus 0000:00: root bus resource [io  0x0000-0xffff]
[    3.022251] pci_bus 0000:00: root bus resource [mem 0x10000000-0x3efeffff]
[    3.023348] pci_bus 0000:00: root bus resource [mem 0x8000000000-0xffffffffff]
[    3.035097] pci 0000:00:00.0: [1b36:0008] type 00 class 0x060000 conventional PCI endpoint
[    3.060960] pci 0000:00:01.0: [1af4:1000] type 00 class 0x020000 conventional PCI endpoint
[    3.063631] pci 0000:00:01.0: BAR 0 [io  0x0000-0x001f]
[    3.063885] pci 0000:00:01.0: BAR 1 [mem 0x00000000-0x00000fff]
[    3.064049] pci 0000:00:01.0: BAR 4 [mem 0x00000000-0x00003fff 64bit pref]
[    3.064969] pci 0000:00:01.0: ROM [mem 0x00000000-0x0007ffff pref]
[    3.069417] pci 0000:00:02.0: [1af4:1001] type 00 class 0x010000 conventional PCI endpoint
[    3.069772] pci 0000:00:02.0: BAR 0 [io  0x0000-0x007f]
[    3.069854] pci 0000:00:02.0: BAR 1 [mem 0x00000000-0x00000fff]
[    3.069894] pci 0000:00:02.0: BAR 4 [mem 0x00000000-0x00003fff 64bit pref]
[    3.088097] pci 0000:00:01.0: ROM [mem 0x10000000-0x1007ffff pref]: assigned
[    3.090000] pci 0000:00:01.0: BAR 4 [mem 0x8000000000-0x8000003fff 64bit pref]: assigned
[    3.095696] pci 0000:00:02.0: BAR 4 [mem 0x8000004000-0x8000007fff 64bit pref]: assigned
[    3.096007] pci 0000:00:01.0: BAR 1 [mem 0x10080000-0x10080fff]: assigned
[    3.097040] pci 0000:00:02.0: BAR 1 [mem 0x10081000-0x10081fff]: assigned
[    3.097963] pci 0000:00:02.0: BAR 0 [io  0x1000-0x107f]: assigned
[    3.099272] pci 0000:00:01.0: BAR 0 [io  0x1080-0x109f]: assigned
[    3.101649] pci_bus 0000:00: resource 4 [io  0x0000-0xffff]
[    3.101758] pci_bus 0000:00: resource 5 [mem 0x10000000-0x3efeffff]
[    3.101854] pci_bus 0000:00: resource 6 [mem 0x8000000000-0xffffffffff]
[    3.131787] IPMI message handler: version 39.2
[    3.466762] virtio-pci 0000:00:01.0: enabling device (0000 -> 0003)
[    3.486125] virtio-pci 0000:00:02.0: enabling device (0000 -> 0003)
[    3.530071] Serial: 8250/16550 driver, 4 ports, IRQ sharing enabled
[    3.577835] msm_serial: driver initialized
[    3.659797] virtio_blk virtio1: 4/0/0 default/read/poll queues
[    3.721094] virtio_blk virtio1: [vda] 5111808 512-byte logical blocks (2.62 GB/2.44 GiB)
[    3.804787]  vda: vda1 vda2
[    3.993675] usbcore: registered new interface driver uas
[    3.996634] usbcore: registered new interface driver usb-storage
[    3.998347] usbcore: registered new interface driver ums-alauda
[    3.999981] usbcore: registered new interface driver ums-cypress
[    4.001101] usbcore: registered new interface driver ums-datafab
[    4.004951] usbcore: registered new interface driver ums_eneub6250
[    4.006523] usbcore: registered new interface driver ums-freecom
[    4.008648] usbcore: registered new interface driver ums-isd200
[    4.010780] usbcore: registered new interface driver ums-jumpshot
[    4.012176] usbcore: registered new interface driver ums-karma
[    4.015043] usbcore: registered new interface driver ums-onetouch
[    4.016552] usbcore: registered new interface driver ums-realtek
[    4.017648] usbcore: registered new interface driver ums-sddr09
[    4.018990] usbcore: registered new interface driver ums-sddr55
[    4.019859] usbcore: registered new interface driver ums-usbat
[    4.027975] usbcore: registered new interface driver usbserial_generic
[    4.031950] usbserial: USB Serial support registered for generic
[    4.058497] mousedev: PS/2 mouse device common for all mice
[    4.103823] rtc-pl031 9010000.pl031: registered as rtc0
[    4.106888] rtc-pl031 9010000.pl031: setting system clock to 2026-05-25T22:24:25 UTC (1779747865)
[    4.148303] device-mapper: uevent: version 1.0.3
[    4.153635] device-mapper: ioctl: 4.50.0-ioctl (2025-04-28) initialised: dm-devel@lists.linux.dev
[    4.176978] sdhci: Secure Digital Host Controller Interface driver
[    4.177532] sdhci: Copyright(c) Pierre Ossman
[    4.186649] Synopsys Designware Multimedia Card Interface Driver
[    4.201804] sdhci-pltfm: SDHCI platform and OF driver helper
[    4.250163] hid: raw HID events driver (C) Jiri Kosina
[    4.253127] usbcore: registered new interface driver usbhid
[    4.253502] usbhid: USB HID core driver
[    4.332053] hw perfevents: enabled with armv8_pmuv3 PMU driver, 7 (0,8000003f) counters available
[    4.342902] watchdog: NMI not fully supported
[    4.343540] watchdog: Hard watchdog permanently disabled
[    4.425628] Initializing XFRM netlink socket
[    4.429061] NET: Registered PF_INET6 protocol family
[    4.492993] Segment Routing with IPv6
[    4.494079] In-situ OAM (IOAM) with IPv6
[    4.497026] mip6: Mobile IPv6
[    4.500529] NET: Registered PF_PACKET protocol family
[    4.505967] Key type dns_resolver registered
[    4.702089] registered taskstats version 1
[    4.711425] Loading compiled-in X.509 certificates
[    4.879856] debug_vm_pgtable: [debug_vm_pgtable         ]: Validating architecture page table helpers
[    4.915927] Key type .fscrypt registered
[    4.916580] Key type fscrypt-provisioning registered
[    4.946730] Btrfs loaded, zoned=yes, fsverity=no
[    4.957581] Key type encrypted registered
[    5.010419] clk: Disabling unused clocks
[    5.012242] PM: genpd: Disabling unused power domains
[    5.013479] ALSA device list:
[    5.014296]   No soundcards found.
[    5.528046] Freeing initrd memory: 14744K
[    5.992425] Freeing unused kernel memory: 2752K
[    6.003921] Run /init as init process
P+q6E616D65\[    7.601474] systemd[1]: Successfully made /usr/ read-only.
[18t[6n[32766;32766H[6n[!p]104\[0m[?7h[1G[0J[    8.329622] systemd[1]: systemd 260.1-2-arch running in system mode (+PAM +AUDIT -SELINUX +APPARMOR -IMA +IPE +SMACK +SECCOMP +GCRYPT +GNUTLS +OPENSSL +ACL +BLKID +CURL +ELFUTILS +FIDO2 +IDN2 +KMOD +LIBCRYPTSETUP +LIBCRYPTSETUP_PLUGINS +LIBFDISK +PCRE2 +PWQUALITY +P11KIT +QRENCODE +TPM2 +BZIP2 +LZ4 +XZ +ZLIB +ZSTD +BPF_FRAMEWORK -BTF +XKBCOMMON +UTMP +LIBARCHIVE)
[    8.330377] systemd[1]: Detected virtualization qemu.
[    8.335018] systemd[1]: Detected architecture arm64.
[    8.335761] systemd[1]: Running in initrd.
[0;1;39mBooting initrd of [0m[38;2;23;147;209mArch Linux ARM[0m[0;1;39m.[0m
[    8.379968] systemd[1]: Initializing machine ID from random generator.
[    8.388999] systemd[1]: No hostname configured, using default hostname.
[    8.394635] systemd[1]: Hostname set to <archlinux>.
]3008;start=5356316931ab4ed9a3f7c81edc67be82;user=root;hostname=archlinux;machineid=05748ba3534d4da2a42d47c6930a5e2d;bootid=98bc55ea24e84695a939bdd1d31bb495;pid=1;pidfdid=1;comm=systemd;type=boot\[   10.589906] systemd[1]: Queued start job for default target Initrd Default Target.
[   15.429719] systemd[1]: Expecting device /dev/vda2...
         Expecting device [0;1;39m/dev/vda2[0m...
[   15.445586] systemd[1]: Reached target Path Units.
[[0;32m  OK  [0m] Reached target [0;1;39mPath Units[0m.
[   15.456845] systemd[1]: Reached target Slice Units.
[[0;32m  OK  [0m] Reached target [0;1;39mSlice Units[0m.
[   15.461781] systemd[1]: Reached target Swaps.
[[0;32m  OK  [0m] Reached target [0;1;39mSwaps[0m.
[   15.465071] systemd[1]: Reached target Timer Units.
[[0;32m  OK  [0m] Reached target [0;1;39mTimer Units[0m.
[   15.483951] systemd[1]: Listening on Journal Socket (/dev/log).
[[0;32m  OK  [0m] Listening on [0;1;39mJournal Socket (/dev/log)[0m.
[   15.493900] systemd[1]: Listening on Journal Sockets.
[[0;32m  OK  [0m] Listening on [0;1;39mJournal Sockets[0m.
[   15.507466] systemd[1]: Listening on udev Control Socket.
[[0;32m  OK  [0m] Listening on [0;1;39mudev Control Socket[0m.
[   15.513056] systemd[1]: Listening on udev Kernel Socket.
[[0;32m  OK  [0m] Listening on [0;1;39mudev Kernel Socket[0m.
[   15.516619] systemd[1]: Reached target Socket Units.
[[0;32m  OK  [0m] Reached target [0;1;39mSocket Units[0m.
[   15.521833] systemd[1]: Create List of Static Device Nodes skipped, unmet condition check ConditionFileNotEmpty=/lib/modules/7.0.9-1-aarch64-ARCH/modules.devname
[   15.526058] systemd[1]: Early Battery Level Check skipped, unmet condition check ConditionDirectoryNotEmpty=/sys/class/power_supply
[   15.528378] systemd[1]: Display Boot-Time Emergency Messages In Full Screen skipped, unmet condition check ConditionVirtualization=no
[   16.100844] systemd[1]: Starting Journal Service...
         Starting [0;1;39mJournal Service[0m...
[   16.397053] systemd[1]: Starting Load Kernel Modules...
         Starting [0;1;39mLoad Kernel Modules[0m...
[   16.404095] systemd[1]: TPM PCR Barrier (initrd) skipped, unmet condition check ConditionSecurity=measured-uki
[   16.705864] systemd[1]: Starting Create Static Device Nodes in /dev...
         Starting [0;1;39mCreate Static Device Nodes in /dev[0m...
[   17.093100] systemd[1]: Starting Coldplug All udev Devices...
         Starting [0;1;39mColdplug All udev Devices[0m...
[   18.000881] systemd-journald[119]: Collecting audit messages is disabled.
[   18.211821] systemd[1]: Finished Load Kernel Modules.
[[0;32m  OK  [0m] Finished [0;1;39mLoad Kernel Modules[0m.
[   18.613032] systemd[1]: Finished Create Static Device Nodes in /dev.
[[0;32m  OK  [0m] Finished [0;1;39mCreate Static Device Nodes in /dev[0m.
[   18.648528] systemd[1]: Reached target Preparation for Local File Systems.
[[0;32m  OK  [0m] Reached target [0;1;39mPreparation for Local File Systems[0m.
[   18.656646] systemd[1]: Reached target Local File Systems.
[[0;32m  OK  [0m] Reached target [0;1;39mLocal File Systems[0m.
[   18.975903] systemd[1]: Starting Rule-based Manager for Device Events and Files...
         Starting [0;1;39mRule-based Manager for Device Events and Files[0m...
[   19.348950] systemd[1]: Started Journal Service.
[[0;32m  OK  [0m] Started [0;1;39mJournal Service[0m.
         Starting [0;1;39mCreate System Files and Directories[0m...
[[0;32m  OK  [0m] Finished [0;1;39mCreate System Files and Directories[0m.
[[0;32m  OK  [0m] Started [0;1;39mRule-based Manager for Device Events and Files[0m.
[[0m[0;31m*     [0m] (1 of 2) A start job is running for… All udev Devices (13s / no limit)
M[K[[0;1;31m*[0m[0;31m*    [0m] (1 of 2) A start job is running for… All udev Devices (14s / no limit)
M[K[[0;31m*[0;1;31m*[0m[0;31m*   [0m] (1 of 2) A start job is running for… All udev Devices (14s / no limit)
M[K[ [0;31m*[0;1;31m*[0m[0;31m*  [0m] (2 of 2) A start job is running for /dev/vda2 (15s / 1min 34s)
M[K[  [0;31m*[0;1;31m*[0m[0;31m* [0m] (2 of 2) A start job is running for /dev/vda2 (15s / 1min 34s)
M[K[   [0;31m*[0;1;31m*[0m[0;31m*[0m] (2 of 2) A start job is running for /dev/vda2 (16s / 1min 34s)
M[K[    [0;31m*[0;1;31m*[0m] (1 of 2) A start job is running for… All udev Devices (16s / no limit)
M[K[     [0;31m*[0m] (1 of 2) A start job is running for… All udev Devices (17s / no limit)
M[K[    [0;31m*[0;1;31m*[0m] (1 of 2) A start job is running for… All udev Devices (18s / no limit)
M[K[   [0;31m*[0;1;31m*[0m[0;31m*[0m] (2 of 2) A start job is running for /dev/vda2 (18s / 1min 34s)
M[K[  [0;31m*[0;1;31m*[0m[0;31m* [0m] (2 of 2) A start job is running for /dev/vda2 (19s / 1min 34s)
M[K[ [0;31m*[0;1;31m*[0m[0;31m*  [0m] (2 of 2) A start job is running for /dev/vda2 (19s / 1min 34s)
M[K[[0;31m*[0;1;31m*[0m[0;31m*   [0m] (1 of 2) A start job is running for… All udev Devices (20s / no limit)
M[K[[0;1;31m*[0m[0;31m*    [0m] (1 of 2) A start job is running for… All udev Devices (21s / no limit)
M[K[[0m[0;31m*     [0m] (1 of 2) A start job is running for… All udev Devices (21s / no limit)
M[K[[0;1;31m*[0m[0;31m*    [0m] (2 of 2) A start job is running for /dev/vda2 (22s / 1min 34s)
M[K[[0;31m*[0;1;31m*[0m[0;31m*   [0m] (2 of 2) A start job is running for /dev/vda2 (22s / 1min 34s)
M[K[ [0;31m*[0;1;31m*[0m[0;31m*  [0m] (2 of 2) A start job is running for /dev/vda2 (23s / 1min 34s)
M[K[  [0;31m*[0;1;31m*[0m[0;31m* [0m] (1 of 2) A start job is running for… All udev Devices (24s / no limit)
M[K[   [0;31m*[0;1;31m*[0m[0;31m*[0m] (1 of 2) A start job is running for… All udev Devices (24s / no limit)
M[K[    [0;31m*[0;1;31m*[0m] (1 of 2) A start job is running for… All udev Devices (25s / no limit)
M[K[     [0;31m*[0m] (2 of 2) A start job is running for /dev/vda2 (25s / 1min 34s)
M[K[    [0;31m*[0;1;31m*[0m] (2 of 2) A start job is running for /dev/vda2 (26s / 1min 34s)
M[K[   [0;31m*[0;1;31m*[0m[0;31m*[0m] (2 of 2) A start job is running for /dev/vda2 (26s / 1min 34s)
M[K[  [0;31m*[0;1;31m*[0m[0;31m* [0m] (1 of 2) A start job is running for… All udev Devices (27s / no limit)
M[K[ [0;31m*[0;1;31m*[0m[0;31m*  [0m] (1 of 2) A start job is running for… All udev Devices (28s / no limit)
M[K[[0;31m*[0;1;31m*[0m[0;31m*   [0m] (1 of 2) A start job is running for… All udev Devices (28s / no limit)
M[K[[0;32m  OK  [0m] Finished [0;1;39mColdplug All udev Devices[0m.
[K[[0;32m  OK  [0m] Reached target [0;1;39mSystem Initialization[0m.
[[0;32m  OK  [0m] Reached target [0;1;39mBasic System[0m.
[[0;1;31m*[0m[0;31m*    [0m] A start job is running for /dev/vda2 (31s / 1min 34s)
M[K[[0m[0;31m*     [0m] A start job is running for /dev/vda2 (32s / 1min 34s)
M[K[[0;1;31m*[0m[0;31m*    [0m] A start job is running for /dev/vda2 (33s / 1min 34s)
M[K[[0;31m*[0;1;31m*[0m[0;31m*   [0m] A start job is running for /dev/vda2 (33s / 1min 34s)
M[K[ [0;31m*[0;1;31m*[0m[0;31m*  [0m] A start job is running for /dev/vda2 (34s / 1min 34s)
M[K[  [0;31m*[0;1;31m*[0m[0;31m* [0m] A start job is running for /dev/vda2 (34s / 1min 34s)
M[K[   [0;31m*[0;1;31m*[0m[0;31m*[0m] A start job is running for /dev/vda2 (35s / 1min 34s)
M[K[    [0;31m*[0;1;31m*[0m] A start job is running for /dev/vda2 (35s / 1min 34s)
M[K[     [0;31m*[0m] A start job is running for /dev/vda2 (36s / 1min 34s)
M[K[[0;32m  OK  [0m] Found device [0;1;39m/dev/vda2[0m.
[K[[0;32m  OK  [0m] Reached target [0;1;39mInitrd Root Device[0m.
         Starting [0;1;39mFile System Check on /dev/vda2[0m...
[    [0;31m*[0;1;31m*[0m] A start job is running for File Sys…heck on /dev/vda2 (40s / no limit)
M[K[[0;32m  OK  [0m] Finished [0;1;39mFile System Check on /dev/vda2[0m.
[K         Mounting [0;1;39m/sysroot[0m...
[   52.889864] EXT4-fs (vda2): mounted filesystem b0ba26a0-dbf9-414c-a8e9-57b19d33e4da r/w with ordered data mode. Quota mode: none.
[[0;32m  OK  [0m] Mounted [0;1;39m/sysroot[0m.
[[0;32m  OK  [0m] Reached target [0;1;39mInitrd Root File System[0m.
         Starting [0;1;39mMountpoints Configured in the Real Root[0m...
[[0;32m  OK  [0m] Finished [0;1;39mMountpoints Configured in the Real Root[0m.
[[0;32m  OK  [0m] Reached target [0;1;39mInitrd File Systems[0m.
[[0;32m  OK  [0m] Reached target [0;1;39mInitrd Default Target[0m.
         Starting [0;1;39mCleaning Up and Shutting Down Daemons[0m...
[[0;32m  OK  [0m] Stopped target [0;1;39mInitrd Default Target[0m.
[[0;32m  OK  [0m] Stopped target [0;1;39mBasic System[0m.
[[0;32m  OK  [0m] Stopped target [0;1;39mInitrd Root Device[0m.
[[0;32m  OK  [0m] Stopped target [0;1;39mPath Units[0m.
[[0;32m  OK  [0m] Stopped target [0;1;39mSlice Units[0m.
[[0;32m  OK  [0m] Stopped target [0;1;39mSocket Units[0m.
[[0;32m  OK  [0m] Stopped target [0;1;39mSystem Initialization[0m.
[[0;32m  OK  [0m] Stopped target [0;1;39mSwaps[0m.
[[0;32m  OK  [0m] Stopped target [0;1;39mTimer Units[0m.
[[0;32m  OK  [0m] Stopped [0;1;39mLoad Kernel Modules[0m.
[[0;32m  OK  [0m] Stopped [0;1;39mCreate System Files and Directories[0m.
[[0;32m  OK  [0m] Stopped target [0;1;39mLocal File Systems[0m.
[[0;32m  OK  [0m] Stopped target [0;1;39mPreparation for Local File Systems[0m.
[[0;32m  OK  [0m] Stopped [0;1;39mColdplug All udev Devices[0m.
         Stopping [0;1;39mRule-based Manager for Device Events and Files[0m...
[[0;32m  OK  [0m] Finished [0;1;39mCleaning Up and Shutting Down Daemons[0m.
         Starting [0;1;39mVirtual Console Setup[0m...
[[0;32m  OK  [0m] Stopped [0;1;39mRule-based Manager for Device Events and Files[0m.
[[0;32m  OK  [0m] Closed [0;1;39mudev Control Socket[0m.
         Starting [0;1;39mCleanup udev Database[0m...
[[0;32m  OK  [0m] Stopped [0;1;39mCreate Static Device Nodes in /dev[0m.
[[0;32m  OK  [0m] Finished [0;1;39mVirtual Console Setup[0m.
[[0;32m  OK  [0m] Finished [0;1;39mCleanup udev Database[0m.
[[0;32m  OK  [0m] Reached target [0;1;39mSwitch Root[0m.
         Starting [0;1;39mSwitch Root[0m...
[   86.468674] systemd-journald[119]: Received SIGTERM from PID 1 (systemd).
P+q6E616D65\[18t[6n[32766;32766H[6n[!p]104\[0m[?7h[1G[0J[   88.713702] systemd[1]: systemd 260.1-2-arch running in system mode (+PAM +AUDIT -SELINUX +APPARMOR -IMA +IPE +SMACK +SECCOMP +GCRYPT +GNUTLS +OPENSSL +ACL +BLKID +CURL +ELFUTILS +FIDO2 +IDN2 +KMOD +LIBCRYPTSETUP +LIBCRYPTSETUP_PLUGINS +LIBFDISK +PCRE2 +PWQUALITY +P11KIT +QRENCODE +TPM2 +BZIP2 +LZ4 +XZ +ZLIB +ZSTD +BPF_FRAMEWORK -BTF +XKBCOMMON +UTMP +LIBARCHIVE)
[   88.720983] systemd[1]: Detected virtualization qemu.
[   88.723079] systemd[1]: Detected architecture arm64.

[0;1;39mWelcome to [0m[38;2;23;147;209mArch Linux ARM[0m[0;1;39m![0m

[   89.002527] systemd[1]: Hostname set to <arch-rpi5>.
]3008;start=641ee43e1cb14bacaf302ccd42ddd9ba;user=root;hostname=arch-rpi5;machineid=3105c89434844386ba383c6497b27f9e;bootid=98bc55ea24e84695a939bdd1d31bb495;pid=1;pidfdid=1;comm=systemd;type=boot\[   91.787781] systemd[1]: bpf-restrict-fs: BPF LSM hook not enabled in the kernel, BPF LSM not supported.
[   95.590992] NET: Registered PF_VSOCK protocol family
[  100.738640] systemd[1]: initrd-switch-root.service: Deactivated successfully.
[  100.754370] systemd[1]: Stopped Switch Root.
[[0;32m  OK  [0m] Stopped [0;1;39mSwitch Root[0m.
[  100.826042] systemd[1]: systemd-journald.service: Scheduled restart job, restart counter is at 1.
[  100.868047] systemd[1]: Created slice Slice /system/dirmngr.
[[0;32m  OK  [0m] Created slice [0;1;39mSlice /system/dirmngr[0m.
[  100.898876] systemd[1]: Created slice Slice /system/getty.
[[0;32m  OK  [0m] Created slice [0;1;39mSlice /system/getty[0m.
[  100.926806] systemd[1]: Created slice Slice /system/gpg-agent.
[[0;32m  OK  [0m] Created slice [0;1;39mSlice /system/gpg-agent[0m.
[  100.965686] systemd[1]: Created slice Slice /system/gpg-agent-browser.
[[0;32m  OK  [0m] Created slice [0;1;39mSlice /system/gpg-agent-browser[0m.
[  101.018096] systemd[1]: Created slice Slice /system/gpg-agent-extra.
[[0;32m  OK  [0m] Created slice [0;1;39mSlice /system/gpg-agent-extra[0m.
[  101.058925] systemd[1]: Created slice Slice /system/gpg-agent-ssh.
[[0;32m  OK  [0m] Created slice [0;1;39mSlice /system/gpg-agent-ssh[0m.
[  101.096707] systemd[1]: Created slice Slice /system/keyboxd.
[[0;32m  OK  [0m] Created slice [0;1;39mSlice /system/keyboxd[0m.
[  101.134145] systemd[1]: Created slice Slice /system/modprobe.
[[0;32m  OK  [0m] Created slice [0;1;39mSlice /system/modprobe[0m.
[  101.165139] systemd[1]: Created slice Slice /system/serial-getty.
[[0;32m  OK  [0m] Created slice [0;1;39mSlice /system/serial-getty[0m.
[  101.187986] systemd[1]: Created slice User and Session Slice.
[[0;32m  OK  [0m] Created slice [0;1;39mUser and Session Slice[0m.
[  101.220789] systemd[1]: Started Dispatch Password Requests to Console Directory Watch.
[[0;32m  OK  [0m] Started [0;1;39mDispatch Password Requests to Console Directory Watch[0m.
[  101.237950] systemd[1]: Started Forward Password Requests to Wall Directory Watch.
[[0;32m  OK  [0m] Started [0;1;39mForward Password Requests to Wall Directory Watch[0m.
[  101.274021] systemd[1]: Set up automount Arbitrary Executable File Formats File System Automount Point.
[[0;32m  OK  [0m] Set up automount [0;1;39mArbitrary Executa…ormats File System Automount Point[0m.
[  101.287098] systemd[1]: Expecting device /dev/disk/by-uuid/3FBC-1B42...
         Expecting device [0;1;39m/dev/disk/by-uuid/3FBC-1B42[0m...
[  101.295055] systemd[1]: Expecting device /dev/ttyAMA0...
         Expecting device [0;1;39m/dev/ttyAMA0[0m...
[  101.300928] systemd[1]: Reached target Image Downloads.
[[0;32m  OK  [0m] Reached target [0;1;39mImage Downloads[0m.
[  101.306783] systemd[1]: Stopped target Switch Root.
[[0;32m  OK  [0m] Stopped target [0;1;39mSwitch Root[0m.
[  101.313006] systemd[1]: Stopped target Initrd File Systems.
[[0;32m  OK  [0m] Stopped target [0;1;39mInitrd File Systems[0m.
[  101.320990] systemd[1]: Stopped target Initrd Root File System.
[[0;32m  OK  [0m] Stopped target [0;1;39mInitrd Root File System[0m.
[  101.328498] systemd[1]: Reached target Local Integrity Protected Volumes.
[[0;32m  OK  [0m] Reached target [0;1;39mLocal Integrity Protected Volumes[0m.
[  101.335855] systemd[1]: Reached target Path Units.
[[0;32m  OK  [0m] Reached target [0;1;39mPath Units[0m.
[  101.340828] systemd[1]: Reached target Remote File Systems.
[[0;32m  OK  [0m] Reached target [0;1;39mRemote File Systems[0m.
[  101.346871] systemd[1]: Reached target Slice Units.
[[0;32m  OK  [0m] Reached target [0;1;39mSlice Units[0m.
[  101.351567] systemd[1]: Reached target Swaps.
[[0;32m  OK  [0m] Reached target [0;1;39mSwaps[0m.
[  101.360567] systemd[1]: Reached target Local Verity Protected Volumes.
[[0;32m  OK  [0m] Reached target [0;1;39mLocal Verity Protected Volumes[0m.
[  101.386050] systemd[1]: Listening on Device-mapper event daemon FIFOs.
[[0;32m  OK  [0m] Listening on [0;1;39mDevice-mapper event daemon FIFOs[0m.
[  101.456712] systemd[1]: Listening on Query the User Interactively for a Password.
[[0;32m  OK  [0m] Listening on [0;1;39mQuery the User Interactively for a Password[0m.
[  101.519031] systemd[1]: Listening on Process Core Dump Socket.
[[0;32m  OK  [0m] Listening on [0;1;39mProcess Core Dump Socket[0m.
[  101.563631] systemd[1]: Listening on Credential Encryption/Decryption.
[[0;32m  OK  [0m] Listening on [0;1;39mCredential Encryption/Decryption[0m.
[  101.629871] systemd[1]: Listening on Factory Reset Management.
[[0;32m  OK  [0m] Listening on [0;1;39mFactory Reset Management[0m.
[  101.697524] systemd[1]: Listening on Console Output Muting Service Socket.
[[0;32m  OK  [0m] Listening on [0;1;39mConsole Output Muting Service Socket[0m.
[  101.721044] systemd[1]: Listening on Network Management Resolve Hook Socket.
[[0;32m  OK  [0m] Listening on [0;1;39mNetwork Management Resolve Hook Socket[0m.
[  101.739160] systemd[1]: Listening on Network Management Metrics Varlink Socket.
[[0;32m  OK  [0m] Listening on [0;1;39mNetwork Management Metrics Varlink Socket[0m.
[  101.759765] systemd[1]: Listening on Network Management Varlink Socket.
[[0;32m  OK  [0m] Listening on [0;1;39mNetwork Management Varlink Socket[0m.
[  101.782081] systemd[1]: Listening on Network Management Netlink Socket.
[[0;32m  OK  [0m] Listening on [0;1;39mNetwork Management Netlink Socket[0m.
[  101.795824] systemd[1]: TPM PCR Measurements skipped, unmet condition check ConditionSecurity=measured-uki
[  101.800110] systemd[1]: Make TPM PCR Policy skipped, unmet condition check ConditionSecurity=measured-uki
[  101.859513] systemd[1]: Listening on Disk Repartitioning Service Socket.
[[0;32m  OK  [0m] Listening on [0;1;39mDisk Repartitioning Service Socket[0m.
[  101.875036] systemd[1]: Listening on Resolve Monitor Varlink Socket.
[[0;32m  OK  [0m] Listening on [0;1;39mResolve Monitor Varlink Socket[0m.
[  101.892689] systemd[1]: Listening on Resolve Service Varlink Socket.
[[0;32m  OK  [0m] Listening on [0;1;39mResolve Service Varlink Socket[0m.
[  101.908661] systemd[1]: Listening on udev Control Socket.
[[0;32m  OK  [0m] Listening on [0;1;39mudev Control Socket[0m.
[  101.925532] systemd[1]: Listening on udev Varlink Socket.
[[0;32m  OK  [0m] Listening on [0;1;39mudev Varlink Socket[0m.
[  101.943796] systemd[1]: Listening on User Database Manager Socket.
[[0;32m  OK  [0m] Listening on [0;1;39mUser Database Manager Socket[0m.
[  102.096966] systemd[1]: Mounting Huge Pages File System...
         Mounting [0;1;39mHuge Pages File System[0m...
[  102.164890] systemd[1]: Mounting POSIX Message Queue File System...
         Mounting [0;1;39mPOSIX Message Queue File System[0m...
[  102.331041] systemd[1]: Mounting Kernel Debug File System...
         Mounting [0;1;39mKernel Debug File System[0m...
[  102.348706] systemd[1]: Kernel Trace File System skipped, unmet condition check ConditionPathExists=/sys/kernel/tracing
[  102.396739] systemd[1]: tmp.mount: x-systemd.graceful-option=usrquota specified, but option is not available, suppressing.
[  102.482158] systemd[1]: Mounting Temporary Directory /tmp...
         Mounting [0;1;39mTemporary Directory /tmp[0m...
[  102.773161] systemd[1]: Starting Create List of Static Device Nodes...
         Starting [0;1;39mCreate List of Static Device Nodes[0m...
[  102.789963] systemd[1]: Load Kernel Module configfs skipped, unmet condition check ConditionKernelModuleLoaded=!configfs
[  103.057772] systemd[1]: Mounting Kernel Configuration File System...
         Mounting [0;1;39mKernel Configuration File System[0m...
[  103.090165] systemd[1]: Load Kernel Module drm skipped, unmet condition check ConditionKernelModuleLoaded=!drm
[  103.673876] systemd[1]: Starting Load Kernel Module fuse...
         Starting [0;1;39mLoad Kernel Module fuse[0m...
[  103.742181] systemd[1]: Clear Stale Hibernate Storage Info skipped, unmet condition check ConditionPathExists=/sys/firmware/efi/efivars/HibernateLocation-8cf2644b-4b0b-428f-9387-6d876050dc67
[  104.371893] systemd[1]: Starting Journal Service...
         Starting [0;1;39mJournal Service[0m...
[  104.513908] systemd[1]: Load Kernel Modules skipped, no trigger condition checks were met.
[  104.552854] systemd[1]: TPM PCR Machine ID Measurement skipped, unmet condition check ConditionSecurity=measured-uki
[  104.713011] systemd[1]: Starting Remount Root and Kernel File Systems...
         Starting [0;1;39mRemount Root and Kernel File Systems[0m...
[  105.566982] fuse: init (API version 7.45)
[  105.628619] systemd[1]: Starting Apply Kernel Variables...
         Starting [0;1;39mApply Kernel Variables[0m...
[  105.645965] systemd[1]: Early TPM SRK Setup skipped, unmet condition check ConditionSecurity=measured-uki
[  106.058722] systemd[1]: Starting Load udev Rules from Credentials...
         Starting [0;1;39mLoad udev Rules from Credentials[0m...
[  106.428955] systemd[1]: Starting Coldplug All udev Devices...
         Starting [0;1;39mColdplug All udev Devices[0m...
[  106.449838] systemd[1]: systemd-vconsole-setup.service: Deactivated successfully.
[  106.466913] systemd[1]: Stopped Virtual Console Setup.
[[0;32m  OK  [0m] Stopped [0;1;39mVirtual Console Setup[0m.
[  106.488478] systemd[1]: systemd-vconsole-setup.service: Consumed 1.589s CPU time over 45.356s wall clock time, 2.2M memory peak.
[  107.241116] systemd[1]: Mounted Huge Pages File System.
[[0;32m  OK  [0m] Mounted [0;1;39mHuge Pages File System[0m.
[  107.324656] systemd[1]: Mounted POSIX Message Queue File System.
[[0;32m  OK  [0m] Mounted [0;1;39mPOSIX Message Queue File System[0m.
[  107.506727] systemd[1]: Mounted Kernel Debug File System.
[[0;32m  OK  [0m] Mounted [0;1;39mKernel Debug File System[0m.
[  107.969830] systemd[1]: Mounted Temporary Directory /tmp.
[[0;32m  OK  [0m] Mounted [0;1;39mTemporary Directory /tmp[0m.
[  108.046725] systemd[1]: Finished Create List of Static Device Nodes.
[[0;32m  OK  [0m] Finished [0;1;39mCreate List of Static Device Nodes[0m.
[  108.076614] systemd[1]: Mounted Kernel Configuration File System.
[[0;32m  OK  [0m] Mounted [0;1;39mKernel Configuration File System[0m.
[  108.106742] EXT4-fs (vda2): re-mounted b0ba26a0-dbf9-414c-a8e9-57b19d33e4da.
[  108.206769] systemd[1]: modprobe@fuse.service: Deactivated successfully.
[  108.324940] systemd[1]: Finished Load Kernel Module fuse.
[  108.336702] hrtimer: interrupt took 2977680 ns
[[0;32m  OK  [0m] Finished [0;1;39mLoad Kernel Module fuse[0m.
[  108.343713] systemd[1]: modprobe@fuse.service: Consumed 1.175s CPU time over 4.570s wall clock time, 2.2M memory peak.
[  108.594940] systemd[1]: Finished Remount Root and Kernel File Systems.
[[0;32m  OK  [0m] Finished [0;1;39mRemount Root and Kernel File Systems[0m.
[  108.728928] systemd[1]: Mounting FUSE Control File System...
         Mounting [0;1;39mFUSE Control File System[0m...
[  108.821055] systemd[1]: Rebuild Hardware Database skipped, unmet condition check ConditionNeedsUpdate=/etc
[  109.060564] systemd[1]: Starting Load/Save OS Random Seed...
         Starting [0;1;39mLoad/Save OS Random Seed[0m...
[  109.471195] systemd[1]: Starting Create Static Device Nodes in /dev gracefully...
         Starting [0;1;39mCreate Static Device Nodes in /dev gracefully[0m...
[  109.501630] systemd[1]: TPM SRK Setup skipped, unmet condition check ConditionSecurity=measured-uki
[  109.504698] systemd-journald[334]: Collecting audit messages is disabled.
[  109.513795] systemd[1]: TPM PCR NvPCR Initialization Separator skipped, unmet condition check ConditionSecurity=measured-uki
[  109.523135] systemd[1]: Reached target Local Encrypted Volumes.
[[0;32m  OK  [0m] Reached target [0;1;39mLocal Encrypted Volumes[0m.
[  109.551065] systemd[1]: TPM NvPCR Product ID Measurement skipped, unmet condition check ConditionSecurity=measured-uki
[  110.003961] systemd[1]: Finished Apply Kernel Variables.
[[0;32m  OK  [0m] Finished [0;1;39mApply Kernel Variables[0m.
[  110.549063] systemd[1]: Finished Load udev Rules from Credentials.
[[0;32m  OK  [0m] Finished [0;1;39mLoad udev Rules from Credentials[0m.
[  110.664848] systemd[1]: Started Journal Service.
[[0;32m  OK  [0m] Started [0;1;39mJournal Service[0m.
         Starting [0;1;39mFlush Journal to Persistent Storage[0m...
[[0;32m  OK  [0m] Mounted [0;1;39mFUSE Control File System[0m.
[[0;32m  OK  [0m] Finished [0;1;39mLoad/Save OS Random Seed[0m.
         Starting [0;1;39mUser Database Manager[0m...
[  113.093786] systemd-journald[334]: Received client request to flush runtime journal.
[  113.358000] systemd-journald[334]: File /var/log/journal/3105c89434844386ba383c6497b27f9e/system.journal corrupted or uncleanly shut down, renaming and replacing.
         Mounting [0;1;39mArbitrary Executable File Formats File System[0m...
[[0m[0;31m*     [0m] (1 of 7) A start job is running for…mats File System (84ms / 1min 30s)
M[K[[0;32m  OK  [0m] Finished [0;1;39mFlush Journal to Persistent Storage[0m.
[K[[0;32m  OK  [0m] Mounted [0;1;39mArbitrary Executable File Formats File System[0m.
[[0;32m  OK  [0m] Started [0;1;39mUser Database Manager[0m.
[[0;32m  OK  [0m] Finished [0;1;39mCreate Static Device Nodes in /dev gracefully[0m.
         Starting [0;1;39mJournal Log Access Socket[0m...
         Starting [0;1;39mNetwork Name Resolution[0m...
         Starting [0;1;39mCreate Static Device Nodes in /dev[0m...
[[0;32m  OK  [0m] Listening on [0;1;39mJournal Log Access Socket[0m.
[[0;1;31m*[0m[0;31m*    [0m] (1 of 5) A start job is running for /dev/ttyAMA0 (20s / 1min 31s)
M[K[[0;31m*[0;1;31m*[0m[0;31m*   [0m] (1 of 5) A start job is running for /dev/ttyAMA0 (21s / 1min 31s)
M[K[ [0;31m*[0;1;31m*[0m[0;31m*  [0m] (2 of 5) A start job is running for… All udev Devices (21s / no limit)
M[K[  [0;31m*[0;1;31m*[0m[0;31m* [0m] (2 of 5) A start job is running for… All udev Devices (21s / no limit)
M[K[   [0;31m*[0;1;31m*[0m[0;31m*[0m] (2 of 5) A start job is running for… All udev Devices (22s / no limit)
M[K[[0;32m  OK  [0m] Finished [0;1;39mCreate Static Device Nodes in /dev[0m.
[K[[0;32m  OK  [0m] Reached target [0;1;39mPreparation for Local File Systems[0m.
[[0;32m  OK  [0m] Reached target [0;1;39mLocal File Systems[0m.
[[0;32m  OK  [0m] Listening on [0;1;39mBoot Loader Control Service Socket[0m.
[[0;32m  OK  [0m] Listening on [0;1;39mDisk Image Download Service Socket[0m.
[[0;32m  OK  [0m] Listening on [0;1;39mSystem Extension Image Management[0m.
         Starting [0;1;39mRepartition Root Disk[0m...
         Starting [0;1;39mCreate System Files and Directories[0m...
         Starting [0;1;39mRule-based Manager for Device Events and Files[0m...
         Starting [0;1;39mLoad JSON user/group Records from Credentials[0m...
[[0;32m  OK  [0m] Started [0;1;39mNetwork Name Resolution[0m.
[[0;32m  OK  [0m] Reached target [0;1;39mHost and Network Name Lookups[0m.
[[0;32m  OK  [0m] Finished [0;1;39mLoad JSON user/group Records from Credentials[0m.
[[0;32m  OK  [0m] Finished [0;1;39mRepartition Root Disk[0m.
         Starting [0;1;39mGrow Root File System[0m...
[  128.560835] EXT4-fs (vda2): resizing filesystem from 507392 to 507392 blocks
[[0;32m  OK  [0m] Finished [0;1;39mGrow Root File System[0m.
[    [0;31m*[0;1;31m*[0m] (3 of 5) A start job is running for… Events and Files (31s / 1min 52s)
M[K[[0;32m  OK  [0m] Started [0;1;39mRule-based Manager for Device Events and Files[0m.
[K         Starting [0;1;39mNetwork Management[0m...
[     [0;31m*[0m] (3 of 5) A start job is running for… All udev Devices (33s / no limit)
M[K[    [0;31m*[0;1;31m*[0m] (3 of 5) A start job is running for… All udev Devices (34s / no limit)
M[K[   [0;31m*[0;1;31m*[0m[0;31m*[0m] (4 of 5) A start job is running for…by-uuid/3FBC-1B42 (34s / 1min 31s)
M[K[  [0;31m*[0;1;31m*[0m[0;31m* [0m] (4 of 5) A start job is running for…by-uuid/3FBC-1B42 (34s / 1min 31s)
M[K[ [0;31m*[0;1;31m*[0m[0;31m*  [0m] (4 of 5) A start job is running for…by-uuid/3FBC-1B42 (35s / 1min 31s)
M[K[[0;31m*[0;1;31m*[0m[0;31m*   [0m] (5 of 5) A start job is running for Network Management (35s / 2min 1s)
M[K[[0;1;31m*[0m[0;31m*    [0m] (5 of 5) A start job is running for Network Management (35s / 2min 1s)
M[K[[0m[0;31m*     [0m] (5 of 5) A start job is running for Network Management (36s / 2min 1s)
M[K[[0;1;31m*[0m[0;31m*    [0m] (1 of 5) A start job is running for /dev/ttyAMA0 (36s / 1min 31s)
[  136.914895] cfg80211: Loading compiled-in X.509 certificates for regulatory database
M[K[[0;31m*[0;1;31m*[0m[0;31m*   [0m] (1 of 5) A start job is running for /dev/ttyAMA0 (36s / 1min 31s)
M[K[[0;32m  OK  [0m] Finished [0;1;39mCreate System Files and Directories[0m.
[K[  137.647793] Loaded X.509 cert 'sforshee: 00b28ddf47aef9cea7'
[  137.654568] Loaded X.509 cert 'wens: 61c038651aabdcf94bd0ac7ff06c7248db18c600'
[  137.683977] faux_driver regulatory: Direct firmware load for regulatory.db failed with error -2
[  137.696047] cfg80211: failed to load regulatory.db
         Starting [0;1;39mRecord System Boot/Shutdown in UTMP[0m...
[[0;32m  OK  [0m] Finished [0;1;39mColdplug All udev Devices[0m.
[[0;32m  OK  [0m] Started [0;1;39mNetwork Management[0m.
[[0;32m  OK  [0m] Reached target [0;1;39mNetwork[0m.
         Starting [0;1;39mEnable Persistent Storage in systemd-networkd[0m...
[[0;32m  OK  [0m] Finished [0;1;39mRecord System Boot/Shutdown in UTMP[0m.
[[0;32m  OK  [0m] Reached target [0;1;39mSystem Initialization[0m.
[[0;32m  OK  [0m] Started [0;1;39mRefresh existing PGP keys of archlinux-keyring regularly[0m.
[[0;32m  OK  [0m] Started [0;1;39mDaily verification of password and group files[0m.
[[0;32m  OK  [0m] Started [0;1;39mDaily Cleanup of Temporary Directories[0m.
[[0;32m  OK  [0m] Reached target [0;1;39mTimer Units[0m.
[[0;32m  OK  [0m] Listening on [0;1;39mD-Bus System Message Bus Socket[0m.
[[0;32m  OK  [0m] Listening on [0;1;39mGnuPG network certifi…ent daemon for /etc/pacman.d/gnupg[0m.
[[0;32m  OK  [0m] Listening on [0;1;39mGnuPG cryptographic a… browsers) for /etc/pacman.d/gnupg[0m.
[[0;32m  OK  [0m] Listening on [0;1;39mGnuPG cryptographic a…estricted) for /etc/pacman.d/gnupg[0m.
[[0;32m  OK  [0m] Listening on [0;1;39mGnuPG cryptographic a…emulation) for /etc/pacman.d/gnupg[0m.
[[0;32m  OK  [0m] Listening on [0;1;39mGnuPG cryptographic a…rase cache for /etc/pacman.d/gnupg[0m.
[[0;32m  OK  [0m] Listening on [0;1;39mGnuPG public key mana…nt service for /etc/pacman.d/gnupg[0m.
[[0;32m  OK  [0m] Listening on [0;1;39mOpenSSH Server Socket…temd-ssh-generator, AF_UNIX Local)[0m.
[[0;32m  OK  [0m] Listening on [0;1;39mHostname Service Socket[0m.
[[0;32m  OK  [0m] Listening on [0;1;39mUser Login Management Varlink Socket[0m.
[[0;32m  OK  [0m] Listening on [0;1;39mVirtual Machine and C…tainer Registration Service Socket[0m.
[[0;32m  OK  [0m] Reached target [0;1;39mSocket Units[0m.
         Starting [0;1;39mD-Bus System Message Bus[0m...
[[0;32m  OK  [0m] Finished [0;1;39mEnable Persistent Storage in systemd-networkd[0m.
[[0;32m  OK  [0m] Started [0;1;39mD-Bus System Message Bus[0m.
[[0;32m  OK  [0m] Reached target [0;1;39mBasic System[0m.
         Starting [0;1;39mComplete first boot provisioning[0m...
         Starting [0;1;39mOpenSSH Daemon[0m...
         Starting [0;1;39mUser Login Management[0m...
         Starting [0;1;39mPermit User Sessions[0m...
[[0;1;31mFAILED[0m] Failed to start [0;1;39mComplete first boot provisioning[0m.
See 'systemctl status rpi5-firstboot.service' for details.
[[0;32m  OK  [0m] Started [0;1;39mOpenSSH Daemon[0m.
[[0;32m  OK  [0m] Reached target [0;1;39mSSH Access Available[0m.
[[0;32m  OK  [0m] Finished [0;1;39mPermit User Sessions[0m.
[[0;32m  OK  [0m] Started [0;1;39mGetty on tty1[0m.
[ [0;31m*[0;1;31m*[0m[0;31m*  [0m] (3 of 3) A start job is running for…by-uuid/3FBC-1B42 (49s / 1min 31s)
M[K[[0;32m  OK  [0m] Started [0;1;39mUser Login Management[0m.
[K[[0;32m  OK  [0m] Started [0;1;39mSerial Getty on ttyAMA0[0m.
[[0;32m  OK  [0m] Reached target [0;1;39mLogin Prompts[0m.
[[0;32m  OK  [0m] Reached target [0;1;39mMulti-User System[0m.
[[0;32m  OK  [0m] Reached target [0;1;39mGraphical Interface[0m.
[!p]104\[0m[?7h[1G[0J[6n[32766;32766H[6n[!p]104\[0m[?7h[1G[0J[6n[32766;32766H[6n]3008;start=43daf7e28c444b1bba96d815f8a6a76e;user=root;hostname=arch-rpi5;machineid=3105c89434844386ba383c6497b27f9e;bootid=98bc55ea24e84695a939bdd1d31bb495;pid=430;pidfdid=12379;comm=(agetty);servicename=serial-getty@ttyAMA0.service;invocationid=aad3612a993a4007bb6e2f401a51ca59;type=service\P+q6E616D65\
Arch Linux ARM 7.0.9-1-aarch64-ARCH (ttyAMA0)

arch-rpi5 login: [  158.232971] FAT-fs (vda1): Volume was not properly unmounted. Some data may be corrupt. Please run fsck.
[  168.873884] physmap-flash 0.flash: physmap platform flash device: [mem 0x00000000-0x03ffffff]
[  169.469073] 0.flash: Found 2 x16 devices at 0x0 in 32-bit bank. Manufacturer ID 0x000000 Chip ID 0x000000
[  170.186588] Intel/Sharp Extended Query Table at 0x0031
[  170.221579] Using buffer write method
[  170.255663] physmap-flash 0.flash: physmap platform flash device: [mem 0x04000000-0x07ffffff]
[  170.289701] 0.flash: Found 2 x16 devices at 0x0 in 32-bit bank. Manufacturer ID 0x000000 Chip ID 0x000000
[  170.325735] Intel/Sharp Extended Query Table at 0x0031
[  170.370052] Using buffer write method
[  170.391919] Concatenating MTD devices:
[  170.414194] (0): "0.flash"
[  170.433851] (1): "0.flash"
[  170.434687] into device "0.flash"
[  172.544085] input: gpio-keys as /devices/platform/gpio-keys/input/input0
[  174.087920] virtio_net virtio0 enp0s1: renamed from eth0
./dist/bin/rpi5-archlinux-image: line 941: 359716 Killed                  qemu-system-aarch64 -M virt -cpu cortex-a72 -smp 4 -m 2048 -nographic -kernel /home/dryamov/zz/rpi5-archlinux/dist/images/qemu-boot/Image -initrd /home/dryamov/zz/rpi5-archlinux/dist/images/qemu-boot/initramfs-linux.img -append root=/dev/vda2\ rw\ rootwait\ console=ttyAMA0 -drive file=/home/dryamov/zz/rpi5-archlinux/dist/images/archlinux-qemu-aarch64.img\,format=raw\,if=virtio -netdev user\,id=net0\,hostfwd=tcp::2222-:22 -device virtio-net-pci\,netdev=net0
