[sudo] password for dryamov: [0;90m[2026-05-25 18:15:08][0m [0;34m[1m[INFO][0m Starting QEMU. SSH will be forwarded from localhost:2222 to guest port 22.
[    0.000000] Booting Linux on physical CPU 0x0000000000 [0x410fd083]
[    0.000000] Linux version 7.0.9-1-aarch64-ARCH (builduser@arch-nspawn-135112) (aarch64-unknown-linux-gnu-gcc (GCC) 16.1.1 20260430, GNU ld (GNU Binutils) 2.46.0) #1 SMP PREEMPT_DYNAMIC Mon May 18 12:59:58 UTC 2026
[    0.000000] random: crng init done
[    0.000000] Machine model: linux,dummy-virt
[    0.000000] efi: UEFI not found.
[    0.000000] OF: reserved mem: Reserved memory: No reserved-memory node in the DT
[    0.000000] cma: Reserved 64 MiB at 0x00000000bbc00000
[    0.000000] psci: probing for conduit method from DT.
[    0.000000] psci: PSCIv1.1 detected in firmware.
[    0.000000] psci: Using standard PSCI v0.2 function IDs
[    0.000000] psci: Trusted OS migration not required
[    0.000000] psci: SMC Calling Convention v1.0
[    0.000000] Zone ranges:
[    0.000000]   DMA      [mem 0x0000000040000000-0x00000000bfffffff]
[    0.000000]   DMA32    empty
[    0.000000]   Normal   empty
[    0.000000] Movable zone start for each node
[    0.000000] Early memory node ranges
[    0.000000]   node   0: [mem 0x0000000040000000-0x00000000bfffffff]
[    0.000000] Initmem setup node 0 [mem 0x0000000040000000-0x00000000bfffffff]
[    0.000000] percpu: Embedded 25 pages/cpu s62872 r8192 d31336 u102400
[    0.000000] Detected PIPT I-cache on CPU0
[    0.000000] CPU features: detected: Spectre-v2
[    0.000000] CPU features: detected: Spectre-v4
[    0.000000] CPU features: detected: Spectre-BHB
[    0.000000] CPU features: detected: ARM erratum 1742098
[    0.000000] CPU features: detected: ARM errata 1165522, 1319367, or 1530923
[    0.000000] alternatives: applying boot alternatives
[    0.000000] Kernel command line: root=/dev/vda2 rw rootwait console=ttyAMA0
[    0.000000] printk: log buffer data + meta data: 262144 + 1114112 = 1376256 bytes
[    0.000000] Dentry cache hash table entries: 262144 (order: 9, 2097152 bytes, linear)
[    0.000000] Inode-cache hash table entries: 131072 (order: 8, 1048576 bytes, linear)
[    0.000000] software IO TLB: SWIOTLB bounce buffer size adjusted to 2MB
[    0.000000] software IO TLB: area num 4.
[    0.000000] software IO TLB: mapped [mem 0x00000000b9600000-0x00000000b9800000] (2MB)
[    0.000000] Built 1 zonelists, mobility grouping on.  Total pages: 524288
[    0.000000] mem auto-init: stack:off, heap alloc:off, heap free:off
[    0.000000] SLUB: HWalign=64, Order=0-3, MinObjects=0, CPUs=4, Nodes=1
[    0.000000] Dynamic Preempt: full
[    0.000000] rcu: Preemptible hierarchical RCU implementation.
[    0.000000] rcu: 	RCU restricting CPUs from NR_CPUS=64 to nr_cpu_ids=4.
[    0.000000] 	Trampoline variant of Tasks RCU enabled.
[    0.000000] 	Tracing variant of Tasks RCU enabled.
[    0.000000] rcu: RCU calculated value of scheduler-enlistment delay is 100 jiffies.
[    0.000000] rcu: Adjusting geometry for rcu_fanout_leaf=16, nr_cpu_ids=4
[    0.000000] RCU Tasks: Setting shift to 2 and lim to 1 rcu_task_cb_adjust=1 rcu_task_cpu_ids=4.
[    0.000000] NR_IRQS: 64, nr_irqs: 64, preallocated irqs: 0
[    0.000000] Root IRQ handler: gic_handle_irq
[    0.000000] GICv2m: range[mem 0x08020000-0x08020fff], SPI[80:143]
[    0.000000] rcu: srcu_init: Setting srcu_struct sizes based on contention.
[    0.000000] arch_timer: cp15 timer running at 62.50MHz (virt).
[    0.000000] clocksource: arch_sys_counter: mask: 0x1ffffffffffffff max_cycles: 0x1cd42e208c, max_idle_ns: 881590405314 ns
[    0.000184] sched_clock: 57 bits at 63MHz, resolution 16ns, wraps every 4398046511096ns
[    0.032402] Console: colour dummy device 80x25
[    0.037949] Calibrating delay loop (skipped), value calculated using timer frequency.. 125.00 BogoMIPS (lpj=62500)
[    0.038298] pid_max: default: 32768 minimum: 301
[    0.048563] Yama: becoming mindful.
[    0.050841] landlock: Up and running.
[    0.056365] Mount-cache hash table entries: 4096 (order: 3, 32768 bytes, linear)
[    0.056516] Mountpoint-cache hash table entries: 4096 (order: 3, 32768 bytes, linear)
[    0.097214] VFS: Finished mounting rootfs on nullfs
[    0.202066] cacheinfo: Unable to detect cache hierarchy for CPU 0
[    0.252772] rcu: Hierarchical SRCU implementation.
[    0.252948] rcu: 	Max phase no-delay instances is 400.
[    0.261615] Timer migration: 1 hierarchy levels; 8 children per group; 1 crossnode level
[    0.279846] EFI services will not be available.
[    0.286877] smp: Bringing up secondary CPUs ...
[    0.316234] Detected PIPT I-cache on CPU1
[    0.318836] CPU1: Booted secondary processor 0x0000000001 [0x410fd083]
[    0.336882] Detected PIPT I-cache on CPU2
[    0.337604] CPU2: Booted secondary processor 0x0000000002 [0x410fd083]
[    0.361984] Detected PIPT I-cache on CPU3
[    0.362940] CPU3: Booted secondary processor 0x0000000003 [0x410fd083]
[    0.395321] smp: Brought up 1 node, 4 CPUs
[    0.395461] SMP: Total of 4 processors activated.
[    0.395605] CPU: All CPU(s) started at EL1
[    0.397295] CPU features: detected: 32-bit EL0 Support
[    0.398079] CPU features: detected: 32-bit EL1 Support
[    0.398344] CPU features: detected: CRC32 instructions
[    0.399568] CPU features: detected: PMUv3
[    0.472573] alternatives: applying system-wide alternatives
[    0.618707] Memory: 1927032K/2097152K available (21952K kernel code, 4794K rwdata, 12576K rodata, 2752K init, 720K bss, 101268K reserved, 65536K cma-reserved)
[    0.752926] devtmpfs: initialized
[    0.845560] clocksource: jiffies: mask: 0xffffffff max_cycles: 0xffffffff, max_idle_ns: 1911260446275000 ns
[    0.848838] posixtimers hash table entries: 2048 (order: 3, 32768 bytes, linear)
[    0.854951] futex hash table entries: 1024 (65536 bytes on 1 NUMA nodes, total 64 KiB, linear).
[    0.861718] 22016 pages in range for non-PLT usage
[    0.861875] 513536 pages in range for PLT usage
[    0.910689] DMI not present or invalid.
[    0.994935] NET: Registered PF_NETLINK/PF_ROUTE protocol family
[    1.051491] DMA: preallocated 256 KiB GFP_KERNEL|GFP_DMA pool for atomic allocations
[    1.052887] audit: initializing netlink subsys (disabled)
[    1.059548] audit: type=2000 audit(0.702:1): state=initialized audit_enabled=0 res=1
[    1.093350] thermal_sys: Registered thermal governor 'fair_share'
[    1.093507] thermal_sys: Registered thermal governor 'bang_bang'
[    1.093558] thermal_sys: Registered thermal governor 'step_wise'
[    1.093574] thermal_sys: Registered thermal governor 'user_space'
[    1.093589] thermal_sys: Registered thermal governor 'power_allocator'
[    1.096669] cpuidle: using governor ladder
[    1.097853] cpuidle: using governor menu
[    1.102550] hw-breakpoint: found 6 breakpoint and 4 watchpoint registers.
[    1.106461] ASID allocator initialised with 65536 entries
[    1.129665] Serial: AMBA PL011 UART driver
[    1.365803] 9000000.pl011: ttyAMA0 at MMIO 0x9000000 (irq = 13, base_baud = 0) is a PL011 rev1
[    1.374466] printk: console [ttyAMA0] enabled
[    1.523680] HugeTLB: registered 1.00 GiB page size, pre-allocated 0 pages
[    1.524029] HugeTLB: 0 KiB vmemmap can be freed for a 1.00 GiB page
[    1.524369] HugeTLB: registered 32.0 MiB page size, pre-allocated 0 pages
[    1.524454] HugeTLB: 0 KiB vmemmap can be freed for a 32.0 MiB page
[    1.524580] HugeTLB: registered 2.00 MiB page size, pre-allocated 0 pages
[    1.524657] HugeTLB: 0 KiB vmemmap can be freed for a 2.00 MiB page
[    1.524779] HugeTLB: registered 64.0 KiB page size, pre-allocated 0 pages
[    1.524848] HugeTLB: 0 KiB vmemmap can be freed for a 64.0 KiB page
[    1.595076] raid6: neonx8   gen()  1010 MB/s
[    1.618881] raid6: neonx4   gen()   612 MB/s
[    1.643355] raid6: neonx2   gen()   670 MB/s
[    1.667133] raid6: neonx1   gen()   312 MB/s
[    1.688255] raid6: int64x8  gen()   420 MB/s
[    1.710894] raid6: int64x4  gen()   710 MB/s
[    1.736885] raid6: int64x2  gen()   870 MB/s
[    1.761037] raid6: int64x1  gen()   537 MB/s
[    1.761583] raid6: using algorithm neonx8 gen() 1010 MB/s
[    1.786474] raid6: .... xor() 357 MB/s, rmw enabled
[    1.788043] raid6: using neon recovery algorithm
[    1.801540] ACPI: Interpreter disabled.
[    1.844182] iommu: Default domain type: Translated
[    1.844494] iommu: DMA domain TLB invalidation policy: strict mode
[    1.879357] SCSI subsystem initialized
[    1.894993] usbcore: registered new interface driver usbfs
[    1.896124] usbcore: registered new interface driver hub
[    1.897013] usbcore: registered new device driver usb
[    1.907888] pps_core: LinuxPPS API ver. 1 registered
[    1.908373] pps_core: Software ver. 5.3.6 - Copyright 2005-2007 Rodolfo Giometti <giometti@linux.it>
[    1.908904] PTP clock support registered
[    1.926450] EDAC MC: Ver: 3.0.0
[    1.936137] scmi_core: SCMI protocol bus registered
[    1.957639] FPGA manager framework
[    1.966165] Advanced Linux Sound Architecture Driver Initialized.
[    2.035729] NetLabel: Initializing
[    2.036343] NetLabel:  domain hash size = 128
[    2.036452] NetLabel:  protocols = UNLABELED CIPSOv4 CALIPSO
[    2.042967] NetLabel:  unlabeled traffic allowed by default
[    2.051633] vgaarb: loaded
[    2.080825] clocksource: Switched to clocksource arch_sys_counter
[    2.093651] VFS: Disk quotas dquot_6.6.0
[    2.094361] VFS: Dquot-cache hash table entries: 512 (order 0, 4096 bytes)
[    2.128324] pnp: PnP ACPI: disabled
[    2.411586] NET: Registered PF_INET protocol family
[    2.421263] IP idents hash table entries: 32768 (order: 6, 262144 bytes, linear)
[    2.455717] tcp_listen_portaddr_hash hash table entries: 1024 (order: 2, 16384 bytes, linear)
[    2.456650] Table-perturb hash table entries: 65536 (order: 6, 262144 bytes, linear)
[    2.457213] TCP established hash table entries: 16384 (order: 5, 131072 bytes, linear)
[    2.458145] TCP bind hash table entries: 16384 (order: 7, 524288 bytes, linear)
[    2.459804] TCP: Hash tables configured (established 16384 bind 16384)
[    2.471188] MPTCP token hash table entries: 2048 (order: 4, 49152 bytes, linear)
[    2.473958] UDP hash table entries: 1024 (order: 4, 65536 bytes, linear)
[    2.475217] UDP-Lite hash table entries: 1024 (order: 4, 65536 bytes, linear)
[    2.482814] NET: Registered PF_UNIX/PF_LOCAL protocol family
[    2.497926] RPC: Registered named UNIX socket transport module.
[    2.498292] RPC: Registered udp transport module.
[    2.499234] RPC: Registered tcp transport module.
[    2.499309] RPC: Registered tcp-with-tls transport module.
[    2.499345] RPC: Registered tcp NFSv4.1 backchannel transport module.
[    2.501831] PCI: CLS 0 bytes, default 64
[    2.514917] kvm [1]: HYP mode not available
[    2.541211] Initialise system trusted keyrings
[    2.543241] Trying to unpack rootfs image as initramfs...
[    2.557726] workingset: timestamp_bits=46 max_order=19 bucket_order=0
[    2.593743] NFS: Registering the id_resolver key type
[    2.596276] Key type id_resolver registered
[    2.596622] Key type id_legacy registered
[    2.599083] nfs4filelayout_init: NFSv4 File Layout Driver Registering...
[    2.601121] nfs4flexfilelayout_init: NFSv4 Flexfile Layout Driver Registering...
[    2.604681] ntfs3: Read-only LZX/Xpress compression included
[    2.617874] SGI XFS with ACLs, security attributes, quota, no debug enabled
[    2.683652] cryptd: max_cpu_qlen set to 1000
[    2.877062] NET: Registered PF_ALG protocol family
[    2.879073] xor: measuring software checksum speed
[    2.882114]    8regs           :  1164 MB/sec
[    2.885864]    32regs          :   919 MB/sec
[    2.891620]    arm64_neon      :   581 MB/sec
[    2.891907] xor: using function: 8regs (1164 MB/sec)
[    2.892164] Key type asymmetric registered
[    2.893546] Asymmetric key parser 'x509' registered
[    2.897261] Block layer SCSI generic (bsg) driver version 0.4 loaded (major 240)
[    2.910931] io scheduler mq-deadline registered
[    2.912349] io scheduler kyber registered
[    2.914086] io scheduler bfq registered
[    3.105859] pl061_gpio 9030000.pl061: PL061 GPIO chip registered
[    3.127904] ledtrig-cpu: registered to indicate activity on CPUs
[    3.141193] pci-host-generic 4010000000.pcie: host bridge /pcie@10000000 ranges:
[    3.147109] pci-host-generic 4010000000.pcie:       IO 0x003eff0000..0x003effffff -> 0x0000000000
[    3.153995] pci-host-generic 4010000000.pcie:      MEM 0x0010000000..0x003efeffff -> 0x0010000000
[    3.154895] pci-host-generic 4010000000.pcie:      MEM 0x8000000000..0xffffffffff -> 0x8000000000
[    3.164404] pci-host-generic 4010000000.pcie: Memory resource size exceeds max for 32 bits
[    3.168015] pci-host-generic 4010000000.pcie: ECAM at [mem 0x4010000000-0x401fffffff] for [bus 00-ff]
[    3.177127] pci-host-generic 4010000000.pcie: PCI host bridge to bus 0000:00
[    3.178919] pci_bus 0000:00: root bus resource [bus 00-ff]
[    3.179177] pci_bus 0000:00: root bus resource [io  0x0000-0xffff]
[    3.179322] pci_bus 0000:00: root bus resource [mem 0x10000000-0x3efeffff]
[    3.179414] pci_bus 0000:00: root bus resource [mem 0x8000000000-0xffffffffff]
[    3.194183] pci 0000:00:00.0: [1b36:0008] type 00 class 0x060000 conventional PCI endpoint
[    3.220865] pci 0000:00:01.0: [1af4:1000] type 00 class 0x020000 conventional PCI endpoint
[    3.222257] pci 0000:00:01.0: BAR 0 [io  0x0000-0x001f]
[    3.223087] pci 0000:00:01.0: BAR 1 [mem 0x00000000-0x00000fff]
[    3.223783] pci 0000:00:01.0: BAR 4 [mem 0x00000000-0x00003fff 64bit pref]
[    3.225249] pci 0000:00:01.0: ROM [mem 0x00000000-0x0007ffff pref]
[    3.232745] pci 0000:00:02.0: [1af4:1001] type 00 class 0x010000 conventional PCI endpoint
[    3.234020] pci 0000:00:02.0: BAR 0 [io  0x0000-0x007f]
[    3.234168] pci 0000:00:02.0: BAR 1 [mem 0x00000000-0x00000fff]
[    3.234692] pci 0000:00:02.0: BAR 4 [mem 0x00000000-0x00003fff 64bit pref]
[    3.265279] pci 0000:00:01.0: ROM [mem 0x10000000-0x1007ffff pref]: assigned
[    3.275287] pci 0000:00:01.0: BAR 4 [mem 0x8000000000-0x8000003fff 64bit pref]: assigned
[    3.276810] pci 0000:00:02.0: BAR 4 [mem 0x8000004000-0x8000007fff 64bit pref]: assigned
[    3.276953] pci 0000:00:01.0: BAR 1 [mem 0x10080000-0x10080fff]: assigned
[    3.277145] pci 0000:00:02.0: BAR 1 [mem 0x10081000-0x10081fff]: assigned
[    3.277249] pci 0000:00:02.0: BAR 0 [io  0x1000-0x107f]: assigned
[    3.277943] pci 0000:00:01.0: BAR 0 [io  0x1080-0x109f]: assigned
[    3.280289] pci_bus 0000:00: resource 4 [io  0x0000-0xffff]
[    3.281379] pci_bus 0000:00: resource 5 [mem 0x10000000-0x3efeffff]
[    3.281759] pci_bus 0000:00: resource 6 [mem 0x8000000000-0xffffffffff]
[    3.315722] IPMI message handler: version 39.2
[    3.614992] virtio-pci 0000:00:01.0: enabling device (0000 -> 0003)
[    3.630241] virtio-pci 0000:00:02.0: enabling device (0000 -> 0003)
[    3.678643] Serial: 8250/16550 driver, 4 ports, IRQ sharing enabled
[    3.739236] msm_serial: driver initialized
[    3.832014] virtio_blk virtio1: 4/0/0 default/read/poll queues
[    3.937170] virtio_blk virtio1: [vda] 5111808 512-byte logical blocks (2.62 GB/2.44 GiB)
[    4.065145]  vda: vda1 vda2
[    4.283047] usbcore: registered new interface driver uas
[    4.288320] usbcore: registered new interface driver usb-storage
[    4.291330] usbcore: registered new interface driver ums-alauda
[    4.294101] usbcore: registered new interface driver ums-cypress
[    4.300803] usbcore: registered new interface driver ums-datafab
[    4.304128] usbcore: registered new interface driver ums_eneub6250
[    4.307380] usbcore: registered new interface driver ums-freecom
[    4.310849] usbcore: registered new interface driver ums-isd200
[    4.313062] usbcore: registered new interface driver ums-jumpshot
[    4.317737] usbcore: registered new interface driver ums-karma
[    4.318448] usbcore: registered new interface driver ums-onetouch
[    4.321168] usbcore: registered new interface driver ums-realtek
[    4.322997] usbcore: registered new interface driver ums-sddr09
[    4.325100] usbcore: registered new interface driver ums-sddr55
[    4.327123] usbcore: registered new interface driver ums-usbat
[    4.330299] usbcore: registered new interface driver usbserial_generic
[    4.333024] usbserial: USB Serial support registered for generic
[    4.361063] mousedev: PS/2 mouse device common for all mice
[    4.426351] rtc-pl031 9010000.pl031: registered as rtc0
[    4.431417] rtc-pl031 9010000.pl031: setting system clock to 2026-05-25T15:15:13 UTC (1779722113)
[    4.485935] device-mapper: uevent: version 1.0.3
[    4.494691] device-mapper: ioctl: 4.50.0-ioctl (2025-04-28) initialised: dm-devel@lists.linux.dev
[    4.527149] sdhci: Secure Digital Host Controller Interface driver
[    4.527347] sdhci: Copyright(c) Pierre Ossman
[    4.543026] Synopsys Designware Multimedia Card Interface Driver
[    4.557968] sdhci-pltfm: SDHCI platform and OF driver helper
[    4.607461] hid: raw HID events driver (C) Jiri Kosina
[    4.614190] usbcore: registered new interface driver usbhid
[    4.614727] usbhid: USB HID core driver
[    4.688837] hw perfevents: enabled with armv8_pmuv3 PMU driver, 7 (0,8000003f) counters available
[    4.694160] watchdog: NMI not fully supported
[    4.694315] watchdog: Hard watchdog permanently disabled
[    4.775683] Initializing XFRM netlink socket
[    4.781244] NET: Registered PF_INET6 protocol family
[    4.924831] Segment Routing with IPv6
[    4.928133] In-situ OAM (IOAM) with IPv6
[    4.932240] mip6: Mobile IPv6
[    4.936781] NET: Registered PF_PACKET protocol family
[    4.945158] Key type dns_resolver registered
[    5.201577] registered taskstats version 1
[    5.209100] Loading compiled-in X.509 certificates
[    5.451652] debug_vm_pgtable: [debug_vm_pgtable         ]: Validating architecture page table helpers
[    5.489068] Key type .fscrypt registered
[    5.489297] Key type fscrypt-provisioning registered
[    5.515921] Btrfs loaded, zoned=yes, fsverity=no
[    5.529107] Key type encrypted registered
[    5.569866] clk: Disabling unused clocks
[    5.572233] PM: genpd: Disabling unused power domains
[    5.573271] ALSA device list:
[    5.574125]   No soundcards found.
[    6.213068] Freeing initrd memory: 14744K
[    6.631522] Freeing unused kernel memory: 2752K
[    6.637303] Run /init as init process
P+q6E616D65\[    8.251883] systemd[1]: Successfully made /usr/ read-only.
[18t[6n[32766;32766H[6n[!p]104\[0m[?7h[1G[0J[    8.997629] systemd[1]: systemd 260.1-2-arch running in system mode (+PAM +AUDIT -SELINUX +APPARMOR -IMA +IPE +SMACK +SECCOMP +GCRYPT +GNUTLS +OPENSSL +ACL +BLKID +CURL +ELFUTILS +FIDO2 +IDN2 +KMOD +LIBCRYPTSETUP +LIBCRYPTSETUP_PLUGINS +LIBFDISK +PCRE2 +PWQUALITY +P11KIT +QRENCODE +TPM2 +BZIP2 +LZ4 +XZ +ZLIB +ZSTD +BPF_FRAMEWORK -BTF +XKBCOMMON +UTMP +LIBARCHIVE)
[    8.998934] systemd[1]: Detected virtualization qemu.
[    9.011722] systemd[1]: Detected architecture arm64.
[    9.012999] systemd[1]: Running in initrd.
[0;1;39mBooting initrd of [0m[38;2;23;147;209mArch Linux ARM[0m[0;1;39m.[0m
[    9.103226] systemd[1]: Initializing machine ID from random generator.
[    9.120220] systemd[1]: No hostname configured, using default hostname.
[    9.132760] systemd[1]: Hostname set to <archlinux>.
]3008;start=c4b99808dccb4ceab3834d83d9a82f29;user=root;hostname=archlinux;machineid=d0c9b2f7f37a4c14a3bcefd1704ad10d;bootid=e271624650804075be1a74140e3d11b1;pid=1;pidfdid=1;comm=systemd;type=boot\[   12.019312] systemd[1]: Queued start job for default target Initrd Default Target.
[   18.673886] systemd[1]: Expecting device /dev/vda2...
         Expecting device [0;1;39m/dev/vda2[0m...
[   18.703110] systemd[1]: Reached target Path Units.
[[0;32m  OK  [0m] Reached target [0;1;39mPath Units[0m.
[   18.713270] systemd[1]: Reached target Slice Units.
[[0;32m  OK  [0m] Reached target [0;1;39mSlice Units[0m.
[   18.719980] systemd[1]: Reached target Swaps.
[[0;32m  OK  [0m] Reached target [0;1;39mSwaps[0m.
[   18.725293] systemd[1]: Reached target Timer Units.
[[0;32m  OK  [0m] Reached target [0;1;39mTimer Units[0m.
[   18.758173] systemd[1]: Listening on Journal Socket (/dev/log).
[[0;32m  OK  [0m] Listening on [0;1;39mJournal Socket (/dev/log)[0m.
[   18.776032] systemd[1]: Listening on Journal Sockets.
[[0;32m  OK  [0m] Listening on [0;1;39mJournal Sockets[0m.
[   18.794198] systemd[1]: Listening on udev Control Socket.
[[0;32m  OK  [0m] Listening on [0;1;39mudev Control Socket[0m.
[   18.802843] systemd[1]: Listening on udev Kernel Socket.
[[0;32m  OK  [0m] Listening on [0;1;39mudev Kernel Socket[0m.
[   18.809191] systemd[1]: Reached target Socket Units.
[[0;32m  OK  [0m] Reached target [0;1;39mSocket Units[0m.
[   18.818207] systemd[1]: Create List of Static Device Nodes skipped, unmet condition check ConditionFileNotEmpty=/lib/modules/7.0.9-1-aarch64-ARCH/modules.devname
[   18.829020] systemd[1]: Early Battery Level Check skipped, unmet condition check ConditionDirectoryNotEmpty=/sys/class/power_supply
[   18.836151] systemd[1]: Display Boot-Time Emergency Messages In Full Screen skipped, unmet condition check ConditionVirtualization=no
[   19.426648] systemd[1]: Starting Journal Service...
         Starting [0;1;39mJournal Service[0m...
[   19.732301] systemd[1]: Starting Load Kernel Modules...
         Starting [0;1;39mLoad Kernel Modules[0m...
[   19.744936] systemd[1]: TPM PCR Barrier (initrd) skipped, unmet condition check ConditionSecurity=measured-uki
[   20.118240] systemd[1]: Starting Create Static Device Nodes in /dev...
         Starting [0;1;39mCreate Static Device Nodes in /dev[0m...
[   20.632197] systemd[1]: Starting Coldplug All udev Devices...
         Starting [0;1;39mColdplug All udev Devices[0m...
[   22.013239] systemd-journald[120]: Collecting audit messages is disabled.
[   22.513096] systemd[1]: Finished Load Kernel Modules.
[[0;32m  OK  [0m] Finished [0;1;39mLoad Kernel Modules[0m.
[   22.965769] systemd[1]: Finished Create Static Device Nodes in /dev.
[[0;32m  OK  [0m] Finished [0;1;39mCreate Static Device Nodes in /dev[0m.
[   23.010141] systemd[1]: Reached target Preparation for Local File Systems.
[[0;32m  OK  [0m] Reached target [0;1;39mPreparation for Local File Systems[0m.
[   23.021178] systemd[1]: Reached target Local File Systems.
[[0;32m  OK  [0m] Reached target [0;1;39mLocal File Systems[0m.
[   23.368683] systemd[1]: Starting Rule-based Manager for Device Events and Files...
         Starting [0;1;39mRule-based Manager for Device Events and Files[0m...
[   23.768679] systemd[1]: Started Journal Service.
[[0;32m  OK  [0m] Started [0;1;39mJournal Service[0m.
         Starting [0;1;39mCreate System Files and Directories[0m...
[   25.109423] hrtimer: interrupt took 2818256 ns
[[0;32m  OK  [0m] Finished [0;1;39mCreate System Files and Directories[0m.
[[0;32m  OK  [0m] Started [0;1;39mRule-based Manager for Device Events and Files[0m.
[[0m[0;31m*     [0m] (1 of 2) A start job is running for /dev/vda2 (17s / 1min 36s)
M[K[[0;1;31m*[0m[0;31m*    [0m] (1 of 2) A start job is running for /dev/vda2 (17s / 1min 36s)
M[K[[0;31m*[0;1;31m*[0m[0;31m*   [0m] (1 of 2) A start job is running for /dev/vda2 (18s / 1min 36s)
M[K[ [0;31m*[0;1;31m*[0m[0;31m*  [0m] (2 of 2) A start job is running for… All udev Devices (18s / no limit)
M[K[  [0;31m*[0;1;31m*[0m[0;31m* [0m] (2 of 2) A start job is running for… All udev Devices (19s / no limit)
M[K[   [0;31m*[0;1;31m*[0m[0;31m*[0m] (2 of 2) A start job is running for… All udev Devices (20s / no limit)
M[K[    [0;31m*[0;1;31m*[0m] (1 of 2) A start job is running for /dev/vda2 (20s / 1min 36s)
M[K[     [0;31m*[0m] (1 of 2) A start job is running for /dev/vda2 (21s / 1min 36s)
M[K[    [0;31m*[0;1;31m*[0m] (1 of 2) A start job is running for /dev/vda2 (21s / 1min 36s)
M[K[   [0;31m*[0;1;31m*[0m[0;31m*[0m] (2 of 2) A start job is running for… All udev Devices (22s / no limit)
M[K[  [0;31m*[0;1;31m*[0m[0;31m* [0m] (2 of 2) A start job is running for… All udev Devices (23s / no limit)
M[K[ [0;31m*[0;1;31m*[0m[0;31m*  [0m] (2 of 2) A start job is running for… All udev Devices (23s / no limit)
M[K[[0;31m*[0;1;31m*[0m[0;31m*   [0m] (1 of 2) A start job is running for /dev/vda2 (24s / 1min 36s)
M[K[[0;1;31m*[0m[0;31m*    [0m] (1 of 2) A start job is running for /dev/vda2 (24s / 1min 36s)
M[K[[0m[0;31m*     [0m] (1 of 2) A start job is running for /dev/vda2 (25s / 1min 36s)
M[K[[0;1;31m*[0m[0;31m*    [0m] (2 of 2) A start job is running for… All udev Devices (25s / no limit)
M[K[[0;31m*[0;1;31m*[0m[0;31m*   [0m] (2 of 2) A start job is running for… All udev Devices (26s / no limit)
M[K[ [0;31m*[0;1;31m*[0m[0;31m*  [0m] (2 of 2) A start job is running for… All udev Devices (27s / no limit)
M[K[  [0;31m*[0;1;31m*[0m[0;31m* [0m] (1 of 2) A start job is running for /dev/vda2 (27s / 1min 36s)
M[K[   [0;31m*[0;1;31m*[0m[0;31m*[0m] (1 of 2) A start job is running for /dev/vda2 (28s / 1min 36s)
M[K[    [0;31m*[0;1;31m*[0m] (1 of 2) A start job is running for /dev/vda2 (28s / 1min 36s)
M[K[     [0;31m*[0m] (2 of 2) A start job is running for… All udev Devices (29s / no limit)
M[K[    [0;31m*[0;1;31m*[0m] (2 of 2) A start job is running for… All udev Devices (30s / no limit)
M[K[   [0;31m*[0;1;31m*[0m[0;31m*[0m] (2 of 2) A start job is running for… All udev Devices (30s / no limit)
M[K[  [0;31m*[0;1;31m*[0m[0;31m* [0m] (1 of 2) A start job is running for /dev/vda2 (31s / 1min 36s)
M[K[ [0;31m*[0;1;31m*[0m[0;31m*  [0m] (1 of 2) A start job is running for /dev/vda2 (31s / 1min 36s)
M[K[[0;32m  OK  [0m] Finished [0;1;39mColdplug All udev Devices[0m.
[K[[0;32m  OK  [0m] Reached target [0;1;39mSystem Initialization[0m.
[[0;32m  OK  [0m] Reached target [0;1;39mBasic System[0m.
[[0;31m*[0;1;31m*[0m[0;31m*   [0m] A start job is running for /dev/vda2 (34s / 1min 36s)
M[K[[0;1;31m*[0m[0;31m*    [0m] A start job is running for /dev/vda2 (35s / 1min 36s)
M[K[[0m[0;31m*     [0m] A start job is running for /dev/vda2 (36s / 1min 36s)
M[K[[0;1;31m*[0m[0;31m*    [0m] A start job is running for /dev/vda2 (36s / 1min 36s)
M[K[[0;31m*[0;1;31m*[0m[0;31m*   [0m] A start job is running for /dev/vda2 (37s / 1min 36s)
M[K[ [0;31m*[0;1;31m*[0m[0;31m*  [0m] A start job is running for /dev/vda2 (37s / 1min 36s)
M[K[  [0;31m*[0;1;31m*[0m[0;31m* [0m] A start job is running for /dev/vda2 (38s / 1min 36s)
M[K[[0;32m  OK  [0m] Found device [0;1;39m/dev/vda2[0m.
[K[[0;32m  OK  [0m] Reached target [0;1;39mInitrd Root Device[0m.
         Starting [0;1;39mFile System Check on /dev/vda2[0m...
[[0;32m  OK  [0m] Finished [0;1;39mFile System Check on /dev/vda2[0m.
         Mounting [0;1;39m/sysroot[0m...
[   55.191287] EXT4-fs (vda2): mounted filesystem 86e2b516-7010-46c8-afe0-3007e909cfed r/w with ordered data mode. Quota mode: none.
[[0;32m  OK  [0m] Mounted [0;1;39m/sysroot[0m.
[[0;32m  OK  [0m] Reached target [0;1;39mInitrd Root File System[0m.
         Starting [0;1;39mMountpoints Configured in the Real Root[0m...
[[0;32m  OK  [0m] Finished [0;1;39mMountpoints Configured in the Real Root[0m.
[[0;32m  OK  [0m] Reached target [0;1;39mInitrd File Systems[0m.
[[0;32m  OK  [0m] Reached target [0;1;39mInitrd Default Target[0m.
         Starting [0;1;39mCleaning Up and Shutting Down Daemons[0m...
[[0;32m  OK  [0m] Stopped target [0;1;39mInitrd Default Target[0m.
[[0;32m  OK  [0m] Stopped target [0;1;39mBasic System[0m.
[[0;32m  OK  [0m] Stopped target [0;1;39mInitrd Root Device[0m.
[[0;32m  OK  [0m] Stopped target [0;1;39mPath Units[0m.
[[0;32m  OK  [0m] Stopped target [0;1;39mSlice Units[0m.
[[0;32m  OK  [0m] Stopped target [0;1;39mSocket Units[0m.
[[0;32m  OK  [0m] Stopped target [0;1;39mSystem Initialization[0m.
[[0;32m  OK  [0m] Stopped target [0;1;39mSwaps[0m.
[[0;32m  OK  [0m] Stopped target [0;1;39mTimer Units[0m.
[[0;32m  OK  [0m] Stopped [0;1;39mLoad Kernel Modules[0m.
[[0;32m  OK  [0m] Stopped [0;1;39mCreate System Files and Directories[0m.
[[0;32m  OK  [0m] Stopped target [0;1;39mLocal File Systems[0m.
[[0;32m  OK  [0m] Stopped target [0;1;39mPreparation for Local File Systems[0m.
[[0;32m  OK  [0m] Stopped [0;1;39mColdplug All udev Devices[0m.
         Stopping [0;1;39mRule-based Manager for Device Events and Files[0m...
[[0;32m  OK  [0m] Finished [0;1;39mCleaning Up and Shutting Down Daemons[0m.
         Starting [0;1;39mVirtual Console Setup[0m...
[[0;32m  OK  [0m] Stopped [0;1;39mRule-based Manager for Device Events and Files[0m.
[[0;32m  OK  [0m] Closed [0;1;39mudev Control Socket[0m.
         Starting [0;1;39mCleanup udev Database[0m...
[[0;32m  OK  [0m] Stopped [0;1;39mCreate Static Device Nodes in /dev[0m.
[[0;32m  OK  [0m] Finished [0;1;39mVirtual Console Setup[0m.
[[0;32m  OK  [0m] Finished [0;1;39mCleanup udev Database[0m.
[[0;32m  OK  [0m] Reached target [0;1;39mSwitch Root[0m.
         Starting [0;1;39mSwitch Root[0m...
[   80.639261] systemd-journald[120]: Received SIGTERM from PID 1 (systemd).
P+q6E616D65\[18t[6n[32766;32766H[6n[!p]104\[0m[?7h[1G[0J[   82.527742] systemd[1]: systemd 260.1-2-arch running in system mode (+PAM +AUDIT -SELINUX +APPARMOR -IMA +IPE +SMACK +SECCOMP +GCRYPT +GNUTLS +OPENSSL +ACL +BLKID +CURL +ELFUTILS +FIDO2 +IDN2 +KMOD +LIBCRYPTSETUP +LIBCRYPTSETUP_PLUGINS +LIBFDISK +PCRE2 +PWQUALITY +P11KIT +QRENCODE +TPM2 +BZIP2 +LZ4 +XZ +ZLIB +ZSTD +BPF_FRAMEWORK -BTF +XKBCOMMON +UTMP +LIBARCHIVE)
[   82.528786] systemd[1]: Detected virtualization qemu.
[   82.533677] systemd[1]: Detected architecture arm64.

[0;1;39mWelcome to [0m[38;2;23;147;209mArch Linux ARM[0m[0;1;39m![0m

[   82.683176] systemd[1]: Hostname set to <arch-rpi5>.
]3008;start=e48ce299a4e843949525e4fb72793874;user=root;hostname=arch-rpi5;machineid=032be4261c094ee0ac3ebd31303df060;bootid=e271624650804075be1a74140e3d11b1;pid=1;pidfdid=1;comm=systemd;type=boot\[   85.220131] systemd[1]: bpf-restrict-fs: BPF LSM hook not enabled in the kernel, BPF LSM not supported.
[   88.148792] NET: Registered PF_VSOCK protocol family
[   92.801267] systemd[1]: initrd-switch-root.service: Deactivated successfully.
[   92.811626] systemd[1]: Stopped Switch Root.
[[0;32m  OK  [0m] Stopped [0;1;39mSwitch Root[0m.
[   92.884276] systemd[1]: systemd-journald.service: Scheduled restart job, restart counter is at 1.
[   92.929162] systemd[1]: Created slice Slice /system/dirmngr.
[[0;32m  OK  [0m] Created slice [0;1;39mSlice /system/dirmngr[0m.
[   92.955006] systemd[1]: Created slice Slice /system/getty.
[[0;32m  OK  [0m] Created slice [0;1;39mSlice /system/getty[0m.
[   92.983083] systemd[1]: Created slice Slice /system/gpg-agent.
[[0;32m  OK  [0m] Created slice [0;1;39mSlice /system/gpg-agent[0m.
[   93.008759] systemd[1]: Created slice Slice /system/gpg-agent-browser.
[[0;32m  OK  [0m] Created slice [0;1;39mSlice /system/gpg-agent-browser[0m.
[   93.028196] systemd[1]: Created slice Slice /system/gpg-agent-extra.
[[0;32m  OK  [0m] Created slice [0;1;39mSlice /system/gpg-agent-extra[0m.
[   93.053742] systemd[1]: Created slice Slice /system/gpg-agent-ssh.
[[0;32m  OK  [0m] Created slice [0;1;39mSlice /system/gpg-agent-ssh[0m.
[   93.079610] systemd[1]: Created slice Slice /system/keyboxd.
[[0;32m  OK  [0m] Created slice [0;1;39mSlice /system/keyboxd[0m.
[   93.101680] systemd[1]: Created slice Slice /system/modprobe.
[[0;32m  OK  [0m] Created slice [0;1;39mSlice /system/modprobe[0m.
[   93.124054] systemd[1]: Created slice Slice /system/serial-getty.
[[0;32m  OK  [0m] Created slice [0;1;39mSlice /system/serial-getty[0m.
[   93.146192] systemd[1]: Created slice User and Session Slice.
[[0;32m  OK  [0m] Created slice [0;1;39mUser and Session Slice[0m.
[   93.163849] systemd[1]: Started Dispatch Password Requests to Console Directory Watch.
[[0;32m  OK  [0m] Started [0;1;39mDispatch Password Requests to Console Directory Watch[0m.
[   93.173245] systemd[1]: Started Forward Password Requests to Wall Directory Watch.
[[0;32m  OK  [0m] Started [0;1;39mForward Password Requests to Wall Directory Watch[0m.
[   93.202870] systemd[1]: Set up automount Arbitrary Executable File Formats File System Automount Point.
[[0;32m  OK  [0m] Set up automount [0;1;39mArbitrary Executa…ormats File System Automount Point[0m.
[   93.211789] systemd[1]: Expecting device /dev/disk/by-uuid/15A2-3C93...
         Expecting device [0;1;39m/dev/disk/by-uuid/15A2-3C93[0m...
[   93.218290] systemd[1]: Expecting device /dev/ttyAMA0...
         Expecting device [0;1;39m/dev/ttyAMA0[0m...
[   93.223112] systemd[1]: Reached target Image Downloads.
[[0;32m  OK  [0m] Reached target [0;1;39mImage Downloads[0m.
[   93.228090] systemd[1]: Stopped target Switch Root.
[[0;32m  OK  [0m] Stopped target [0;1;39mSwitch Root[0m.
[   93.232012] systemd[1]: Stopped target Initrd File Systems.
[[0;32m  OK  [0m] Stopped target [0;1;39mInitrd File Systems[0m.
[   93.235632] systemd[1]: Stopped target Initrd Root File System.
[[0;32m  OK  [0m] Stopped target [0;1;39mInitrd Root File System[0m.
[   93.240219] systemd[1]: Reached target Local Integrity Protected Volumes.
[[0;32m  OK  [0m] Reached target [0;1;39mLocal Integrity Protected Volumes[0m.
[   93.245848] systemd[1]: Reached target Path Units.
[[0;32m  OK  [0m] Reached target [0;1;39mPath Units[0m.
[   93.249862] systemd[1]: Reached target Remote File Systems.
[[0;32m  OK  [0m] Reached target [0;1;39mRemote File Systems[0m.
[   93.253960] systemd[1]: Reached target Slice Units.
[[0;32m  OK  [0m] Reached target [0;1;39mSlice Units[0m.
[   93.258648] systemd[1]: Reached target Swaps.
[[0;32m  OK  [0m] Reached target [0;1;39mSwaps[0m.
[   93.264224] systemd[1]: Reached target Local Verity Protected Volumes.
[[0;32m  OK  [0m] Reached target [0;1;39mLocal Verity Protected Volumes[0m.
[   93.283876] systemd[1]: Listening on Device-mapper event daemon FIFOs.
[[0;32m  OK  [0m] Listening on [0;1;39mDevice-mapper event daemon FIFOs[0m.
[   93.343363] systemd[1]: Listening on Query the User Interactively for a Password.
[[0;32m  OK  [0m] Listening on [0;1;39mQuery the User Interactively for a Password[0m.
[   93.387987] systemd[1]: Listening on Process Core Dump Socket.
[[0;32m  OK  [0m] Listening on [0;1;39mProcess Core Dump Socket[0m.
[   93.421030] systemd[1]: Listening on Credential Encryption/Decryption.
[[0;32m  OK  [0m] Listening on [0;1;39mCredential Encryption/Decryption[0m.
[   93.472940] systemd[1]: Listening on Factory Reset Management.
[[0;32m  OK  [0m] Listening on [0;1;39mFactory Reset Management[0m.
[   93.522089] systemd[1]: Listening on Console Output Muting Service Socket.
[[0;32m  OK  [0m] Listening on [0;1;39mConsole Output Muting Service Socket[0m.
[   93.538731] systemd[1]: Listening on Network Management Resolve Hook Socket.
[[0;32m  OK  [0m] Listening on [0;1;39mNetwork Management Resolve Hook Socket[0m.
[   93.552958] systemd[1]: Listening on Network Management Metrics Varlink Socket.
[[0;32m  OK  [0m] Listening on [0;1;39mNetwork Management Metrics Varlink Socket[0m.
[   93.568198] systemd[1]: Listening on Network Management Varlink Socket.
[[0;32m  OK  [0m] Listening on [0;1;39mNetwork Management Varlink Socket[0m.
[   93.580838] systemd[1]: Listening on Network Management Netlink Socket.
[[0;32m  OK  [0m] Listening on [0;1;39mNetwork Management Netlink Socket[0m.
[   93.589043] systemd[1]: TPM PCR Measurements skipped, unmet condition check ConditionSecurity=measured-uki
[   93.590710] systemd[1]: Make TPM PCR Policy skipped, unmet condition check ConditionSecurity=measured-uki
[   93.613958] systemd[1]: Listening on Disk Repartitioning Service Socket.
[[0;32m  OK  [0m] Listening on [0;1;39mDisk Repartitioning Service Socket[0m.
[   93.621329] systemd[1]: Listening on Resolve Monitor Varlink Socket.
[[0;32m  OK  [0m] Listening on [0;1;39mResolve Monitor Varlink Socket[0m.
[   93.636152] systemd[1]: Listening on Resolve Service Varlink Socket.
[[0;32m  OK  [0m] Listening on [0;1;39mResolve Service Varlink Socket[0m.
[   93.646241] systemd[1]: Listening on udev Control Socket.
[[0;32m  OK  [0m] Listening on [0;1;39mudev Control Socket[0m.
[   93.654342] systemd[1]: Listening on udev Varlink Socket.
[[0;32m  OK  [0m] Listening on [0;1;39mudev Varlink Socket[0m.
[   93.664733] systemd[1]: Listening on User Database Manager Socket.
[[0;32m  OK  [0m] Listening on [0;1;39mUser Database Manager Socket[0m.
[   93.755004] systemd[1]: Mounting Huge Pages File System...
         Mounting [0;1;39mHuge Pages File System[0m...
[   93.821929] systemd[1]: Mounting POSIX Message Queue File System...
         Mounting [0;1;39mPOSIX Message Queue File System[0m...
[   93.876884] systemd[1]: Mounting Kernel Debug File System...
         Mounting [0;1;39mKernel Debug File System[0m...
[   93.897204] systemd[1]: Kernel Trace File System skipped, unmet condition check ConditionPathExists=/sys/kernel/tracing
[   93.923239] systemd[1]: tmp.mount: x-systemd.graceful-option=usrquota specified, but option is not available, suppressing.
[   93.995431] systemd[1]: Mounting Temporary Directory /tmp...
         Mounting [0;1;39mTemporary Directory /tmp[0m...
[   94.165809] systemd[1]: Starting Create List of Static Device Nodes...
         Starting [0;1;39mCreate List of Static Device Nodes[0m...
[   94.204798] systemd[1]: Load Kernel Module configfs skipped, unmet condition check ConditionKernelModuleLoaded=!configfs
[   94.342958] systemd[1]: Mounting Kernel Configuration File System...
         Mounting [0;1;39mKernel Configuration File System[0m...
[   94.381830] systemd[1]: Load Kernel Module drm skipped, unmet condition check ConditionKernelModuleLoaded=!drm
[   94.714247] systemd[1]: Starting Load Kernel Module fuse...
         Starting [0;1;39mLoad Kernel Module fuse[0m...
[   94.748941] systemd[1]: Clear Stale Hibernate Storage Info skipped, unmet condition check ConditionPathExists=/sys/firmware/efi/efivars/HibernateLocation-8cf2644b-4b0b-428f-9387-6d876050dc67
[   95.503000] systemd[1]: Starting Journal Service...
         Starting [0;1;39mJournal Service[0m...
[   95.652200] systemd[1]: Load Kernel Modules skipped, no trigger condition checks were met.
[   95.682297] systemd[1]: TPM PCR Machine ID Measurement skipped, unmet condition check ConditionSecurity=measured-uki
[   96.332087] systemd[1]: Starting Remount Root and Kernel File Systems...
         Starting [0;1;39mRemount Root and Kernel File Systems[0m...
[   96.413445] fuse: init (API version 7.45)
[   96.689767] systemd[1]: Starting Apply Kernel Variables...
         Starting [0;1;39mApply Kernel Variables[0m...
[   96.730735] systemd[1]: Early TPM SRK Setup skipped, unmet condition check ConditionSecurity=measured-uki
[   96.947280] systemd[1]: Starting Load udev Rules from Credentials...
         Starting [0;1;39mLoad udev Rules from Credentials[0m...
[   97.323213] systemd[1]: Starting Coldplug All udev Devices...
         Starting [0;1;39mColdplug All udev Devices[0m...
[   97.371247] systemd[1]: systemd-vconsole-setup.service: Deactivated successfully.
[   97.395192] systemd[1]: Stopped Virtual Console Setup.
[[0;32m  OK  [0m] Stopped [0;1;39mVirtual Console Setup[0m.
[   97.719249] systemd[1]: Mounted Huge Pages File System.
[[0;32m  OK  [0m] Mounted [0;1;39mHuge Pages File System[0m.
[   97.756270] systemd[1]: Mounted POSIX Message Queue File System.
[[0;32m  OK  [0m] Mounted [0;1;39mPOSIX Message Queue File System[0m.
[   97.795866] systemd[1]: Mounted Temporary Directory /tmp.
[[0;32m  OK  [0m] Mounted [0;1;39mTemporary Directory /tmp[0m.
[   97.882233] systemd[1]: Finished Create List of Static Device Nodes.
[[0;32m  OK  [0m] Finished [0;1;39mCreate List of Static Device Nodes[0m.
[   97.921753] systemd[1]: Mounted Kernel Configuration File System.
[[0;32m  OK  [0m] Mounted [0;1;39mKernel Configuration File System[0m.
[   97.966301] systemd[1]: modprobe@fuse.service: Deactivated successfully.
[   98.010168] systemd[1]: Finished Load Kernel Module fuse.
[[0;32m  OK  [0m] Finished [0;1;39mLoad Kernel Module fuse[0m.
[   98.074253] systemd[1]: modprobe@fuse.service: Consumed 1.070s CPU time over 3.265s wall clock time, 2.2M memory peak.
[   98.349315] systemd[1]: Mounted Kernel Debug File System.
[[0;32m  OK  [0m] Mounted [0;1;39mKernel Debug File System[0m.
[   99.497147] systemd[1]: Mounting FUSE Control File System...
         Mounting [0;1;39mFUSE Control File System[0m...
[  100.011133] systemd[1]: Starting Create Static Device Nodes in /dev gracefully...
         Starting [0;1;39mCreate Static Device Nodes in /dev gracefully[0m...
[  100.635234] systemd-journald[334]: Collecting audit messages is disabled.
[  100.814252] systemd[1]: Finished Apply Kernel Variables.
[[0;32m  OK  [0m] Finished [0;1;39mApply Kernel Variables[0m.
[  100.885684] EXT4-fs (vda2): re-mounted 86e2b516-7010-46c8-afe0-3007e909cfed.
[  101.222118] systemd[1]: Finished Remount Root and Kernel File Systems.
[[0;32m  OK  [0m] Finished [0;1;39mRemount Root and Kernel File Systems[0m.
[  101.322321] systemd[1]: Finished Load udev Rules from Credentials.
[[0;32m  OK  [0m] Finished [0;1;39mLoad udev Rules from Credentials[0m.
[  101.496766] systemd[1]: Rebuild Hardware Database skipped, no trigger condition checks were met.
[  101.591745] systemd[1]: Starting Load/Save OS Random Seed...
         Starting [0;1;39mLoad/Save OS Random Seed[0m...
[  101.618166] systemd[1]: TPM SRK Setup skipped, unmet condition check ConditionSecurity=measured-uki
[  101.623310] systemd[1]: TPM PCR NvPCR Initialization Separator skipped, unmet condition check ConditionSecurity=measured-uki
[  101.628949] systemd[1]: Reached target Local Encrypted Volumes.
[[0;32m  OK  [0m] Reached target [0;1;39mLocal Encrypted Volumes[0m.
[  101.637249] systemd[1]: TPM NvPCR Product ID Measurement skipped, unmet condition check ConditionSecurity=measured-uki
[  101.651087] systemd[1]: Started Journal Service.
[[0;32m  OK  [0m] Started [0;1;39mJournal Service[0m.
         Starting [0;1;39mFlush Journal to Persistent Storage[0m...
[[0;32m  OK  [0m] Mounted [0;1;39mFUSE Control File System[0m.
         Starting [0;1;39mUser Database Manager[0m...
[[0;32m  OK  [0m] Finished [0;1;39mLoad/Save OS Random Seed[0m.
[  104.562049] systemd-journald[334]: Received client request to flush runtime journal.
         Mounting [0;1;39mArbitrary Executable File Formats File System[0m...
[[0;32m  OK  [0m] Finished [0;1;39mFlush Journal to Persistent Storage[0m.
[[0;32m  OK  [0m] Mounted [0;1;39mArbitrary Executable File Formats File System[0m.
[[0;32m  OK  [0m] Started [0;1;39mUser Database Manager[0m.
[[0m[0;31m*     [0m] (1 of 4) A start job is running for…by-uuid/15A2-3C93 (17s / 1min 30s)
M[K[[0;32m  OK  [0m] Finished [0;1;39mCreate Static Device Nodes in /dev gracefully[0m.
[K         Starting [0;1;39mCreate System Users[0m...
[[0;32m  OK  [0m] Finished [0;1;39mCreate System Users[0m.
         Starting [0;1;39mJournal Log Access Socket[0m...
         Starting [0;1;39mNetwork Name Resolution[0m...
         Starting [0;1;39mCreate Static Device Nodes in /dev[0m...
[[0;32m  OK  [0m] Listening on [0;1;39mJournal Log Access Socket[0m.
[[0;1;31m*[0m[0;31m*    [0m] (1 of 5) A start job is running for…by-uuid/15A2-3C93 (21s / 1min 30s)
M[K[[0;31m*[0;1;31m*[0m[0;31m*   [0m] (1 of 5) A start job is running for…by-uuid/15A2-3C93 (21s / 1min 30s)
M[K[ [0;31m*[0;1;31m*[0m[0;31m*  [0m] (2 of 5) A start job is running for /dev/ttyAMA0 (22s / 1min 30s)
M[K[  [0;31m*[0;1;31m*[0m[0;31m* [0m] (2 of 5) A start job is running for /dev/ttyAMA0 (22s / 1min 30s)
M[K[[0;32m  OK  [0m] Finished [0;1;39mCreate Static Device Nodes in /dev[0m.
[K[[0;32m  OK  [0m] Reached target [0;1;39mPreparation for Local File Systems[0m.
[[0;32m  OK  [0m] Reached target [0;1;39mLocal File Systems[0m.
[[0;32m  OK  [0m] Listening on [0;1;39mBoot Loader Control Service Socket[0m.
[[0;32m  OK  [0m] Listening on [0;1;39mDisk Image Download Service Socket[0m.
[[0;32m  OK  [0m] Listening on [0;1;39mSystem Extension Image Management[0m.
         Starting [0;1;39mRepartition Root Disk[0m...
         Starting [0;1;39mCreate System Files and Directories[0m...
         Starting [0;1;39mRule-based Manager for Device Events and Files[0m...
         Starting [0;1;39mLoad JSON user/group Records from Credentials[0m...
[[0;32m  OK  [0m] Started [0;1;39mNetwork Name Resolution[0m.
[[0;32m  OK  [0m] Reached target [0;1;39mHost and Network Name Lookups[0m.
[[0;32m  OK  [0m] Finished [0;1;39mLoad JSON user/group Records from Credentials[0m.
[[0;32m  OK  [0m] Finished [0;1;39mRepartition Root Disk[0m.
         Starting [0;1;39mGrow Root File System[0m...
[  119.965257] EXT4-fs (vda2): resizing filesystem from 441791 to 507392 blocks
[  120.003807] EXT4-fs (vda2): resized filesystem to 507392
[[0;32m  OK  [0m] Finished [0;1;39mGrow Root File System[0m.
[   [0;31m*[0;1;31m*[0m[0;31m*[0m] (2 of 5) A start job is running for…by-uuid/15A2-3C93 (29s / 1min 30s)
M[K[[0;32m  OK  [0m] Started [0;1;39mRule-based Manager for Device Events and Files[0m.
[K         Starting [0;1;39mNetwork Management[0m...
[    [0;31m*[0;1;31m*[0m] (3 of 5) A start job is running for…s and Directories (32s / no limit)
M[K[     [0;31m*[0m] (3 of 5) A start job is running for…s and Directories (32s / no limit)
M[K[    [0;31m*[0;1;31m*[0m] (3 of 5) A start job is running for…s and Directories (33s / no limit)
M[K[   [0;31m*[0;1;31m*[0m[0;31m*[0m] (4 of 5) A start job is running for Network Management (33s / 2min)
M[K[  [0;31m*[0;1;31m*[0m[0;31m* [0m] (4 of 5) A start job is running for Network Management (34s / 2min)
M[K[[0;32m  OK  [0m] Finished [0;1;39mCreate System Files and Directories[0m.
[K[  126.808243] cfg80211: Loading compiled-in X.509 certificates for regulatory database
         Starting [0;1;39mRebuild Dynamic Linker Cache[0m...
         Starting [0;1;39mRebuild Journal Catalog[0m...
         Starting [0;1;39mRecord System Boot/Shutdown in UTMP[0m...
[[0;32m  OK  [0m] Finished [0;1;39mColdplug All udev Devices[0m.
[  127.413185] Loaded X.509 cert 'sforshee: 00b28ddf47aef9cea7'
[  127.417841] Loaded X.509 cert 'wens: 61c038651aabdcf94bd0ac7ff06c7248db18c600'
[  127.442018] faux_driver regulatory: Direct firmware load for regulatory.db failed with error -2
[  127.449239] cfg80211: failed to load regulatory.db
[[0;32m  OK  [0m] Finished [0;1;39mRecord System Boot/Shutdown in UTMP[0m.
[[0;32m  OK  [0m] Started [0;1;39mNetwork Management[0m.
[[0;32m  OK  [0m] Reached target [0;1;39mNetwork[0m.
         Starting [0;1;39mEnable Persistent Storage in systemd-networkd[0m...
[[0;32m  OK  [0m] Finished [0;1;39mRebuild Journal Catalog[0m.
[[0;32m  OK  [0m] Finished [0;1;39mEnable Persistent Storage in systemd-networkd[0m.
[[0;32m  OK  [0m] Finished [0;1;39mRebuild Dynamic Linker Cache[0m.
         Starting [0;1;39mUpdate is Completed[0m...
[[0;32m  OK  [0m] Finished [0;1;39mUpdate is Completed[0m.
[[0;32m  OK  [0m] Reached target [0;1;39mSystem Initialization[0m.
[[0;32m  OK  [0m] Started [0;1;39mRefresh existing PGP keys of archlinux-keyring regularly[0m.
[[0;32m  OK  [0m] Started [0;1;39mDaily verification of password and group files[0m.
[[0;32m  OK  [0m] Started [0;1;39mDaily Cleanup of Temporary Directories[0m.
[[0;32m  OK  [0m] Reached target [0;1;39mTimer Units[0m.
[[0;32m  OK  [0m] Listening on [0;1;39mD-Bus System Message Bus Socket[0m.
[[0;32m  OK  [0m] Listening on [0;1;39mGnuPG network certifi…ent daemon for /etc/pacman.d/gnupg[0m.
[[0;32m  OK  [0m] Listening on [0;1;39mGnuPG cryptographic a… browsers) for /etc/pacman.d/gnupg[0m.
[[0;32m  OK  [0m] Listening on [0;1;39mGnuPG cryptographic a…estricted) for /etc/pacman.d/gnupg[0m.
[[0;32m  OK  [0m] Listening on [0;1;39mGnuPG cryptographic a…emulation) for /etc/pacman.d/gnupg[0m.
[[0;32m  OK  [0m] Listening on [0;1;39mGnuPG cryptographic a…rase cache for /etc/pacman.d/gnupg[0m.
[[0;32m  OK  [0m] Listening on [0;1;39mGnuPG public key mana…nt service for /etc/pacman.d/gnupg[0m.
[[0;32m  OK  [0m] Listening on [0;1;39mOpenSSH Server Socket…temd-ssh-generator, AF_UNIX Local)[0m.
[[0;32m  OK  [0m] Listening on [0;1;39mHostname Service Socket[0m.
[[0;32m  OK  [0m] Listening on [0;1;39mUser Login Management Varlink Socket[0m.
[[0;32m  OK  [0m] Listening on [0;1;39mVirtual Machine and C…tainer Registration Service Socket[0m.
[[0;32m  OK  [0m] Reached target [0;1;39mSocket Units[0m.
         Starting [0;1;39mD-Bus System Message Bus[0m...
[[0;32m  OK  [0m] Started [0;1;39mD-Bus System Message Bus[0m.
[[0;32m  OK  [0m] Reached target [0;1;39mBasic System[0m.
         Starting [0;1;39mComplete first boot provisioning[0m...
         Starting [0;1;39mSSH Key Generation[0m...
         Starting [0;1;39mUser Login Management[0m...
         Starting [0;1;39mPermit User Sessions[0m...
[[0;32m  OK  [0m] Finished [0;1;39mPermit User Sessions[0m.
[[0;32m  OK  [0m] Started [0;1;39mGetty on tty1[0m.
[[0;32m  OK  [0m] Started [0;1;39mSerial Getty on ttyAMA0[0m.
[[0;32m  OK  [0m] Reached target [0;1;39mLogin Prompts[0m.
[[0;32m  OK  [0m] Started [0;1;39mUser Login Management[0m.
[!p]104\[0m[?7h[1G[0J[6n[32766;32766H[6n[!p]104\[0m[?7h[1G[0J[6n[32766;32766H[6n]3008;start=bd4f21475ad54984962fc145cf8e755b;user=root;hostname=arch-rpi5;machineid=032be4261c094ee0ac3ebd31303df060;bootid=e271624650804075be1a74140e3d11b1;pid=440;pidfdid=4190;comm=(agetty);servicename=serial-getty@ttyAMA0.service;invocationid=57fe183bc93e4da5bb007399913cbb7f;type=service\P+q6E616D65\
Arch Linux ARM 7.0.9-1-aarch64-ARCH (ttyAMA0)

arch-rpi5 login: [  171.819422] physmap-flash 0.flash: physmap platform flash device: [mem 0x00000000-0x03ffffff]
[  172.277271] 0.flash: Found 2 x16 devices at 0x0 in 32-bit bank. Manufacturer ID 0x000000 Chip ID 0x000000
[  172.610380] Intel/Sharp Extended Query Table at 0x0031
[  172.629065] Using buffer write method
[  172.640124] physmap-flash 0.flash: physmap platform flash device: [mem 0x04000000-0x07ffffff]
[  172.646636] 0.flash: Found 2 x16 devices at 0x0 in 32-bit bank. Manufacturer ID 0x000000 Chip ID 0x000000
[  172.651190] Intel/Sharp Extended Query Table at 0x0031
[  172.655522] Using buffer write method
[  172.658914] Concatenating MTD devices:
[  172.660736] (0): "0.flash"
[  172.661987] (1): "0.flash"
[  172.663906] into device "0.flash"
[  174.787273] input: gpio-keys as /devices/platform/gpio-keys/input/input0
[  178.140200] virtio_net virtio0 enp0s1: renamed from eth0
[  197.663274] EXT4-fs (vda2): resizing filesystem from 507392 to 507392 blocks
[[0;32m  OK  [0m] Reached target [0;1;39mMulti-User System[0m.
[[0;32m  OK  [0m] Reached target [0;1;39mGraphical Interface[0m.
[[0;32m  OK  [0m] Finished [0;1;39mComplete first boot provisioning[0m.
qemu-system-aarch64: terminating on signal 15 from pid 209936 (sudo)
