[sudo] password for dryamov: [0;90m[2026-05-26 01:20:13][0m [0;34m[1m[INFO][0m Starting QEMU. SSH will be forwarded from localhost:2222 to guest port 22.
[    0.000000] Booting Linux on physical CPU 0x0000000000 [0x410fd083]
[    0.000000] Linux version 7.0.9-1-aarch64-ARCH (builduser@arch-nspawn-135112) (aarch64-unknown-linux-gnu-gcc (GCC) 16.1.1 20260430, GNU ld (GNU Binutils) 2.46.0) #1 SMP PREEMPT_DYNAMIC Mon May 18 12:59:58 UTC 2026
[    0.000000] random: crng init done
[    0.000000] Machine model: linux,dummy-virt
[    0.000000] efi: UEFI not found.
[    0.000000] OF: reserved mem: Reserved memory: No reserved-memory node in the DT
[    0.000000] cma: Reserved 64 MiB at 0x00000000bbc00000
[    0.000000] psci: probing for conduit method from DT.
[    0.000000] psci: PSCIv1.1 detected in firmware.
[    0.000000] psci: Using standard PSCI v0.2 function IDs
[    0.000000] psci: Trusted OS migration not required
[    0.000000] psci: SMC Calling Convention v1.0
[    0.000000] Zone ranges:
[    0.000000]   DMA      [mem 0x0000000040000000-0x00000000bfffffff]
[    0.000000]   DMA32    empty
[    0.000000]   Normal   empty
[    0.000000] Movable zone start for each node
[    0.000000] Early memory node ranges
[    0.000000]   node   0: [mem 0x0000000040000000-0x00000000bfffffff]
[    0.000000] Initmem setup node 0 [mem 0x0000000040000000-0x00000000bfffffff]
[    0.000000] percpu: Embedded 25 pages/cpu s62872 r8192 d31336 u102400
[    0.000000] Detected PIPT I-cache on CPU0
[    0.000000] CPU features: detected: Spectre-v2
[    0.000000] CPU features: detected: Spectre-v4
[    0.000000] CPU features: detected: Spectre-BHB
[    0.000000] CPU features: detected: ARM erratum 1742098
[    0.000000] CPU features: detected: ARM errata 1165522, 1319367, or 1530923
[    0.000000] alternatives: applying boot alternatives
[    0.000000] Kernel command line: root=/dev/vda2 rw rootwait console=ttyAMA0
[    0.000000] printk: log buffer data + meta data: 262144 + 1114112 = 1376256 bytes
[    0.000000] Dentry cache hash table entries: 262144 (order: 9, 2097152 bytes, linear)
[    0.000000] Inode-cache hash table entries: 131072 (order: 8, 1048576 bytes, linear)
[    0.000000] software IO TLB: SWIOTLB bounce buffer size adjusted to 2MB
[    0.000000] software IO TLB: area num 4.
[    0.000000] software IO TLB: mapped [mem 0x00000000b9600000-0x00000000b9800000] (2MB)
[    0.000000] Built 1 zonelists, mobility grouping on.  Total pages: 524288
[    0.000000] mem auto-init: stack:off, heap alloc:off, heap free:off
[    0.000000] SLUB: HWalign=64, Order=0-3, MinObjects=0, CPUs=4, Nodes=1
[    0.000000] Dynamic Preempt: full
[    0.000000] rcu: Preemptible hierarchical RCU implementation.
[    0.000000] rcu: 	RCU restricting CPUs from NR_CPUS=64 to nr_cpu_ids=4.
[    0.000000] 	Trampoline variant of Tasks RCU enabled.
[    0.000000] 	Tracing variant of Tasks RCU enabled.
[    0.000000] rcu: RCU calculated value of scheduler-enlistment delay is 100 jiffies.
[    0.000000] rcu: Adjusting geometry for rcu_fanout_leaf=16, nr_cpu_ids=4
[    0.000000] RCU Tasks: Setting shift to 2 and lim to 1 rcu_task_cb_adjust=1 rcu_task_cpu_ids=4.
[    0.000000] NR_IRQS: 64, nr_irqs: 64, preallocated irqs: 0
[    0.000000] Root IRQ handler: gic_handle_irq
[    0.000000] GICv2m: range[mem 0x08020000-0x08020fff], SPI[80:143]
[    0.000000] rcu: srcu_init: Setting srcu_struct sizes based on contention.
[    0.000000] arch_timer: cp15 timer running at 62.50MHz (virt).
[    0.000000] clocksource: arch_sys_counter: mask: 0x1ffffffffffffff max_cycles: 0x1cd42e208c, max_idle_ns: 881590405314 ns
[    0.000149] sched_clock: 57 bits at 63MHz, resolution 16ns, wraps every 4398046511096ns
[    0.029027] Console: colour dummy device 80x25
[    0.033330] Calibrating delay loop (skipped), value calculated using timer frequency.. 125.00 BogoMIPS (lpj=62500)
[    0.033545] pid_max: default: 32768 minimum: 301
[    0.040659] Yama: becoming mindful.
[    0.041952] landlock: Up and running.
[    0.047004] Mount-cache hash table entries: 4096 (order: 3, 32768 bytes, linear)
[    0.047137] Mountpoint-cache hash table entries: 4096 (order: 3, 32768 bytes, linear)
[    0.081354] VFS: Finished mounting rootfs on nullfs
[    0.152143] cacheinfo: Unable to detect cache hierarchy for CPU 0
[    0.197345] rcu: Hierarchical SRCU implementation.
[    0.197474] rcu: 	Max phase no-delay instances is 400.
[    0.205063] Timer migration: 1 hierarchy levels; 8 children per group; 1 crossnode level
[    0.225590] EFI services will not be available.
[    0.232155] smp: Bringing up secondary CPUs ...
[    0.262988] Detected PIPT I-cache on CPU1
[    0.265888] CPU1: Booted secondary processor 0x0000000001 [0x410fd083]
[    0.291068] Detected PIPT I-cache on CPU2
[    0.291858] CPU2: Booted secondary processor 0x0000000002 [0x410fd083]
[    0.304813] Detected PIPT I-cache on CPU3
[    0.305889] CPU3: Booted secondary processor 0x0000000003 [0x410fd083]
[    0.309859] smp: Brought up 1 node, 4 CPUs
[    0.309946] SMP: Total of 4 processors activated.
[    0.310154] CPU: All CPU(s) started at EL1
[    0.311138] CPU features: detected: 32-bit EL0 Support
[    0.311192] CPU features: detected: 32-bit EL1 Support
[    0.311336] CPU features: detected: CRC32 instructions
[    0.311989] CPU features: detected: PMUv3
[    0.412177] alternatives: applying system-wide alternatives
[    0.567777] Memory: 1927032K/2097152K available (21952K kernel code, 4794K rwdata, 12576K rodata, 2752K init, 720K bss, 101268K reserved, 65536K cma-reserved)
[    0.759432] devtmpfs: initialized
[    0.853726] clocksource: jiffies: mask: 0xffffffff max_cycles: 0xffffffff, max_idle_ns: 1911260446275000 ns
[    0.856964] posixtimers hash table entries: 2048 (order: 3, 32768 bytes, linear)
[    0.863327] futex hash table entries: 1024 (65536 bytes on 1 NUMA nodes, total 64 KiB, linear).
[    0.870603] 22016 pages in range for non-PLT usage
[    0.870746] 513536 pages in range for PLT usage
[    0.920085] DMI not present or invalid.
[    0.994208] NET: Registered PF_NETLINK/PF_ROUTE protocol family
[    1.062037] DMA: preallocated 256 KiB GFP_KERNEL|GFP_DMA pool for atomic allocations
[    1.064927] audit: initializing netlink subsys (disabled)
[    1.080231] audit: type=2000 audit(0.701:1): state=initialized audit_enabled=0 res=1
[    1.126494] thermal_sys: Registered thermal governor 'fair_share'
[    1.126725] thermal_sys: Registered thermal governor 'bang_bang'
[    1.126788] thermal_sys: Registered thermal governor 'step_wise'
[    1.126811] thermal_sys: Registered thermal governor 'user_space'
[    1.126865] thermal_sys: Registered thermal governor 'power_allocator'
[    1.134032] cpuidle: using governor ladder
[    1.136186] cpuidle: using governor menu
[    1.144378] hw-breakpoint: found 6 breakpoint and 4 watchpoint registers.
[    1.149744] ASID allocator initialised with 65536 entries
[    1.200310] Serial: AMBA PL011 UART driver
[    1.460506] 9000000.pl011: ttyAMA0 at MMIO 0x9000000 (irq = 13, base_baud = 0) is a PL011 rev1
[    1.473956] printk: console [ttyAMA0] enabled
[    1.600737] HugeTLB: registered 1.00 GiB page size, pre-allocated 0 pages
[    1.600950] HugeTLB: 0 KiB vmemmap can be freed for a 1.00 GiB page
[    1.601081] HugeTLB: registered 32.0 MiB page size, pre-allocated 0 pages
[    1.601188] HugeTLB: 0 KiB vmemmap can be freed for a 32.0 MiB page
[    1.601314] HugeTLB: registered 2.00 MiB page size, pre-allocated 0 pages
[    1.601332] HugeTLB: 0 KiB vmemmap can be freed for a 2.00 MiB page
[    1.601351] HugeTLB: registered 64.0 KiB page size, pre-allocated 0 pages
[    1.601554] HugeTLB: 0 KiB vmemmap can be freed for a 64.0 KiB page
[    1.669814] raid6: neonx8   gen()  1157 MB/s
[    1.692273] raid6: neonx4   gen()   632 MB/s
[    1.714923] raid6: neonx2   gen()   569 MB/s
[    1.741413] raid6: neonx1   gen()   399 MB/s
[    1.769212] raid6: int64x8  gen()   777 MB/s
[    1.794519] raid6: int64x4  gen()   912 MB/s
[    1.819785] raid6: int64x2  gen()   962 MB/s
[    1.843432] raid6: int64x1  gen()   416 MB/s
[    1.843916] raid6: using algorithm neonx8 gen() 1157 MB/s
[    1.868006] raid6: .... xor() 347 MB/s, rmw enabled
[    1.868776] raid6: using neon recovery algorithm
[    1.883374] ACPI: Interpreter disabled.
[    1.920331] iommu: Default domain type: Translated
[    1.920665] iommu: DMA domain TLB invalidation policy: strict mode
[    1.952639] SCSI subsystem initialized
[    1.972871] usbcore: registered new interface driver usbfs
[    1.974281] usbcore: registered new interface driver hub
[    1.974939] usbcore: registered new device driver usb
[    1.986787] pps_core: LinuxPPS API ver. 1 registered
[    1.987312] pps_core: Software ver. 5.3.6 - Copyright 2005-2007 Rodolfo Giometti <giometti@linux.it>
[    1.987772] PTP clock support registered
[    2.002696] EDAC MC: Ver: 3.0.0
[    2.015437] scmi_core: SCMI protocol bus registered
[    2.037453] FPGA manager framework
[    2.042454] Advanced Linux Sound Architecture Driver Initialized.
[    2.090832] NetLabel: Initializing
[    2.091086] NetLabel:  domain hash size = 128
[    2.091720] NetLabel:  protocols = UNLABELED CIPSOv4 CALIPSO
[    2.098684] NetLabel:  unlabeled traffic allowed by default
[    2.109663] vgaarb: loaded
[    2.131904] clocksource: Switched to clocksource arch_sys_counter
[    2.162449] VFS: Disk quotas dquot_6.6.0
[    2.163141] VFS: Dquot-cache hash table entries: 512 (order 0, 4096 bytes)
[    2.192550] pnp: PnP ACPI: disabled
[    2.464067] NET: Registered PF_INET protocol family
[    2.482609] IP idents hash table entries: 32768 (order: 6, 262144 bytes, linear)
[    2.520954] tcp_listen_portaddr_hash hash table entries: 1024 (order: 2, 16384 bytes, linear)
[    2.522340] Table-perturb hash table entries: 65536 (order: 6, 262144 bytes, linear)
[    2.523961] TCP established hash table entries: 16384 (order: 5, 131072 bytes, linear)
[    2.527629] TCP bind hash table entries: 16384 (order: 7, 524288 bytes, linear)
[    2.532128] TCP: Hash tables configured (established 16384 bind 16384)
[    2.539616] MPTCP token hash table entries: 2048 (order: 4, 49152 bytes, linear)
[    2.541710] UDP hash table entries: 1024 (order: 4, 65536 bytes, linear)
[    2.542950] UDP-Lite hash table entries: 1024 (order: 4, 65536 bytes, linear)
[    2.550962] NET: Registered PF_UNIX/PF_LOCAL protocol family
[    2.570894] RPC: Registered named UNIX socket transport module.
[    2.571995] RPC: Registered udp transport module.
[    2.572068] RPC: Registered tcp transport module.
[    2.573296] RPC: Registered tcp-with-tls transport module.
[    2.573344] RPC: Registered tcp NFSv4.1 backchannel transport module.
[    2.574213] PCI: CLS 0 bytes, default 64
[    2.586291] kvm [1]: HYP mode not available
[    2.604701] Trying to unpack rootfs image as initramfs...
[    2.616038] Initialise system trusted keyrings
[    2.625907] workingset: timestamp_bits=46 max_order=19 bucket_order=0
[    2.653562] NFS: Registering the id_resolver key type
[    2.656618] Key type id_resolver registered
[    2.656928] Key type id_legacy registered
[    2.661861] nfs4filelayout_init: NFSv4 File Layout Driver Registering...
[    2.664918] nfs4flexfilelayout_init: NFSv4 Flexfile Layout Driver Registering...
[    2.669794] ntfs3: Read-only LZX/Xpress compression included
[    2.676959] SGI XFS with ACLs, security attributes, quota, no debug enabled
[    2.740687] cryptd: max_cpu_qlen set to 1000
[    2.942515] NET: Registered PF_ALG protocol family
[    2.943841] xor: measuring software checksum speed
[    2.948390]    8regs           :   791 MB/sec
[    2.952918]    32regs          :   767 MB/sec
[    2.961752]    arm64_neon      :   396 MB/sec
[    2.962344] xor: using function: 8regs (791 MB/sec)
[    2.963088] Key type asymmetric registered
[    2.964063] Asymmetric key parser 'x509' registered
[    2.968640] Block layer SCSI generic (bsg) driver version 0.4 loaded (major 240)
[    2.974377] io scheduler mq-deadline registered
[    2.974949] io scheduler kyber registered
[    2.980716] io scheduler bfq registered
[    3.156945] pl061_gpio 9030000.pl061: PL061 GPIO chip registered
[    3.185555] ledtrig-cpu: registered to indicate activity on CPUs
[    3.199411] pci-host-generic 4010000000.pcie: host bridge /pcie@10000000 ranges:
[    3.204430] pci-host-generic 4010000000.pcie:       IO 0x003eff0000..0x003effffff -> 0x0000000000
[    3.209084] pci-host-generic 4010000000.pcie:      MEM 0x0010000000..0x003efeffff -> 0x0010000000
[    3.210268] pci-host-generic 4010000000.pcie:      MEM 0x8000000000..0xffffffffff -> 0x8000000000
[    3.217972] pci-host-generic 4010000000.pcie: Memory resource size exceeds max for 32 bits
[    3.222646] pci-host-generic 4010000000.pcie: ECAM at [mem 0x4010000000-0x401fffffff] for [bus 00-ff]
[    3.232900] pci-host-generic 4010000000.pcie: PCI host bridge to bus 0000:00
[    3.235385] pci_bus 0000:00: root bus resource [bus 00-ff]
[    3.236658] pci_bus 0000:00: root bus resource [io  0x0000-0xffff]
[    3.237439] pci_bus 0000:00: root bus resource [mem 0x10000000-0x3efeffff]
[    3.237566] pci_bus 0000:00: root bus resource [mem 0x8000000000-0xffffffffff]
[    3.249408] pci 0000:00:00.0: [1b36:0008] type 00 class 0x060000 conventional PCI endpoint
[    3.274921] pci 0000:00:01.0: [1af4:1000] type 00 class 0x020000 conventional PCI endpoint
[    3.276578] pci 0000:00:01.0: BAR 0 [io  0x0000-0x001f]
[    3.276786] pci 0000:00:01.0: BAR 1 [mem 0x00000000-0x00000fff]
[    3.277294] pci 0000:00:01.0: BAR 4 [mem 0x00000000-0x00003fff 64bit pref]
[    3.277524] pci 0000:00:01.0: ROM [mem 0x00000000-0x0007ffff pref]
[    3.284105] pci 0000:00:02.0: [1af4:1001] type 00 class 0x010000 conventional PCI endpoint
[    3.285227] pci 0000:00:02.0: BAR 0 [io  0x0000-0x007f]
[    3.287405] pci 0000:00:02.0: BAR 1 [mem 0x00000000-0x00000fff]
[    3.288541] pci 0000:00:02.0: BAR 4 [mem 0x00000000-0x00003fff 64bit pref]
[    3.304580] pci 0000:00:01.0: ROM [mem 0x10000000-0x1007ffff pref]: assigned
[    3.306733] pci 0000:00:01.0: BAR 4 [mem 0x8000000000-0x8000003fff 64bit pref]: assigned
[    3.308728] pci 0000:00:02.0: BAR 4 [mem 0x8000004000-0x8000007fff 64bit pref]: assigned
[    3.308966] pci 0000:00:01.0: BAR 1 [mem 0x10080000-0x10080fff]: assigned
[    3.310820] pci 0000:00:02.0: BAR 1 [mem 0x10081000-0x10081fff]: assigned
[    3.312236] pci 0000:00:02.0: BAR 0 [io  0x1000-0x107f]: assigned
[    3.312462] pci 0000:00:01.0: BAR 0 [io  0x1080-0x109f]: assigned
[    3.315039] pci_bus 0000:00: resource 4 [io  0x0000-0xffff]
[    3.316509] pci_bus 0000:00: resource 5 [mem 0x10000000-0x3efeffff]
[    3.316625] pci_bus 0000:00: resource 6 [mem 0x8000000000-0xffffffffff]
[    3.341682] IPMI message handler: version 39.2
[    3.708107] virtio-pci 0000:00:01.0: enabling device (0000 -> 0003)
[    3.729387] virtio-pci 0000:00:02.0: enabling device (0000 -> 0003)
[    3.780943] Serial: 8250/16550 driver, 4 ports, IRQ sharing enabled
[    3.853016] msm_serial: driver initialized
[    3.952624] virtio_blk virtio1: 4/0/0 default/read/poll queues
[    4.041919] virtio_blk virtio1: [vda] 5111808 512-byte logical blocks (2.62 GB/2.44 GiB)
[    4.135864]  vda: vda1 vda2
[    4.317801] usbcore: registered new interface driver uas
[    4.320767] usbcore: registered new interface driver usb-storage
[    4.323463] usbcore: registered new interface driver ums-alauda
[    4.324077] usbcore: registered new interface driver ums-cypress
[    4.325047] usbcore: registered new interface driver ums-datafab
[    4.325898] usbcore: registered new interface driver ums_eneub6250
[    4.328568] usbcore: registered new interface driver ums-freecom
[    4.329217] usbcore: registered new interface driver ums-isd200
[    4.331029] usbcore: registered new interface driver ums-jumpshot
[    4.331973] usbcore: registered new interface driver ums-karma
[    4.332830] usbcore: registered new interface driver ums-onetouch
[    4.333598] usbcore: registered new interface driver ums-realtek
[    4.334482] usbcore: registered new interface driver ums-sddr09
[    4.334922] usbcore: registered new interface driver ums-sddr55
[    4.336847] usbcore: registered new interface driver ums-usbat
[    4.340048] usbcore: registered new interface driver usbserial_generic
[    4.341933] usbserial: USB Serial support registered for generic
[    4.371047] mousedev: PS/2 mouse device common for all mice
[    4.420482] rtc-pl031 9010000.pl031: registered as rtc0
[    4.426418] rtc-pl031 9010000.pl031: setting system clock to 2026-05-25T22:20:18 UTC (1779747618)
[    4.478905] device-mapper: uevent: version 1.0.3
[    4.485597] device-mapper: ioctl: 4.50.0-ioctl (2025-04-28) initialised: dm-devel@lists.linux.dev
[    4.509888] sdhci: Secure Digital Host Controller Interface driver
[    4.510380] sdhci: Copyright(c) Pierre Ossman
[    4.523629] Synopsys Designware Multimedia Card Interface Driver
[    4.537779] sdhci-pltfm: SDHCI platform and OF driver helper
[    4.579859] hid: raw HID events driver (C) Jiri Kosina
[    4.585472] usbcore: registered new interface driver usbhid
[    4.585726] usbhid: USB HID core driver
[    4.653461] hw perfevents: enabled with armv8_pmuv3 PMU driver, 7 (0,8000003f) counters available
[    4.664300] watchdog: NMI not fully supported
[    4.664575] watchdog: Hard watchdog permanently disabled
[    4.742617] Initializing XFRM netlink socket
[    4.746631] NET: Registered PF_INET6 protocol family
[    4.837478] Segment Routing with IPv6
[    4.838996] In-situ OAM (IOAM) with IPv6
[    4.841581] mip6: Mobile IPv6
[    4.843989] NET: Registered PF_PACKET protocol family
[    4.850765] Key type dns_resolver registered
[    5.161938] registered taskstats version 1
[    5.174887] Loading compiled-in X.509 certificates
[    5.403508] debug_vm_pgtable: [debug_vm_pgtable         ]: Validating architecture page table helpers
[    5.438278] Key type .fscrypt registered
[    5.438643] Key type fscrypt-provisioning registered
[    5.496851] Btrfs loaded, zoned=yes, fsverity=no
[    5.512461] Key type encrypted registered
[    5.562013] clk: Disabling unused clocks
[    5.564643] PM: genpd: Disabling unused power domains
[    5.573520] ALSA device list:
[    5.575919]   No soundcards found.
[    6.094767] Freeing initrd memory: 14744K
[    6.473262] Freeing unused kernel memory: 2752K
[    6.486907] Run /init as init process
P+q6E616D65\[    8.173365] systemd[1]: Successfully made /usr/ read-only.
[18t[6n[32766;32766H[6n[!p]104\[0m[?7h[1G[0J[    8.916912] systemd[1]: systemd 260.1-2-arch running in system mode (+PAM +AUDIT -SELINUX +APPARMOR -IMA +IPE +SMACK +SECCOMP +GCRYPT +GNUTLS +OPENSSL +ACL +BLKID +CURL +ELFUTILS +FIDO2 +IDN2 +KMOD +LIBCRYPTSETUP +LIBCRYPTSETUP_PLUGINS +LIBFDISK +PCRE2 +PWQUALITY +P11KIT +QRENCODE +TPM2 +BZIP2 +LZ4 +XZ +ZLIB +ZSTD +BPF_FRAMEWORK -BTF +XKBCOMMON +UTMP +LIBARCHIVE)
[    8.923872] systemd[1]: Detected virtualization qemu.
[    8.931900] systemd[1]: Detected architecture arm64.
[    8.934602] systemd[1]: Running in initrd.
[0;1;39mBooting initrd of [0m[38;2;23;147;209mArch Linux ARM[0m[0;1;39m.[0m
[    9.019807] systemd[1]: Initializing machine ID from random generator.
[    9.041609] systemd[1]: No hostname configured, using default hostname.
[    9.050680] systemd[1]: Hostname set to <archlinux>.
]3008;start=d24d3726284a45f3aad72f4663232dcf;user=root;hostname=archlinux;machineid=5b4db2e58e6a45918d68aa3ab03a8097;bootid=4ad821607cda419681dee9277ab501bb;pid=1;pidfdid=1;comm=systemd;type=boot\[   10.349139] hrtimer: interrupt took 2790704 ns
[   11.980759] systemd[1]: Queued start job for default target Initrd Default Target.
[   20.069693] systemd[1]: Expecting device /dev/vda2...
         Expecting device [0;1;39m/dev/vda2[0m...
[   20.095573] systemd[1]: Reached target Path Units.
[[0;32m  OK  [0m] Reached target [0;1;39mPath Units[0m.
[   20.110586] systemd[1]: Reached target Slice Units.
[[0;32m  OK  [0m] Reached target [0;1;39mSlice Units[0m.
[   20.124928] systemd[1]: Reached target Swaps.
[[0;32m  OK  [0m] Reached target [0;1;39mSwaps[0m.
[   20.140019] systemd[1]: Reached target Timer Units.
[[0;32m  OK  [0m] Reached target [0;1;39mTimer Units[0m.
[   20.178899] systemd[1]: Listening on Journal Socket (/dev/log).
[[0;32m  OK  [0m] Listening on [0;1;39mJournal Socket (/dev/log)[0m.
[   20.197639] systemd[1]: Listening on Journal Sockets.
[[0;32m  OK  [0m] Listening on [0;1;39mJournal Sockets[0m.
[   20.227959] systemd[1]: Listening on udev Control Socket.
[[0;32m  OK  [0m] Listening on [0;1;39mudev Control Socket[0m.
[   20.247615] systemd[1]: Listening on udev Kernel Socket.
[[0;32m  OK  [0m] Listening on [0;1;39mudev Kernel Socket[0m.
[   20.259059] systemd[1]: Reached target Socket Units.
[[0;32m  OK  [0m] Reached target [0;1;39mSocket Units[0m.
[   20.271489] systemd[1]: Create List of Static Device Nodes skipped, unmet condition check ConditionFileNotEmpty=/lib/modules/7.0.9-1-aarch64-ARCH/modules.devname
[   20.281100] systemd[1]: Early Battery Level Check skipped, unmet condition check ConditionDirectoryNotEmpty=/sys/class/power_supply
[   20.286749] systemd[1]: Display Boot-Time Emergency Messages In Full Screen skipped, unmet condition check ConditionVirtualization=no
[   21.003799] systemd[1]: Starting Journal Service...
         Starting [0;1;39mJournal Service[0m...
[   21.316889] systemd[1]: Starting Load Kernel Modules...
         Starting [0;1;39mLoad Kernel Modules[0m...
[   21.332711] systemd[1]: TPM PCR Barrier (initrd) skipped, unmet condition check ConditionSecurity=measured-uki
[   21.766847] systemd[1]: Starting Create Static Device Nodes in /dev...
         Starting [0;1;39mCreate Static Device Nodes in /dev[0m...
[   22.153950] systemd[1]: Starting Coldplug All udev Devices...
         Starting [0;1;39mColdplug All udev Devices[0m...
[   23.136829] systemd-journald[121]: Collecting audit messages is disabled.
[   23.645718] systemd[1]: Finished Load Kernel Modules.
[[0;32m  OK  [0m] Finished [0;1;39mLoad Kernel Modules[0m.
[   24.143631] systemd[1]: Finished Create Static Device Nodes in /dev.
[[0;32m  OK  [0m] Finished [0;1;39mCreate Static Device Nodes in /dev[0m.
[   24.185074] systemd[1]: Reached target Preparation for Local File Systems.
[[0;32m  OK  [0m] Reached target [0;1;39mPreparation for Local File Systems[0m.
[   24.196501] systemd[1]: Reached target Local File Systems.
[[0;32m  OK  [0m] Reached target [0;1;39mLocal File Systems[0m.
[   24.569855] systemd[1]: Starting Rule-based Manager for Device Events and Files...
         Starting [0;1;39mRule-based Manager for Device Events and Files[0m...
[   24.887879] systemd[1]: Started Journal Service.
[[0;32m  OK  [0m] Started [0;1;39mJournal Service[0m.
         Starting [0;1;39mCreate System Files and Directories[0m...
[[0m[0;31m*     [0m] (1 of 4) A start job is running for… Events and Files (14s / 1min 42s)
M[K[[0;32m  OK  [0m] Finished [0;1;39mCreate System Files and Directories[0m.
[K[[0;32m  OK  [0m] Started [0;1;39mRule-based Manager for Device Events and Files[0m.
[[0;1;31m*[0m[0;31m*    [0m] (1 of 2) A start job is running for… All udev Devices (18s / no limit)
M[K[[0;31m*[0;1;31m*[0m[0;31m*   [0m] (1 of 2) A start job is running for… All udev Devices (18s / no limit)
M[K[ [0;31m*[0;1;31m*[0m[0;31m*  [0m] (2 of 2) A start job is running for /dev/vda2 (19s / 1min 38s)
M[K[  [0;31m*[0;1;31m*[0m[0;31m* [0m] (2 of 2) A start job is running for /dev/vda2 (19s / 1min 38s)
M[K[   [0;31m*[0;1;31m*[0m[0;31m*[0m] (2 of 2) A start job is running for /dev/vda2 (20s / 1min 38s)
M[K[    [0;31m*[0;1;31m*[0m] (1 of 2) A start job is running for… All udev Devices (21s / no limit)
M[K[     [0;31m*[0m] (1 of 2) A start job is running for… All udev Devices (21s / no limit)
M[K[    [0;31m*[0;1;31m*[0m] (1 of 2) A start job is running for… All udev Devices (22s / no limit)
M[K[   [0;31m*[0;1;31m*[0m[0;31m*[0m] (2 of 2) A start job is running for /dev/vda2 (22s / 1min 38s)
M[K[  [0;31m*[0;1;31m*[0m[0;31m* [0m] (2 of 2) A start job is running for /dev/vda2 (23s / 1min 38s)
M[K[ [0;31m*[0;1;31m*[0m[0;31m*  [0m] (2 of 2) A start job is running for /dev/vda2 (24s / 1min 38s)
M[K[[0;31m*[0;1;31m*[0m[0;31m*   [0m] (1 of 2) A start job is running for… All udev Devices (24s / no limit)
M[K[[0;1;31m*[0m[0;31m*    [0m] (1 of 2) A start job is running for… All udev Devices (25s / no limit)
M[K[[0m[0;31m*     [0m] (1 of 2) A start job is running for… All udev Devices (25s / no limit)
M[K[[0;1;31m*[0m[0;31m*    [0m] (2 of 2) A start job is running for /dev/vda2 (26s / 1min 38s)
M[K[[0;31m*[0;1;31m*[0m[0;31m*   [0m] (2 of 2) A start job is running for /dev/vda2 (27s / 1min 38s)
M[K[ [0;31m*[0;1;31m*[0m[0;31m*  [0m] (2 of 2) A start job is running for /dev/vda2 (27s / 1min 38s)
M[K[  [0;31m*[0;1;31m*[0m[0;31m* [0m] (1 of 2) A start job is running for… All udev Devices (28s / no limit)
M[K[   [0;31m*[0;1;31m*[0m[0;31m*[0m] (1 of 2) A start job is running for… All udev Devices (28s / no limit)
M[K[    [0;31m*[0;1;31m*[0m] (1 of 2) A start job is running for… All udev Devices (29s / no limit)
M[K[     [0;31m*[0m] (2 of 2) A start job is running for /dev/vda2 (29s / 1min 38s)
M[K[    [0;31m*[0;1;31m*[0m] (2 of 2) A start job is running for /dev/vda2 (30s / 1min 38s)
M[K[   [0;31m*[0;1;31m*[0m[0;31m*[0m] (2 of 2) A start job is running for /dev/vda2 (30s / 1min 38s)
M[K[  [0;31m*[0;1;31m*[0m[0;31m* [0m] (1 of 2) A start job is running for… All udev Devices (31s / no limit)
M[K[ [0;31m*[0;1;31m*[0m[0;31m*  [0m] (1 of 2) A start job is running for… All udev Devices (31s / no limit)
M[K[[0;31m*[0;1;31m*[0m[0;31m*   [0m] (1 of 2) A start job is running for… All udev Devices (32s / no limit)
M[K[[0;1;31m*[0m[0;31m*    [0m] (2 of 2) A start job is running for /dev/vda2 (32s / 1min 38s)
M[K[[0m[0;31m*     [0m] (2 of 2) A start job is running for /dev/vda2 (33s / 1min 38s)
M[K[[0;1;31m*[0m[0;31m*    [0m] (2 of 2) A start job is running for /dev/vda2 (33s / 1min 38s)
M[K[[0;31m*[0;1;31m*[0m[0;31m*   [0m] (1 of 2) A start job is running for… All udev Devices (34s / no limit)
M[K[ [0;31m*[0;1;31m*[0m[0;31m*  [0m] (1 of 2) A start job is running for… All udev Devices (34s / no limit)
M[K[  [0;31m*[0;1;31m*[0m[0;31m* [0m] (1 of 2) A start job is running for… All udev Devices (35s / no limit)
M[K[   [0;31m*[0;1;31m*[0m[0;31m*[0m] (2 of 2) A start job is running for /dev/vda2 (35s / 1min 38s)
M[K[[0;32m  OK  [0m] Finished [0;1;39mColdplug All udev Devices[0m.
[K[[0;32m  OK  [0m] Reached target [0;1;39mSystem Initialization[0m.
[[0;32m  OK  [0m] Reached target [0;1;39mBasic System[0m.
[    [0;31m*[0;1;31m*[0m] A start job is running for /dev/vda2 (38s / 1min 38s)
M[K[     [0;31m*[0m] A start job is running for /dev/vda2 (38s / 1min 38s)
M[K[    [0;31m*[0;1;31m*[0m] A start job is running for /dev/vda2 (39s / 1min 38s)
M[K[   [0;31m*[0;1;31m*[0m[0;31m*[0m] A start job is running for /dev/vda2 (39s / 1min 38s)
M[K[  [0;31m*[0;1;31m*[0m[0;31m* [0m] A start job is running for /dev/vda2 (40s / 1min 38s)
M[K[ [0;31m*[0;1;31m*[0m[0;31m*  [0m] A start job is running for /dev/vda2 (40s / 1min 38s)
M[K[[0;31m*[0;1;31m*[0m[0;31m*   [0m] A start job is running for /dev/vda2 (41s / 1min 38s)
M[K[[0;1;31m*[0m[0;31m*    [0m] A start job is running for /dev/vda2 (41s / 1min 38s)
M[K[[0m[0;31m*     [0m] A start job is running for /dev/vda2 (42s / 1min 38s)
M[K[[0;32m  OK  [0m] Found device [0;1;39m/dev/vda2[0m.
[K[[0;32m  OK  [0m] Reached target [0;1;39mInitrd Root Device[0m.
         Starting [0;1;39mFile System Check on /dev/vda2[0m...
[[0;32m  OK  [0m] Finished [0;1;39mFile System Check on /dev/vda2[0m.
         Mounting [0;1;39m/sysroot[0m...
[   59.536045] EXT4-fs (vda2): mounted filesystem b0ba26a0-dbf9-414c-a8e9-57b19d33e4da r/w with ordered data mode. Quota mode: none.
[[0;32m  OK  [0m] Mounted [0;1;39m/sysroot[0m.
[[0;32m  OK  [0m] Reached target [0;1;39mInitrd Root File System[0m.
         Starting [0;1;39mMountpoints Configured in the Real Root[0m...
[[0;32m  OK  [0m] Finished [0;1;39mMountpoints Configured in the Real Root[0m.
[[0;32m  OK  [0m] Reached target [0;1;39mInitrd File Systems[0m.
[[0;32m  OK  [0m] Reached target [0;1;39mInitrd Default Target[0m.
         Starting [0;1;39mCleaning Up and Shutting Down Daemons[0m...
[[0;32m  OK  [0m] Stopped target [0;1;39mInitrd Default Target[0m.
[[0;32m  OK  [0m] Stopped target [0;1;39mBasic System[0m.
[[0;32m  OK  [0m] Stopped target [0;1;39mInitrd Root Device[0m.
[[0;32m  OK  [0m] Stopped target [0;1;39mPath Units[0m.
[[0;32m  OK  [0m] Stopped target [0;1;39mSlice Units[0m.
[[0;32m  OK  [0m] Stopped target [0;1;39mSocket Units[0m.
[[0;32m  OK  [0m] Stopped target [0;1;39mSystem Initialization[0m.
[[0;32m  OK  [0m] Stopped target [0;1;39mSwaps[0m.
[[0;32m  OK  [0m] Stopped target [0;1;39mTimer Units[0m.
[[0;32m  OK  [0m] Stopped [0;1;39mLoad Kernel Modules[0m.
[[0;32m  OK  [0m] Stopped [0;1;39mCreate System Files and Directories[0m.
[[0;32m  OK  [0m] Stopped target [0;1;39mLocal File Systems[0m.
[[0;32m  OK  [0m] Stopped target [0;1;39mPreparation for Local File Systems[0m.
[[0;32m  OK  [0m] Stopped [0;1;39mColdplug All udev Devices[0m.
         Stopping [0;1;39mRule-based Manager for Device Events and Files[0m...
[[0;32m  OK  [0m] Finished [0;1;39mCleaning Up and Shutting Down Daemons[0m.
         Starting [0;1;39mVirtual Console Setup[0m...
[[0;32m  OK  [0m] Stopped [0;1;39mRule-based Manager for Device Events and Files[0m.
[[0;32m  OK  [0m] Closed [0;1;39mudev Control Socket[0m.
         Starting [0;1;39mCleanup udev Database[0m...
[[0;32m  OK  [0m] Stopped [0;1;39mCreate Static Device Nodes in /dev[0m.
[[0;32m  OK  [0m] Finished [0;1;39mVirtual Console Setup[0m.
[[0;32m  OK  [0m] Finished [0;1;39mCleanup udev Database[0m.
[[0;32m  OK  [0m] Reached target [0;1;39mSwitch Root[0m.
         Starting [0;1;39mSwitch Root[0m...
[   88.237916] systemd-journald[121]: Received SIGTERM from PID 1 (systemd).
P+q6E616D65\[18t[6n[32766;32766H[6n[!p]104\[0m[?7h[1G[0J[   90.252328] systemd[1]: systemd 260.1-2-arch running in system mode (+PAM +AUDIT -SELINUX +APPARMOR -IMA +IPE +SMACK +SECCOMP +GCRYPT +GNUTLS +OPENSSL +ACL +BLKID +CURL +ELFUTILS +FIDO2 +IDN2 +KMOD +LIBCRYPTSETUP +LIBCRYPTSETUP_PLUGINS +LIBFDISK +PCRE2 +PWQUALITY +P11KIT +QRENCODE +TPM2 +BZIP2 +LZ4 +XZ +ZLIB +ZSTD +BPF_FRAMEWORK -BTF +XKBCOMMON +UTMP +LIBARCHIVE)
[   90.253310] systemd[1]: Detected virtualization qemu.
[   90.255562] systemd[1]: Detected architecture arm64.

[0;1;39mWelcome to [0m[38;2;23;147;209mArch Linux ARM[0m[0;1;39m![0m

[   90.399786] systemd[1]: Hostname set to <arch-rpi5>.
]3008;start=808810add6c54b99a52dd861c1b00b97;user=root;hostname=arch-rpi5;machineid=3105c89434844386ba383c6497b27f9e;bootid=4ad821607cda419681dee9277ab501bb;pid=1;pidfdid=1;comm=systemd;type=boot\[   93.666831] systemd[1]: bpf-restrict-fs: BPF LSM hook not enabled in the kernel, BPF LSM not supported.
[   96.845786] NET: Registered PF_VSOCK protocol family
[  102.430962] systemd[1]: initrd-switch-root.service: Deactivated successfully.
[  102.462453] systemd[1]: Stopped Switch Root.
[[0;32m  OK  [0m] Stopped [0;1;39mSwitch Root[0m.
[  102.554656] systemd[1]: systemd-journald.service: Scheduled restart job, restart counter is at 1.
[  102.603682] systemd[1]: Created slice Slice /system/dirmngr.
[[0;32m  OK  [0m] Created slice [0;1;39mSlice /system/dirmngr[0m.
[  102.637043] systemd[1]: Created slice Slice /system/getty.
[[0;32m  OK  [0m] Created slice [0;1;39mSlice /system/getty[0m.
[  102.668401] systemd[1]: Created slice Slice /system/gpg-agent.
[[0;32m  OK  [0m] Created slice [0;1;39mSlice /system/gpg-agent[0m.
[  102.704704] systemd[1]: Created slice Slice /system/gpg-agent-browser.
[[0;32m  OK  [0m] Created slice [0;1;39mSlice /system/gpg-agent-browser[0m.
[  102.736431] systemd[1]: Created slice Slice /system/gpg-agent-extra.
[[0;32m  OK  [0m] Created slice [0;1;39mSlice /system/gpg-agent-extra[0m.
[  102.766038] systemd[1]: Created slice Slice /system/gpg-agent-ssh.
[[0;32m  OK  [0m] Created slice [0;1;39mSlice /system/gpg-agent-ssh[0m.
[  102.797690] systemd[1]: Created slice Slice /system/keyboxd.
[[0;32m  OK  [0m] Created slice [0;1;39mSlice /system/keyboxd[0m.
[  102.829051] systemd[1]: Created slice Slice /system/modprobe.
[[0;32m  OK  [0m] Created slice [0;1;39mSlice /system/modprobe[0m.
[  102.865558] systemd[1]: Created slice Slice /system/serial-getty.
[[0;32m  OK  [0m] Created slice [0;1;39mSlice /system/serial-getty[0m.
[  102.893555] systemd[1]: Created slice User and Session Slice.
[[0;32m  OK  [0m] Created slice [0;1;39mUser and Session Slice[0m.
[  102.909884] systemd[1]: Started Dispatch Password Requests to Console Directory Watch.
[[0;32m  OK  [0m] Started [0;1;39mDispatch Password Requests to Console Directory Watch[0m.
[  102.918847] systemd[1]: Started Forward Password Requests to Wall Directory Watch.
[[0;32m  OK  [0m] Started [0;1;39mForward Password Requests to Wall Directory Watch[0m.
[  102.958542] systemd[1]: Set up automount Arbitrary Executable File Formats File System Automount Point.
[[0;32m  OK  [0m] Set up automount [0;1;39mArbitrary Executa…ormats File System Automount Point[0m.
[  102.969595] systemd[1]: Expecting device /dev/disk/by-uuid/3FBC-1B42...
         Expecting device [0;1;39m/dev/disk/by-uuid/3FBC-1B42[0m...
[  102.978722] systemd[1]: Expecting device /dev/ttyAMA0...
         Expecting device [0;1;39m/dev/ttyAMA0[0m...
[  102.984449] systemd[1]: Reached target Image Downloads.
[[0;32m  OK  [0m] Reached target [0;1;39mImage Downloads[0m.
[  102.990083] systemd[1]: Stopped target Switch Root.
[[0;32m  OK  [0m] Stopped target [0;1;39mSwitch Root[0m.
[  102.995913] systemd[1]: Stopped target Initrd File Systems.
[[0;32m  OK  [0m] Stopped target [0;1;39mInitrd File Systems[0m.
[  103.000984] systemd[1]: Stopped target Initrd Root File System.
[[0;32m  OK  [0m] Stopped target [0;1;39mInitrd Root File System[0m.
[  103.006688] systemd[1]: Reached target Local Integrity Protected Volumes.
[[0;32m  OK  [0m] Reached target [0;1;39mLocal Integrity Protected Volumes[0m.
[  103.012445] systemd[1]: Reached target Path Units.
[[0;32m  OK  [0m] Reached target [0;1;39mPath Units[0m.
[  103.018486] systemd[1]: Reached target Remote File Systems.
[[0;32m  OK  [0m] Reached target [0;1;39mRemote File Systems[0m.
[  103.025831] systemd[1]: Reached target Slice Units.
[[0;32m  OK  [0m] Reached target [0;1;39mSlice Units[0m.
[  103.032878] systemd[1]: Reached target Swaps.
[[0;32m  OK  [0m] Reached target [0;1;39mSwaps[0m.
[  103.037437] systemd[1]: Reached target Local Verity Protected Volumes.
[[0;32m  OK  [0m] Reached target [0;1;39mLocal Verity Protected Volumes[0m.
[  103.052473] systemd[1]: Listening on Device-mapper event daemon FIFOs.
[[0;32m  OK  [0m] Listening on [0;1;39mDevice-mapper event daemon FIFOs[0m.
[  103.119578] systemd[1]: Listening on Query the User Interactively for a Password.
[[0;32m  OK  [0m] Listening on [0;1;39mQuery the User Interactively for a Password[0m.
[  103.167986] systemd[1]: Listening on Process Core Dump Socket.
[[0;32m  OK  [0m] Listening on [0;1;39mProcess Core Dump Socket[0m.
[  103.210546] systemd[1]: Listening on Credential Encryption/Decryption.
[[0;32m  OK  [0m] Listening on [0;1;39mCredential Encryption/Decryption[0m.
[  103.257774] systemd[1]: Listening on Factory Reset Management.
[[0;32m  OK  [0m] Listening on [0;1;39mFactory Reset Management[0m.
[  103.310341] systemd[1]: Listening on Console Output Muting Service Socket.
[[0;32m  OK  [0m] Listening on [0;1;39mConsole Output Muting Service Socket[0m.
[  103.327918] systemd[1]: Listening on Network Management Resolve Hook Socket.
[[0;32m  OK  [0m] Listening on [0;1;39mNetwork Management Resolve Hook Socket[0m.
[  103.338830] systemd[1]: Listening on Network Management Metrics Varlink Socket.
[[0;32m  OK  [0m] Listening on [0;1;39mNetwork Management Metrics Varlink Socket[0m.
[  103.351962] systemd[1]: Listening on Network Management Varlink Socket.
[[0;32m  OK  [0m] Listening on [0;1;39mNetwork Management Varlink Socket[0m.
[  103.367005] systemd[1]: Listening on Network Management Netlink Socket.
[[0;32m  OK  [0m] Listening on [0;1;39mNetwork Management Netlink Socket[0m.
[  103.377897] systemd[1]: TPM PCR Measurements skipped, unmet condition check ConditionSecurity=measured-uki
[  103.380657] systemd[1]: Make TPM PCR Policy skipped, unmet condition check ConditionSecurity=measured-uki
[  103.412997] systemd[1]: Listening on Disk Repartitioning Service Socket.
[[0;32m  OK  [0m] Listening on [0;1;39mDisk Repartitioning Service Socket[0m.
[  103.425408] systemd[1]: Listening on Resolve Monitor Varlink Socket.
[[0;32m  OK  [0m] Listening on [0;1;39mResolve Monitor Varlink Socket[0m.
[  103.436577] systemd[1]: Listening on Resolve Service Varlink Socket.
[[0;32m  OK  [0m] Listening on [0;1;39mResolve Service Varlink Socket[0m.
[  103.447664] systemd[1]: Listening on udev Control Socket.
[[0;32m  OK  [0m] Listening on [0;1;39mudev Control Socket[0m.
[  103.458996] systemd[1]: Listening on udev Varlink Socket.
[[0;32m  OK  [0m] Listening on [0;1;39mudev Varlink Socket[0m.
[  103.476518] systemd[1]: Listening on User Database Manager Socket.
[[0;32m  OK  [0m] Listening on [0;1;39mUser Database Manager Socket[0m.
[  103.591037] systemd[1]: Mounting Huge Pages File System...
         Mounting [0;1;39mHuge Pages File System[0m...
[  103.705120] systemd[1]: Mounting POSIX Message Queue File System...
         Mounting [0;1;39mPOSIX Message Queue File System[0m...
[  103.861895] systemd[1]: Mounting Kernel Debug File System...
         Mounting [0;1;39mKernel Debug File System[0m...
[  103.890639] systemd[1]: Kernel Trace File System skipped, unmet condition check ConditionPathExists=/sys/kernel/tracing
[  103.922103] systemd[1]: tmp.mount: x-systemd.graceful-option=usrquota specified, but option is not available, suppressing.
[  104.101618] systemd[1]: Mounting Temporary Directory /tmp...
         Mounting [0;1;39mTemporary Directory /tmp[0m...
[  104.294038] systemd[1]: Starting Create List of Static Device Nodes...
         Starting [0;1;39mCreate List of Static Device Nodes[0m...
[  104.336878] systemd[1]: Load Kernel Module configfs skipped, unmet condition check ConditionKernelModuleLoaded=!configfs
[  104.587030] systemd[1]: Mounting Kernel Configuration File System...
         Mounting [0;1;39mKernel Configuration File System[0m...
[  104.604551] systemd[1]: Load Kernel Module drm skipped, unmet condition check ConditionKernelModuleLoaded=!drm
[  104.930090] systemd[1]: Starting Load Kernel Module fuse...
         Starting [0;1;39mLoad Kernel Module fuse[0m...
[  104.961609] systemd[1]: Clear Stale Hibernate Storage Info skipped, unmet condition check ConditionPathExists=/sys/firmware/efi/efivars/HibernateLocation-8cf2644b-4b0b-428f-9387-6d876050dc67
[  105.708843] systemd[1]: Starting Journal Service...
         Starting [0;1;39mJournal Service[0m...
[  105.847097] systemd[1]: Load Kernel Modules skipped, no trigger condition checks were met.
[  105.877692] systemd[1]: TPM PCR Machine ID Measurement skipped, unmet condition check ConditionSecurity=measured-uki
[  106.304692] fuse: init (API version 7.45)
[  106.327580] systemd[1]: Starting Remount Root and Kernel File Systems...
         Starting [0;1;39mRemount Root and Kernel File Systems[0m...[  106.773865] systemd[1]: Starting Apply Kernel Variables...

         Starting [0;1;39mApply Kernel Variables[0m...
[  107.009846] systemd[1]: Early TPM SRK Setup skipped, unmet condition check ConditionSecurity=measured-uki
[  107.312034] systemd[1]: Starting Load udev Rules from Credentials...
         Starting [0;1;39mLoad udev Rules from Credentials[0m...
[  107.416187] systemd[1]: Starting Coldplug All udev Devices...
         Starting [0;1;39mColdplug All udev Devices[0m...
[  107.473884] systemd[1]: systemd-vconsole-setup.service: Deactivated successfully.
[  107.510667] systemd[1]: Stopped Virtual Console Setup.
[[0;32m  OK  [0m] Stopped [0;1;39mVirtual Console Setup[0m.
[  107.607032] systemd[1]: systemd-vconsole-setup.service: Consumed 1.058s CPU time over 40.058s wall clock time, 2.1M memory peak.
[  108.143865] systemd[1]: Mounted Huge Pages File System.
[[0;32m  OK  [0m] Mounted [0;1;39mHuge Pages File System[0m.
[  108.184127] systemd[1]: Mounted POSIX Message Queue File System.
[[0;32m  OK  [0m] Mounted [0;1;39mPOSIX Message Queue File System[0m.
[  108.226706] systemd[1]: Mounted Kernel Debug File System.
[[0;32m  OK  [0m] Mounted [0;1;39mKernel Debug File System[0m.
[  108.780933] systemd[1]: Mounted Temporary Directory /tmp.
[[0;32m  OK  [0m] Mounted [0;1;39mTemporary Directory /tmp[0m.
[  109.332774] systemd[1]: Finished Create List of Static Device Nodes.
[[0;32m  OK  [0m] Finished [0;1;39mCreate List of Static Device Nodes[0m.
[  109.845457] EXT4-fs (vda2): re-mounted b0ba26a0-dbf9-414c-a8e9-57b19d33e4da.
[  109.916832] systemd[1]: modprobe@fuse.service: Deactivated successfully.
[  109.950560] systemd[1]: Finished Load Kernel Module fuse.
[[0;32m  OK  [0m] Finished [0;1;39mLoad Kernel Module fuse[0m.
[  109.962931] systemd[1]: modprobe@fuse.service: Consumed 1.015s CPU time over 4.994s wall clock time, 2M memory peak.
[  110.076031] systemd[1]: Finished Load udev Rules from Credentials.
[[0;32m  OK  [0m] Finished [0;1;39mLoad udev Rules from Credentials[0m.
[  110.299935] systemd[1]: Finished Remount Root and Kernel File Systems.
[[0;32m  OK  [0m] Finished [0;1;39mRemount Root and Kernel File Systems[0m.
[  110.357790] systemd[1]: Finished Apply Kernel Variables.
[[0;32m  OK  [0m] Finished [0;1;39mApply Kernel Variables[0m.
[  110.524684] systemd[1]: Mounting FUSE Control File System...
         Mounting [0;1;39mFUSE Control File System[0m...
[  110.546646] systemd[1]: Rebuild Hardware Database skipped, no trigger condition checks were met.
[  110.625977] systemd[1]: Starting Load/Save OS Random Seed...
         Starting [0;1;39mLoad/Save OS Random Seed[0m...
[  110.749851] systemd-journald[334]: Collecting audit messages is disabled.
[  110.897045] systemd[1]: Starting Create Static Device Nodes in /dev gracefully...
         Starting [0;1;39mCreate Static Device Nodes in /dev gracefully[0m...
[  110.918677] systemd[1]: TPM SRK Setup skipped, unmet condition check ConditionSecurity=measured-uki
[  110.923787] systemd[1]: TPM PCR NvPCR Initialization Separator skipped, unmet condition check ConditionSecurity=measured-uki
[  110.932676] systemd[1]: Reached target Local Encrypted Volumes.
[[0;32m  OK  [0m] Reached target [0;1;39mLocal Encrypted Volumes[0m.
[  110.951884] systemd[1]: TPM NvPCR Product ID Measurement skipped, unmet condition check ConditionSecurity=measured-uki
[  111.116817] systemd[1]: Mounted Kernel Configuration File System.
[[0;32m  OK  [0m] Mounted [0;1;39mKernel Configuration File System[0m.
[  111.417875] systemd[1]: Started Journal Service.
[[0;32m  OK  [0m] Started [0;1;39mJournal Service[0m.
[[0;32m  OK  [0m] Finished [0;1;39mLoad/Save OS Random Seed[0m.
         Starting [0;1;39mFlush Journal to Persistent Storage[0m...
[[0;32m  OK  [0m] Mounted [0;1;39mFUSE Control File System[0m.
         Starting [0;1;39mUser Database Manager[0m...
[  113.994976] systemd-journald[334]: Received client request to flush runtime journal.
         Mounting [0;1;39mArbitrary Executable File Formats File System[0m...
[[0;32m  OK  [0m] Finished [0;1;39mFlush Journal to Persistent Storage[0m.
[[0;32m  OK  [0m] Mounted [0;1;39mArbitrary Executable File Formats File System[0m.
[[0;32m  OK  [0m] Started [0;1;39mUser Database Manager[0m.
[[0;32m  OK  [0m] Finished [0;1;39mCreate Static Device Nodes in /dev gracefully[0m.
         Starting [0;1;39mCreate System Users[0m...
[[0;32m  OK  [0m] Finished [0;1;39mCreate System Users[0m.
         Starting [0;1;39mJournal Log Access Socket[0m...
         Starting [0;1;39mNetwork Name Resolution[0m...
         Starting [0;1;39mCreate Static Device Nodes in /dev[0m...
[[0;32m  OK  [0m] Listening on [0;1;39mJournal Log Access Socket[0m.
[[0m[0;31m*     [0m] (1 of 5) A start job is running for…ice Nodes in /dev (21s / no limit)
M[K[[0;1;31m*[0m[0;31m*    [0m] (1 of 5) A start job is running for…ice Nodes in /dev (22s / no limit)
M[K[[0;31m*[0;1;31m*[0m[0;31m*   [0m] (1 of 5) A start job is running for…ice Nodes in /dev (22s / no limit)
M[K[ [0;31m*[0;1;31m*[0m[0;31m*  [0m] (2 of 5) A start job is running for… All udev Devices (22s / no limit)
M[K[[0;32m  OK  [0m] Finished [0;1;39mCreate Static Device Nodes in /dev[0m.
[K[[0;32m  OK  [0m] Reached target [0;1;39mPreparation for Local File Systems[0m.
[[0;32m  OK  [0m] Reached target [0;1;39mLocal File Systems[0m.
[[0;32m  OK  [0m] Listening on [0;1;39mBoot Loader Control Service Socket[0m.
[[0;32m  OK  [0m] Listening on [0;1;39mDisk Image Download Service Socket[0m.
[[0;32m  OK  [0m] Listening on [0;1;39mSystem Extension Image Management[0m.
         Starting [0;1;39mRepartition Root Disk[0m...
         Starting [0;1;39mCreate System Files and Directories[0m...
         Starting [0;1;39mRule-based Manager for Device Events and Files[0m...
         Starting [0;1;39mLoad JSON user/group Records from Credentials[0m...
[[0;32m  OK  [0m] Started [0;1;39mNetwork Name Resolution[0m.
[[0;32m  OK  [0m] Reached target [0;1;39mHost and Network Name Lookups[0m.
[[0;32m  OK  [0m] Finished [0;1;39mLoad JSON user/group Records from Credentials[0m.
[[0;32m  OK  [0m] Finished [0;1;39mRepartition Root Disk[0m.
         Starting [0;1;39mGrow Root File System[0m...
[  130.513774] EXT4-fs (vda2): resizing filesystem from 441795 to 507392 blocks
[  130.548982] EXT4-fs (vda2): resized filesystem to 507392
[[0;32m  OK  [0m] Finished [0;1;39mGrow Root File System[0m.
[  [0;31m*[0;1;31m*[0m[0;31m* [0m] (2 of 5) A start job is running for… Events and Files (31s / 1min 53s)
M[K[   [0;31m*[0;1;31m*[0m[0;31m*[0m] (2 of 5) A start job is running for… Events and Files (31s / 1min 53s)
M[K[    [0;31m*[0;1;31m*[0m] (3 of 5) A start job is running for…s and Directories (31s / no limit)
M[K[[0;32m  OK  [0m] Started [0;1;39mRule-based Manager for Device Events and Files[0m.
[K         Starting [0;1;39mNetwork Management[0m...
[     [0;31m*[0m] (3 of 5) A start job is running for…s and Directories (33s / no limit)
M[K[    [0;31m*[0;1;31m*[0m] (3 of 5) A start job is running for…s and Directories (34s / no limit)
M[K[[0;32m  OK  [0m] Finished [0;1;39mColdplug All udev Devices[0m.
[K[[0;32m  OK  [0m] Finished [0;1;39mCreate System Files and Directories[0m.
         Starting [0;1;39mRebuild Dynamic Linker Cache[0m...
         Starting [0;1;39mRebuild Journal Catalog[0m...
         Starting [0;1;39mRecord System Boot/Shutdown in UTMP[0m...
[  138.357028] cfg80211: Loading compiled-in X.509 certificates for regulatory database
[   [0;31m*[0;1;31m*[0m[0;31m*[0m] (4 of 6) A start job is running for /dev/ttyAMA0 (37s / 1min 31s)
[  139.391784] Loaded X.509 cert 'sforshee: 00b28ddf47aef9cea7'
[  139.405718] Loaded X.509 cert 'wens: 61c038651aabdcf94bd0ac7ff06c7248db18c600'
[  139.449728] faux_driver regulatory: Direct firmware load for regulatory.db failed with error -2
[  139.485923] cfg80211: failed to load regulatory.db
M[K[  [0;31m*[0;1;31m*[0m[0;31m* [0m] (4 of 6) A start job is running for /dev/ttyAMA0 (37s / 1min 31s)
M[K[ [0;31m*[0;1;31m*[0m[0;31m*  [0m] (4 of 6) A start job is running for /dev/ttyAMA0 (38s / 1min 31s)
M[K[[0;32m  OK  [0m] Finished [0;1;39mRecord System Boot/Shutdown in UTMP[0m.
[K[[0;32m  OK  [0m] Finished [0;1;39mRebuild Journal Catalog[0m.
[[0;32m  OK  [0m] Started [0;1;39mNetwork Management[0m.
[[0;32m  OK  [0m] Reached target [0;1;39mNetwork[0m.
         Starting [0;1;39mEnable Persistent Storage in systemd-networkd[0m...
[[0;31m*[0;1;31m*[0m[0;31m*   [0m] (1 of 4) A start job is running for…amic Linker Cache (41s / no limit)
M[K[[0;32m  OK  [0m] Finished [0;1;39mEnable Persistent Storage in systemd-networkd[0m.
[K[[0;32m  OK  [0m] Finished [0;1;39mRebuild Dynamic Linker Cache[0m.
         Starting [0;1;39mUpdate is Completed[0m...
[[0;32m  OK  [0m] Finished [0;1;39mUpdate is Completed[0m.
[[0;32m  OK  [0m] Reached target [0;1;39mSystem Initialization[0m.
[[0;32m  OK  [0m] Started [0;1;39mRefresh existing PGP keys of archlinux-keyring regularly[0m.
[[0;32m  OK  [0m] Started [0;1;39mDaily verification of password and group files[0m.
[[0;32m  OK  [0m] Started [0;1;39mDaily Cleanup of Temporary Directories[0m.
[[0;32m  OK  [0m] Reached target [0;1;39mTimer Units[0m.
[[0;32m  OK  [0m] Listening on [0;1;39mD-Bus System Message Bus Socket[0m.
[[0;32m  OK  [0m] Listening on [0;1;39mGnuPG network certifi…ent daemon for /etc/pacman.d/gnupg[0m.
[[0;32m  OK  [0m] Listening on [0;1;39mGnuPG cryptographic a… browsers) for /etc/pacman.d/gnupg[0m.
[[0;32m  OK  [0m] Listening on [0;1;39mGnuPG cryptographic a…estricted) for /etc/pacman.d/gnupg[0m.
[[0;32m  OK  [0m] Listening on [0;1;39mGnuPG cryptographic a…emulation) for /etc/pacman.d/gnupg[0m.
[[0;32m  OK  [0m] Listening on [0;1;39mGnuPG cryptographic a…rase cache for /etc/pacman.d/gnupg[0m.
[[0;32m  OK  [0m] Listening on [0;1;39mGnuPG public key mana…nt service for /etc/pacman.d/gnupg[0m.
[[0;32m  OK  [0m] Listening on [0;1;39mOpenSSH Server Socket…temd-ssh-generator, AF_UNIX Local)[0m.
[[0;32m  OK  [0m] Listening on [0;1;39mHostname Service Socket[0m.
[[0;32m  OK  [0m] Listening on [0;1;39mUser Login Management Varlink Socket[0m.
[[0;32m  OK  [0m] Listening on [0;1;39mVirtual Machine and C…tainer Registration Service Socket[0m.
[[0;32m  OK  [0m] Reached target [0;1;39mSocket Units[0m.
         Starting [0;1;39mD-Bus System Message Bus[0m...
[[0;32m  OK  [0m] Started [0;1;39mD-Bus System Message Bus[0m.
[[0;32m  OK  [0m] Reached target [0;1;39mBasic System[0m.
         Starting [0;1;39mComplete first boot provisioning[0m...
         Starting [0;1;39mSSH Key Generation[0m...
         Starting [0;1;39mUser Login Management[0m...
         Starting [0;1;39mPermit User Sessions[0m...
[[0;1;31mFAILED[0m] Failed to start [0;1;39mComplete first boot provisioning[0m.
See 'systemctl status rpi5-firstboot.service' for details.
[[0;32m  OK  [0m] Finished [0;1;39mPermit User Sessions[0m.
[[0;32m  OK  [0m] Started [0;1;39mGetty on tty1[0m.
[[0;32m  OK  [0m] Started [0;1;39mSerial Getty on ttyAMA0[0m.
[[0;32m  OK  [0m] Reached target [0;1;39mLogin Prompts[0m.
[[0;32m  OK  [0m] Started [0;1;39mUser Login Management[0m.
[!p]104\[0m[?7h[1G[0J[6n[32766;32766H[6n[!p]104\[0m[?7h[1G[0J[6n[32766;32766H[6n]3008;start=c635a106388b4bc6b41fbd5936122126;user=root;hostname=arch-rpi5;machineid=3105c89434844386ba383c6497b27f9e;bootid=4ad821607cda419681dee9277ab501bb;pid=441;pidfdid=8309;comm=(agetty);servicename=serial-getty@ttyAMA0.service;invocationid=9e8b706c2b2145ff844412a9a6d1df05;type=service\P+q6E616D65\
Arch Linux ARM 7.0.9-1-aarch64-ARCH (ttyAMA0)

arch-rpi5 login: [  180.259182] physmap-flash 0.flash: physmap platform flash device: [mem 0x00000000-0x03ffffff]
[  180.953736] 0.flash: Found 2 x16 devices at 0x0 in 32-bit bank. Manufacturer ID 0x000000 Chip ID 0x000000
[  181.285691] Intel/Sharp Extended Query Table at 0x0031
[  181.306958] Using buffer write method
[  181.341927] physmap-flash 0.flash: physmap platform flash device: [mem 0x04000000-0x07ffffff]
[  181.377284] 0.flash: Found 2 x16 devices at 0x0 in 32-bit bank. Manufacturer ID 0x000000 Chip ID 0x000000
[  181.382900] Intel/Sharp Extended Query Table at 0x0031
[  181.390703] Using buffer write method
[  181.395712] Concatenating MTD devices:
[  181.397363] (0): "0.flash"
[  181.398617] (1): "0.flash"
[  181.399762] into device "0.flash"
[  182.319824] input: gpio-keys as /devices/platform/gpio-keys/input/input0
[  185.291503] virtio_net virtio0 enp0s1: renamed from eth0
qemu-system-aarch64: terminating on signal 15 from pid 359274 ()
