[sudo] password for dryamov: [0;90m[2026-05-26 09:12:09][0m [0;34m[1m[INFO][0m Starting QEMU. SSH will be forwarded from localhost:2222 to guest port 22.
[    0.000000] Booting Linux on physical CPU 0x0000000000 [0x410fd083]
[    0.000000] Linux version 7.0.9-1-aarch64-ARCH (builduser@arch-nspawn-135112) (aarch64-unknown-linux-gnu-gcc (GCC) 16.1.1 20260430, GNU ld (GNU Binutils) 2.46.0) #1 SMP PREEMPT_DYNAMIC Mon May 18 12:59:58 UTC 2026
[    0.000000] random: crng init done
[    0.000000] Machine model: linux,dummy-virt
[    0.000000] efi: UEFI not found.
[    0.000000] OF: reserved mem: Reserved memory: No reserved-memory node in the DT
[    0.000000] cma: Reserved 64 MiB at 0x00000000bbc00000
[    0.000000] psci: probing for conduit method from DT.
[    0.000000] psci: PSCIv1.1 detected in firmware.
[    0.000000] psci: Using standard PSCI v0.2 function IDs
[    0.000000] psci: Trusted OS migration not required
[    0.000000] psci: SMC Calling Convention v1.0
[    0.000000] Zone ranges:
[    0.000000]   DMA      [mem 0x0000000040000000-0x00000000bfffffff]
[    0.000000]   DMA32    empty
[    0.000000]   Normal   empty
[    0.000000] Movable zone start for each node
[    0.000000] Early memory node ranges
[    0.000000]   node   0: [mem 0x0000000040000000-0x00000000bfffffff]
[    0.000000] Initmem setup node 0 [mem 0x0000000040000000-0x00000000bfffffff]
[    0.000000] percpu: Embedded 25 pages/cpu s62872 r8192 d31336 u102400
[    0.000000] Detected PIPT I-cache on CPU0
[    0.000000] CPU features: detected: Spectre-v2
[    0.000000] CPU features: detected: Spectre-v4
[    0.000000] CPU features: detected: Spectre-BHB
[    0.000000] CPU features: detected: ARM erratum 1742098
[    0.000000] CPU features: detected: ARM errata 1165522, 1319367, or 1530923
[    0.000000] alternatives: applying boot alternatives
[    0.000000] Kernel command line: root=/dev/vda2 rw rootwait console=ttyAMA0
[    0.000000] printk: log buffer data + meta data: 262144 + 1114112 = 1376256 bytes
[    0.000000] Dentry cache hash table entries: 262144 (order: 9, 2097152 bytes, linear)
[    0.000000] Inode-cache hash table entries: 131072 (order: 8, 1048576 bytes, linear)
[    0.000000] software IO TLB: SWIOTLB bounce buffer size adjusted to 2MB
[    0.000000] software IO TLB: area num 4.
[    0.000000] software IO TLB: mapped [mem 0x00000000b9600000-0x00000000b9800000] (2MB)
[    0.000000] Built 1 zonelists, mobility grouping on.  Total pages: 524288
[    0.000000] mem auto-init: stack:off, heap alloc:off, heap free:off
[    0.000000] SLUB: HWalign=64, Order=0-3, MinObjects=0, CPUs=4, Nodes=1
[    0.000000] Dynamic Preempt: full
[    0.000000] rcu: Preemptible hierarchical RCU implementation.
[    0.000000] rcu: 	RCU restricting CPUs from NR_CPUS=64 to nr_cpu_ids=4.
[    0.000000] 	Trampoline variant of Tasks RCU enabled.
[    0.000000] 	Tracing variant of Tasks RCU enabled.
[    0.000000] rcu: RCU calculated value of scheduler-enlistment delay is 100 jiffies.
[    0.000000] rcu: Adjusting geometry for rcu_fanout_leaf=16, nr_cpu_ids=4
[    0.000000] RCU Tasks: Setting shift to 2 and lim to 1 rcu_task_cb_adjust=1 rcu_task_cpu_ids=4.
[    0.000000] NR_IRQS: 64, nr_irqs: 64, preallocated irqs: 0
[    0.000000] Root IRQ handler: gic_handle_irq
[    0.000000] GICv2m: range[mem 0x08020000-0x08020fff], SPI[80:143]
[    0.000000] rcu: srcu_init: Setting srcu_struct sizes based on contention.
[    0.000000] arch_timer: cp15 timer running at 62.50MHz (virt).
[    0.000000] clocksource: arch_sys_counter: mask: 0x1ffffffffffffff max_cycles: 0x1cd42e208c, max_idle_ns: 881590405314 ns
[    0.000153] sched_clock: 57 bits at 63MHz, resolution 16ns, wraps every 4398046511096ns
[    0.031000] Console: colour dummy device 80x25
[    0.036259] Calibrating delay loop (skipped), value calculated using timer frequency.. 125.00 BogoMIPS (lpj=62500)
[    0.036533] pid_max: default: 32768 minimum: 301
[    0.049701] Yama: becoming mindful.
[    0.052300] landlock: Up and running.
[    0.060868] Mount-cache hash table entries: 4096 (order: 3, 32768 bytes, linear)
[    0.061021] Mountpoint-cache hash table entries: 4096 (order: 3, 32768 bytes, linear)
[    0.099382] VFS: Finished mounting rootfs on nullfs
[    0.192445] cacheinfo: Unable to detect cache hierarchy for CPU 0
[    0.237800] rcu: Hierarchical SRCU implementation.
[    0.237924] rcu: 	Max phase no-delay instances is 400.
[    0.243053] Timer migration: 1 hierarchy levels; 8 children per group; 1 crossnode level
[    0.273576] EFI services will not be available.
[    0.282033] smp: Bringing up secondary CPUs ...
[    0.309854] Detected PIPT I-cache on CPU1
[    0.314664] CPU1: Booted secondary processor 0x0000000001 [0x410fd083]
[    0.338948] Detected PIPT I-cache on CPU2
[    0.339678] CPU2: Booted secondary processor 0x0000000002 [0x410fd083]
[    0.348402] Detected PIPT I-cache on CPU3
[    0.349369] CPU3: Booted secondary processor 0x0000000003 [0x410fd083]
[    0.353608] smp: Brought up 1 node, 4 CPUs
[    0.353738] SMP: Total of 4 processors activated.
[    0.353833] CPU: All CPU(s) started at EL1
[    0.354661] CPU features: detected: 32-bit EL0 Support
[    0.354728] CPU features: detected: 32-bit EL1 Support
[    0.354887] CPU features: detected: CRC32 instructions
[    0.356241] CPU features: detected: PMUv3
[    0.446951] alternatives: applying system-wide alternatives
[    0.569023] Memory: 1927032K/2097152K available (21952K kernel code, 4794K rwdata, 12576K rodata, 2752K init, 720K bss, 101268K reserved, 65536K cma-reserved)
[    0.694265] devtmpfs: initialized
[    0.775421] clocksource: jiffies: mask: 0xffffffff max_cycles: 0xffffffff, max_idle_ns: 1911260446275000 ns
[    0.780992] posixtimers hash table entries: 2048 (order: 3, 32768 bytes, linear)
[    0.784797] futex hash table entries: 1024 (65536 bytes on 1 NUMA nodes, total 64 KiB, linear).
[    0.793233] 22016 pages in range for non-PLT usage
[    0.793369] 513536 pages in range for PLT usage
[    0.844846] DMI not present or invalid.
[    0.924585] NET: Registered PF_NETLINK/PF_ROUTE protocol family
[    0.992640] DMA: preallocated 256 KiB GFP_KERNEL|GFP_DMA pool for atomic allocations
[    0.993983] audit: initializing netlink subsys (disabled)
[    1.001244] audit: type=2000 audit(0.673:1): state=initialized audit_enabled=0 res=1
[    1.028948] thermal_sys: Registered thermal governor 'fair_share'
[    1.029050] thermal_sys: Registered thermal governor 'bang_bang'
[    1.029082] thermal_sys: Registered thermal governor 'step_wise'
[    1.029095] thermal_sys: Registered thermal governor 'user_space'
[    1.029106] thermal_sys: Registered thermal governor 'power_allocator'
[    1.031323] cpuidle: using governor ladder
[    1.032261] cpuidle: using governor menu
[    1.036713] hw-breakpoint: found 6 breakpoint and 4 watchpoint registers.
[    1.040804] ASID allocator initialised with 65536 entries
[    1.063372] Serial: AMBA PL011 UART driver
[    1.262652] 9000000.pl011: ttyAMA0 at MMIO 0x9000000 (irq = 13, base_baud = 0) is a PL011 rev1
[    1.277032] printk: console [ttyAMA0] enabled
[    1.403729] HugeTLB: registered 1.00 GiB page size, pre-allocated 0 pages
[    1.404345] HugeTLB: 0 KiB vmemmap can be freed for a 1.00 GiB page
[    1.404502] HugeTLB: registered 32.0 MiB page size, pre-allocated 0 pages
[    1.404564] HugeTLB: 0 KiB vmemmap can be freed for a 32.0 MiB page
[    1.404667] HugeTLB: registered 2.00 MiB page size, pre-allocated 0 pages
[    1.404690] HugeTLB: 0 KiB vmemmap can be freed for a 2.00 MiB page
[    1.404711] HugeTLB: registered 64.0 KiB page size, pre-allocated 0 pages
[    1.404886] HugeTLB: 0 KiB vmemmap can be freed for a 64.0 KiB page
[    1.465688] raid6: neonx8   gen()  1067 MB/s
[    1.486352] raid6: neonx4   gen()   823 MB/s
[    1.506158] raid6: neonx2   gen()   741 MB/s
[    1.525884] raid6: neonx1   gen()   386 MB/s
[    1.546199] raid6: int64x8  gen()   483 MB/s
[    1.566125] raid6: int64x4  gen()   908 MB/s
[    1.585994] raid6: int64x2  gen()   635 MB/s
[    1.605599] raid6: int64x1  gen()   695 MB/s
[    1.606166] raid6: using algorithm neonx8 gen() 1067 MB/s
[    1.626306] raid6: .... xor() 249 MB/s, rmw enabled
[    1.626793] raid6: using neon recovery algorithm
[    1.638018] ACPI: Interpreter disabled.
[    1.663905] iommu: Default domain type: Translated
[    1.664685] iommu: DMA domain TLB invalidation policy: strict mode
[    1.698760] SCSI subsystem initialized
[    1.716058] usbcore: registered new interface driver usbfs
[    1.718063] usbcore: registered new interface driver hub
[    1.718605] usbcore: registered new device driver usb
[    1.730755] pps_core: LinuxPPS API ver. 1 registered
[    1.731440] pps_core: Software ver. 5.3.6 - Copyright 2005-2007 Rodolfo Giometti <giometti@linux.it>
[    1.732351] PTP clock support registered
[    1.746940] EDAC MC: Ver: 3.0.0
[    1.760790] scmi_core: SCMI protocol bus registered
[    1.775300] FPGA manager framework
[    1.780534] Advanced Linux Sound Architecture Driver Initialized.
[    1.833212] NetLabel: Initializing
[    1.833686] NetLabel:  domain hash size = 128
[    1.833870] NetLabel:  protocols = UNLABELED CIPSOv4 CALIPSO
[    1.840322] NetLabel:  unlabeled traffic allowed by default
[    1.847392] vgaarb: loaded
[    1.860863] clocksource: Switched to clocksource arch_sys_counter
[    1.897607] VFS: Disk quotas dquot_6.6.0
[    1.898530] VFS: Dquot-cache hash table entries: 512 (order 0, 4096 bytes)
[    1.930067] pnp: PnP ACPI: disabled
[    2.140453] NET: Registered PF_INET protocol family
[    2.146626] IP idents hash table entries: 32768 (order: 6, 262144 bytes, linear)
[    2.182372] tcp_listen_portaddr_hash hash table entries: 1024 (order: 2, 16384 bytes, linear)
[    2.182870] Table-perturb hash table entries: 65536 (order: 6, 262144 bytes, linear)
[    2.183566] TCP established hash table entries: 16384 (order: 5, 131072 bytes, linear)
[    2.186697] TCP bind hash table entries: 16384 (order: 7, 524288 bytes, linear)
[    2.193422] TCP: Hash tables configured (established 16384 bind 16384)
[    2.200081] MPTCP token hash table entries: 2048 (order: 4, 49152 bytes, linear)
[    2.202877] UDP hash table entries: 1024 (order: 4, 65536 bytes, linear)
[    2.205096] UDP-Lite hash table entries: 1024 (order: 4, 65536 bytes, linear)
[    2.219545] NET: Registered PF_UNIX/PF_LOCAL protocol family
[    2.248593] RPC: Registered named UNIX socket transport module.
[    2.249006] RPC: Registered udp transport module.
[    2.250117] RPC: Registered tcp transport module.
[    2.251625] RPC: Registered tcp-with-tls transport module.
[    2.252988] RPC: Registered tcp NFSv4.1 backchannel transport module.
[    2.254136] PCI: CLS 0 bytes, default 64
[    2.266726] kvm [1]: HYP mode not available
[    2.290053] Trying to unpack rootfs image as initramfs...
[    2.294978] Initialise system trusted keyrings
[    2.319095] workingset: timestamp_bits=46 max_order=19 bucket_order=0
[    2.354542] NFS: Registering the id_resolver key type
[    2.358742] Key type id_resolver registered
[    2.359044] Key type id_legacy registered
[    2.362925] nfs4filelayout_init: NFSv4 File Layout Driver Registering...
[    2.365351] nfs4flexfilelayout_init: NFSv4 Flexfile Layout Driver Registering...
[    2.367657] ntfs3: Read-only LZX/Xpress compression included
[    2.373114] SGI XFS with ACLs, security attributes, quota, no debug enabled
[    2.427571] cryptd: max_cpu_qlen set to 1000
[    2.605686] NET: Registered PF_ALG protocol family
[    2.608625] xor: measuring software checksum speed
[    2.613821]    8regs           :   694 MB/sec
[    2.617920]    32regs          :   853 MB/sec
[    2.623399]    arm64_neon      :   617 MB/sec
[    2.623713] xor: using function: 32regs (853 MB/sec)
[    2.625697] Key type asymmetric registered
[    2.628188] Asymmetric key parser 'x509' registered
[    2.632885] Block layer SCSI generic (bsg) driver version 0.4 loaded (major 240)
[    2.638002] io scheduler mq-deadline registered
[    2.639183] io scheduler kyber registered
[    2.642142] io scheduler bfq registered
[    2.834621] pl061_gpio 9030000.pl061: PL061 GPIO chip registered
[    2.859969] ledtrig-cpu: registered to indicate activity on CPUs
[    2.873783] pci-host-generic 4010000000.pcie: host bridge /pcie@10000000 ranges:
[    2.879528] pci-host-generic 4010000000.pcie:       IO 0x003eff0000..0x003effffff -> 0x0000000000
[    2.887878] pci-host-generic 4010000000.pcie:      MEM 0x0010000000..0x003efeffff -> 0x0010000000
[    2.890060] pci-host-generic 4010000000.pcie:      MEM 0x8000000000..0xffffffffff -> 0x8000000000
[    2.895901] pci-host-generic 4010000000.pcie: Memory resource size exceeds max for 32 bits
[    2.899780] pci-host-generic 4010000000.pcie: ECAM at [mem 0x4010000000-0x401fffffff] for [bus 00-ff]
[    2.907807] pci-host-generic 4010000000.pcie: PCI host bridge to bus 0000:00
[    2.909555] pci_bus 0000:00: root bus resource [bus 00-ff]
[    2.909814] pci_bus 0000:00: root bus resource [io  0x0000-0xffff]
[    2.910174] pci_bus 0000:00: root bus resource [mem 0x10000000-0x3efeffff]
[    2.910221] pci_bus 0000:00: root bus resource [mem 0x8000000000-0xffffffffff]
[    2.916907] pci 0000:00:00.0: [1b36:0008] type 00 class 0x060000 conventional PCI endpoint
[    2.944093] pci 0000:00:01.0: [1af4:1000] type 00 class 0x020000 conventional PCI endpoint
[    2.949808] pci 0000:00:01.0: BAR 0 [io  0x0000-0x001f]
[    2.950841] pci 0000:00:01.0: BAR 1 [mem 0x00000000-0x00000fff]
[    2.953122] pci 0000:00:01.0: BAR 4 [mem 0x00000000-0x00003fff 64bit pref]
[    2.955132] pci 0000:00:01.0: ROM [mem 0x00000000-0x0007ffff pref]
[    2.959821] pci 0000:00:02.0: [1af4:1001] type 00 class 0x010000 conventional PCI endpoint
[    2.960577] pci 0000:00:02.0: BAR 0 [io  0x0000-0x007f]
[    2.960776] pci 0000:00:02.0: BAR 1 [mem 0x00000000-0x00000fff]
[    2.961990] pci 0000:00:02.0: BAR 4 [mem 0x00000000-0x00003fff 64bit pref]
[    2.976055] pci 0000:00:01.0: ROM [mem 0x10000000-0x1007ffff pref]: assigned
[    2.978963] pci 0000:00:01.0: BAR 4 [mem 0x8000000000-0x8000003fff 64bit pref]: assigned
[    2.982568] pci 0000:00:02.0: BAR 4 [mem 0x8000004000-0x8000007fff 64bit pref]: assigned
[    2.982854] pci 0000:00:01.0: BAR 1 [mem 0x10080000-0x10080fff]: assigned
[    2.984797] pci 0000:00:02.0: BAR 1 [mem 0x10081000-0x10081fff]: assigned
[    2.986035] pci 0000:00:02.0: BAR 0 [io  0x1000-0x107f]: assigned
[    2.987275] pci 0000:00:01.0: BAR 0 [io  0x1080-0x109f]: assigned
[    2.994110] pci_bus 0000:00: resource 4 [io  0x0000-0xffff]
[    2.994732] pci_bus 0000:00: resource 5 [mem 0x10000000-0x3efeffff]
[    2.994814] pci_bus 0000:00: resource 6 [mem 0x8000000000-0xffffffffff]
[    3.029658] IPMI message handler: version 39.2
[    3.371656] virtio-pci 0000:00:01.0: enabling device (0000 -> 0003)
[    3.384675] virtio-pci 0000:00:02.0: enabling device (0000 -> 0003)
[    3.431610] Serial: 8250/16550 driver, 4 ports, IRQ sharing enabled
[    3.495867] msm_serial: driver initialized
[    3.573674] virtio_blk virtio1: 4/0/0 default/read/poll queues
[    3.648920] virtio_blk virtio1: [vda] 6189056 512-byte logical blocks (3.17 GB/2.95 GiB)
[    3.732672]  vda: vda1 vda2
[    3.901955] usbcore: registered new interface driver uas
[    3.904562] usbcore: registered new interface driver usb-storage
[    3.906384] usbcore: registered new interface driver ums-alauda
[    3.907121] usbcore: registered new interface driver ums-cypress
[    3.909558] usbcore: registered new interface driver ums-datafab
[    3.911626] usbcore: registered new interface driver ums_eneub6250
[    3.913822] usbcore: registered new interface driver ums-freecom
[    3.915694] usbcore: registered new interface driver ums-isd200
[    3.917828] usbcore: registered new interface driver ums-jumpshot
[    3.918984] usbcore: registered new interface driver ums-karma
[    3.920649] usbcore: registered new interface driver ums-onetouch
[    3.922098] usbcore: registered new interface driver ums-realtek
[    3.922808] usbcore: registered new interface driver ums-sddr09
[    3.923761] usbcore: registered new interface driver ums-sddr55
[    3.925878] usbcore: registered new interface driver ums-usbat
[    3.929112] usbcore: registered new interface driver usbserial_generic
[    3.930800] usbserial: USB Serial support registered for generic
[    3.952772] mousedev: PS/2 mouse device common for all mice
[    4.009938] rtc-pl031 9010000.pl031: registered as rtc0
[    4.013737] rtc-pl031 9010000.pl031: setting system clock to 2026-05-26T06:12:14 UTC (1779775934)
[    4.067081] device-mapper: uevent: version 1.0.3
[    4.073944] device-mapper: ioctl: 4.50.0-ioctl (2025-04-28) initialised: dm-devel@lists.linux.dev
[    4.098833] sdhci: Secure Digital Host Controller Interface driver
[    4.099003] sdhci: Copyright(c) Pierre Ossman
[    4.106070] Synopsys Designware Multimedia Card Interface Driver
[    4.117073] sdhci-pltfm: SDHCI platform and OF driver helper
[    4.165900] hid: raw HID events driver (C) Jiri Kosina
[    4.170605] usbcore: registered new interface driver usbhid
[    4.170815] usbhid: USB HID core driver
[    4.246647] hw perfevents: enabled with armv8_pmuv3 PMU driver, 7 (0,8000003f) counters available
[    4.251899] watchdog: NMI not fully supported
[    4.252067] watchdog: Hard watchdog permanently disabled
[    4.325514] Initializing XFRM netlink socket
[    4.330015] NET: Registered PF_INET6 protocol family
[    4.384802] Segment Routing with IPv6
[    4.386302] In-situ OAM (IOAM) with IPv6
[    4.389018] mip6: Mobile IPv6
[    4.390608] NET: Registered PF_PACKET protocol family
[    4.397536] Key type dns_resolver registered
[    4.619069] registered taskstats version 1
[    4.627533] Loading compiled-in X.509 certificates
[    4.769865] debug_vm_pgtable: [debug_vm_pgtable         ]: Validating architecture page table helpers
[    4.797608] Key type .fscrypt registered
[    4.798058] Key type fscrypt-provisioning registered
[    4.822957] Btrfs loaded, zoned=yes, fsverity=no
[    4.836639] Key type encrypted registered
[    4.867974] clk: Disabling unused clocks
[    4.869826] PM: genpd: Disabling unused power domains
[    4.871043] ALSA device list:
[    4.871537]   No soundcards found.
[    5.387750] Freeing initrd memory: 14744K
[    5.700517] Freeing unused kernel memory: 2752K
[    5.705698] Run /init as init process
P+q6E616D65\[    7.010849] systemd[1]: Successfully made /usr/ read-only.
[18t[6n[32766;32766H[6n[!p]104\[0m[?7h[1G[0J[    7.741929] systemd[1]: systemd 260.1-2-arch running in system mode (+PAM +AUDIT -SELINUX +APPARMOR -IMA +IPE +SMACK +SECCOMP +GCRYPT +GNUTLS +OPENSSL +ACL +BLKID +CURL +ELFUTILS +FIDO2 +IDN2 +KMOD +LIBCRYPTSETUP +LIBCRYPTSETUP_PLUGINS +LIBFDISK +PCRE2 +PWQUALITY +P11KIT +QRENCODE +TPM2 +BZIP2 +LZ4 +XZ +ZLIB +ZSTD +BPF_FRAMEWORK -BTF +XKBCOMMON +UTMP +LIBARCHIVE)
[    7.742866] systemd[1]: Detected virtualization qemu.
[    7.747585] systemd[1]: Detected architecture arm64.
[    7.747830] systemd[1]: Running in initrd.
[0;1;39mBooting initrd of [0m[38;2;23;147;209mArch Linux ARM[0m[0;1;39m.[0m
[    7.797297] systemd[1]: Initializing machine ID from random generator.
[    7.811103] systemd[1]: No hostname configured, using default hostname.
[    7.823705] systemd[1]: Hostname set to <archlinux>.
]3008;start=7a2060e2df5a45db95da693fbb34a5c3;user=root;hostname=archlinux;machineid=33578288511d4ddf9b52eb45385730cd;bootid=77c7b2d871a14e86822541839654f99a;pid=1;pidfdid=1;comm=systemd;type=boot\[   10.057945] systemd[1]: Queued start job for default target Initrd Default Target.
[   15.204650] systemd[1]: Expecting device /dev/vda2...
         Expecting device [0;1;39m/dev/vda2[0m...
[   15.221739] systemd[1]: Reached target Path Units.
[[0;32m  OK  [0m] Reached target [0;1;39mPath Units[0m.
[   15.233627] systemd[1]: Reached target Slice Units.
[[0;32m  OK  [0m] Reached target [0;1;39mSlice Units[0m.
[   15.238465] systemd[1]: Reached target Swaps.
[[0;32m  OK  [0m] Reached target [0;1;39mSwaps[0m.
[   15.242385] systemd[1]: Reached target Timer Units.
[[0;32m  OK  [0m] Reached target [0;1;39mTimer Units[0m.
[   15.271810] systemd[1]: Listening on Journal Socket (/dev/log).
[[0;32m  OK  [0m] Listening on [0;1;39mJournal Socket (/dev/log)[0m.
[   15.281646] systemd[1]: Listening on Journal Sockets.
[[0;32m  OK  [0m] Listening on [0;1;39mJournal Sockets[0m.
[   15.294624] systemd[1]: Listening on udev Control Socket.
[[0;32m  OK  [0m] Listening on [0;1;39mudev Control Socket[0m.
[   15.305355] systemd[1]: Listening on udev Kernel Socket.
[[0;32m  OK  [0m] Listening on [0;1;39mudev Kernel Socket[0m.
[   15.310002] systemd[1]: Reached target Socket Units.
[[0;32m  OK  [0m] Reached target [0;1;39mSocket Units[0m.
[   15.317350] systemd[1]: Create List of Static Device Nodes skipped, unmet condition check ConditionFileNotEmpty=/lib/modules/7.0.9-1-aarch64-ARCH/modules.devname
[   15.324142] systemd[1]: Early Battery Level Check skipped, unmet condition check ConditionDirectoryNotEmpty=/sys/class/power_supply
[   15.326664] systemd[1]: Display Boot-Time Emergency Messages In Full Screen skipped, unmet condition check ConditionVirtualization=no
[   15.925508] systemd[1]: Starting Journal Service...
         Starting [0;1;39mJournal Service[0m...
[   16.242879] systemd[1]: Starting Load Kernel Modules...
         Starting [0;1;39mLoad Kernel Modules[0m...
[   16.251042] systemd[1]: TPM PCR Barrier (initrd) skipped, unmet condition check ConditionSecurity=measured-uki
[   16.608117] systemd[1]: Starting Create Static Device Nodes in /dev...
         Starting [0;1;39mCreate Static Device Nodes in /dev[0m...
[   17.074107] systemd[1]: Starting Coldplug All udev Devices...
         Starting [0;1;39mColdplug All udev Devices[0m...
[   17.827125] systemd-journald[119]: Collecting audit messages is disabled.
[   18.466550] systemd[1]: Finished Load Kernel Modules.
[[0;32m  OK  [0m] Finished [0;1;39mLoad Kernel Modules[0m.
[   18.843093] systemd[1]: Finished Create Static Device Nodes in /dev.
[[0;32m  OK  [0m] Finished [0;1;39mCreate Static Device Nodes in /dev[0m.
[   18.882991] systemd[1]: Reached target Preparation for Local File Systems.
[[0;32m  OK  [0m] Reached target [0;1;39mPreparation for Local File Systems[0m.
[   18.890854] systemd[1]: Reached target Local File Systems.
[[0;32m  OK  [0m] Reached target [0;1;39mLocal File Systems[0m.
[   19.220897] systemd[1]: Starting Rule-based Manager for Device Events and Files...
         Starting [0;1;39mRule-based Manager for Device Events and Files[0m...
[   19.395032] systemd[1]: Started Journal Service.
[[0;32m  OK  [0m] Started [0;1;39mJournal Service[0m.
         Starting [0;1;39mCreate System Files and Directories[0m...
[[0;32m  OK  [0m] Finished [0;1;39mCreate System Files and Directories[0m.
[[0;32m  OK  [0m] Started [0;1;39mRule-based Manager for Device Events and Files[0m.
[[0m[0;31m*     [0m] (1 of 2) A start job is running for /dev/vda2 (14s / 1min 35s)
M[K[[0;1;31m*[0m[0;31m*    [0m] (1 of 2) A start job is running for /dev/vda2 (14s / 1min 35s)
M[K[[0;31m*[0;1;31m*[0m[0;31m*   [0m] (1 of 2) A start job is running for /dev/vda2 (15s / 1min 35s)
M[K[ [0;31m*[0;1;31m*[0m[0;31m*  [0m] (2 of 2) A start job is running for… All udev Devices (16s / no limit)
M[K[  [0;31m*[0;1;31m*[0m[0;31m* [0m] (2 of 2) A start job is running for… All udev Devices (16s / no limit)
M[K[   [0;31m*[0;1;31m*[0m[0;31m*[0m] (2 of 2) A start job is running for… All udev Devices (17s / no limit)
M[K[    [0;31m*[0;1;31m*[0m] (1 of 2) A start job is running for /dev/vda2 (17s / 1min 35s)
M[K[     [0;31m*[0m] (1 of 2) A start job is running for /dev/vda2 (18s / 1min 35s)
M[K[    [0;31m*[0;1;31m*[0m] (1 of 2) A start job is running for /dev/vda2 (18s / 1min 35s)
M[K[   [0;31m*[0;1;31m*[0m[0;31m*[0m] (2 of 2) A start job is running for… All udev Devices (19s / no limit)
M[K[  [0;31m*[0;1;31m*[0m[0;31m* [0m] (2 of 2) A start job is running for… All udev Devices (19s / no limit)
M[K[ [0;31m*[0;1;31m*[0m[0;31m*  [0m] (2 of 2) A start job is running for… All udev Devices (20s / no limit)
M[K[[0;31m*[0;1;31m*[0m[0;31m*   [0m] (1 of 2) A start job is running for /dev/vda2 (20s / 1min 35s)
M[K[[0;1;31m*[0m[0;31m*    [0m] (1 of 2) A start job is running for /dev/vda2 (21s / 1min 35s)
M[K[[0m[0;31m*     [0m] (1 of 2) A start job is running for /dev/vda2 (21s / 1min 35s)
M[K[[0;1;31m*[0m[0;31m*    [0m] (2 of 2) A start job is running for… All udev Devices (22s / no limit)
M[K[[0;31m*[0;1;31m*[0m[0;31m*   [0m] (2 of 2) A start job is running for… All udev Devices (22s / no limit)
M[K[ [0;31m*[0;1;31m*[0m[0;31m*  [0m] (2 of 2) A start job is running for… All udev Devices (23s / no limit)
M[K[  [0;31m*[0;1;31m*[0m[0;31m* [0m] (1 of 2) A start job is running for /dev/vda2 (23s / 1min 35s)
M[K[   [0;31m*[0;1;31m*[0m[0;31m*[0m] (1 of 2) A start job is running for /dev/vda2 (24s / 1min 35s)
M[K[    [0;31m*[0;1;31m*[0m] (1 of 2) A start job is running for /dev/vda2 (24s / 1min 35s)
M[K[     [0;31m*[0m] (2 of 2) A start job is running for… All udev Devices (25s / no limit)
M[K[    [0;31m*[0;1;31m*[0m] (2 of 2) A start job is running for… All udev Devices (25s / no limit)
M[K[   [0;31m*[0;1;31m*[0m[0;31m*[0m] (2 of 2) A start job is running for… All udev Devices (26s / no limit)
[   36.867781] hrtimer: interrupt took 2631200 ns
M[K[  [0;31m*[0;1;31m*[0m[0;31m* [0m] (1 of 2) A start job is running for /dev/vda2 (26s / 1min 35s)
M[K[ [0;31m*[0;1;31m*[0m[0;31m*  [0m] (1 of 2) A start job is running for /dev/vda2 (27s / 1min 35s)
M[K[[0;32m  OK  [0m] Finished [0;1;39mColdplug All udev Devices[0m.
[K[[0;32m  OK  [0m] Reached target [0;1;39mSystem Initialization[0m.
[[0;32m  OK  [0m] Reached target [0;1;39mBasic System[0m.
[[0;31m*[0;1;31m*[0m[0;31m*   [0m] A start job is running for /dev/vda2 (30s / 1min 35s)
M[K[[0;1;31m*[0m[0;31m*    [0m] A start job is running for /dev/vda2 (30s / 1min 35s)
M[K[[0m[0;31m*     [0m] A start job is running for /dev/vda2 (31s / 1min 35s)
M[K[[0;1;31m*[0m[0;31m*    [0m] A start job is running for /dev/vda2 (31s / 1min 35s)
M[K[[0;31m*[0;1;31m*[0m[0;31m*   [0m] A start job is running for /dev/vda2 (32s / 1min 35s)
M[K[ [0;31m*[0;1;31m*[0m[0;31m*  [0m] A start job is running for /dev/vda2 (32s / 1min 35s)
M[K[  [0;31m*[0;1;31m*[0m[0;31m* [0m] A start job is running for /dev/vda2 (32s / 1min 35s)
M[K[   [0;31m*[0;1;31m*[0m[0;31m*[0m] A start job is running for /dev/vda2 (33s / 1min 35s)
M[K[    [0;31m*[0;1;31m*[0m] A start job is running for /dev/vda2 (34s / 1min 35s)
M[K[[0;32m  OK  [0m] Found device [0;1;39m/dev/vda2[0m.
[K[[0;32m  OK  [0m] Reached target [0;1;39mInitrd Root Device[0m.
         Starting [0;1;39mFile System Check on /dev/vda2[0m...
[     [0;31m*[0m] A start job is running for File Sys…heck on /dev/vda2 (37s / no limit)
M[K[[0;32m  OK  [0m] Finished [0;1;39mFile System Check on /dev/vda2[0m.
[K         Mounting [0;1;39m/sysroot[0m...
[   49.492431] EXT4-fs (vda2): mounted filesystem dd9052ae-0a1d-4db2-b369-ee72e8ca7aba r/w with ordered data mode. Quota mode: none.
[[0;32m  OK  [0m] Mounted [0;1;39m/sysroot[0m.
[[0;32m  OK  [0m] Reached target [0;1;39mInitrd Root File System[0m.
         Starting [0;1;39mMountpoints Configured in the Real Root[0m...
[[0;32m  OK  [0m] Finished [0;1;39mMountpoints Configured in the Real Root[0m.
[[0;32m  OK  [0m] Reached target [0;1;39mInitrd File Systems[0m.
[[0;32m  OK  [0m] Reached target [0;1;39mInitrd Default Target[0m.
         Starting [0;1;39mCleaning Up and Shutting Down Daemons[0m...
[[0;32m  OK  [0m] Stopped target [0;1;39mInitrd Default Target[0m.
[[0;32m  OK  [0m] Stopped target [0;1;39mBasic System[0m.
[[0;32m  OK  [0m] Stopped target [0;1;39mInitrd Root Device[0m.
[[0;32m  OK  [0m] Stopped target [0;1;39mPath Units[0m.
[[0;32m  OK  [0m] Stopped target [0;1;39mSlice Units[0m.
[[0;32m  OK  [0m] Stopped target [0;1;39mSocket Units[0m.
[[0;32m  OK  [0m] Stopped target [0;1;39mSystem Initialization[0m.
[[0;32m  OK  [0m] Stopped target [0;1;39mSwaps[0m.
[[0;32m  OK  [0m] Stopped target [0;1;39mTimer Units[0m.
[[0;32m  OK  [0m] Stopped [0;1;39mLoad Kernel Modules[0m.
[[0;32m  OK  [0m] Stopped [0;1;39mCreate System Files and Directories[0m.
[[0;32m  OK  [0m] Stopped target [0;1;39mLocal File Systems[0m.
[[0;32m  OK  [0m] Stopped target [0;1;39mPreparation for Local File Systems[0m.
[[0;32m  OK  [0m] Stopped [0;1;39mColdplug All udev Devices[0m.
         Stopping [0;1;39mRule-based Manager for Device Events and Files[0m...
[[0;32m  OK  [0m] Finished [0;1;39mCleaning Up and Shutting Down Daemons[0m.
         Starting [0;1;39mVirtual Console Setup[0m...
[[0;32m  OK  [0m] Stopped [0;1;39mRule-based Manager for Device Events and Files[0m.
[[0;32m  OK  [0m] Closed [0;1;39mudev Control Socket[0m.
         Starting [0;1;39mCleanup udev Database[0m...
[[0;32m  OK  [0m] Stopped [0;1;39mCreate Static Device Nodes in /dev[0m.
[[0;32m  OK  [0m] Finished [0;1;39mVirtual Console Setup[0m.
[[0;32m  OK  [0m] Finished [0;1;39mCleanup udev Database[0m.
[[0;32m  OK  [0m] Reached target [0;1;39mSwitch Root[0m.
         Starting [0;1;39mSwitch Root[0m...
[   75.987742] systemd-journald[119]: Received SIGTERM from PID 1 (systemd).
P+q6E616D65\[18t[6n[32766;32766H[6n[!p]104\[0m[?7h[1G[0J[   77.988315] systemd[1]: systemd 260.1-2-arch running in system mode (+PAM +AUDIT -SELINUX +APPARMOR -IMA +IPE +SMACK +SECCOMP +GCRYPT +GNUTLS +OPENSSL +ACL +BLKID +CURL +ELFUTILS +FIDO2 +IDN2 +KMOD +LIBCRYPTSETUP +LIBCRYPTSETUP_PLUGINS +LIBFDISK +PCRE2 +PWQUALITY +P11KIT +QRENCODE +TPM2 +BZIP2 +LZ4 +XZ +ZLIB +ZSTD +BPF_FRAMEWORK -BTF +XKBCOMMON +UTMP +LIBARCHIVE)
[   77.989566] systemd[1]: Detected virtualization qemu.
[   77.991158] systemd[1]: Detected architecture arm64.

[0;1;39mWelcome to [0m[38;2;23;147;209mArch Linux ARM[0m[0;1;39m![0m

]3008;start=5ac748564e894359b3a2f21ce769ab03;user=root;hostname=archlinux;machineid=7312206c4b3d43399daf1248a07d25ff;bootid=77c7b2d871a14e86822541839654f99a;pid=1;pidfdid=1;comm=systemd;type=boot\[   80.876668] systemd[1]: bpf-restrict-fs: BPF LSM hook not enabled in the kernel, BPF LSM not supported.
[   84.116597] NET: Registered PF_VSOCK protocol family
[   89.186918] systemd[1]: initrd-switch-root.service: Deactivated successfully.
[   89.201416] systemd[1]: Stopped Switch Root.
[[0;32m  OK  [0m] Stopped [0;1;39mSwitch Root[0m.
[   89.286766] systemd[1]: systemd-journald.service: Scheduled restart job, restart counter is at 1.
[   89.337116] systemd[1]: Created slice Slice /system/dirmngr.
[[0;32m  OK  [0m] Created slice [0;1;39mSlice /system/dirmngr[0m.
[   89.366880] systemd[1]: Created slice Slice /system/getty.
[[0;32m  OK  [0m] Created slice [0;1;39mSlice /system/getty[0m.
[   89.396484] systemd[1]: Created slice Slice /system/gpg-agent.
[[0;32m  OK  [0m] Created slice [0;1;39mSlice /system/gpg-agent[0m.
[   89.423002] systemd[1]: Created slice Slice /system/gpg-agent-browser.
[[0;32m  OK  [0m] Created slice [0;1;39mSlice /system/gpg-agent-browser[0m.
[   89.448135] systemd[1]: Created slice Slice /system/gpg-agent-extra.
[[0;32m  OK  [0m] Created slice [0;1;39mSlice /system/gpg-agent-extra[0m.
[   89.476808] systemd[1]: Created slice Slice /system/gpg-agent-ssh.
[[0;32m  OK  [0m] Created slice [0;1;39mSlice /system/gpg-agent-ssh[0m.
[   89.496975] systemd[1]: Created slice Slice /system/keyboxd.
[[0;32m  OK  [0m] Created slice [0;1;39mSlice /system/keyboxd[0m.
[   89.525750] systemd[1]: Created slice Slice /system/modprobe.
[[0;32m  OK  [0m] Created slice [0;1;39mSlice /system/modprobe[0m.
[   89.549645] systemd[1]: Created slice Slice /system/serial-getty.
[[0;32m  OK  [0m] Created slice [0;1;39mSlice /system/serial-getty[0m.
[   89.574812] systemd[1]: Created slice User and Session Slice.
[[0;32m  OK  [0m] Created slice [0;1;39mUser and Session Slice[0m.
[   89.585792] systemd[1]: Started Dispatch Password Requests to Console Directory Watch.
[[0;32m  OK  [0m] Started [0;1;39mDispatch Password Requests to Console Directory Watch[0m.
[   89.592583] systemd[1]: Started Forward Password Requests to Wall Directory Watch.
[[0;32m  OK  [0m] Started [0;1;39mForward Password Requests to Wall Directory Watch[0m.
[   89.624873] systemd[1]: Set up automount Arbitrary Executable File Formats File System Automount Point.
[[0;32m  OK  [0m] Set up automount [0;1;39mArbitrary Executa…ormats File System Automount Point[0m.
[   89.639786] systemd[1]: Expecting device /dev/disk/by-uuid/1D78-5898...
         Expecting device [0;1;39m/dev/disk/by-uuid/1D78-5898[0m...
[   89.649595] systemd[1]: Expecting device /dev/ttyAMA0...
         Expecting device [0;1;39m/dev/ttyAMA0[0m...
[   89.656775] systemd[1]: Reached target Image Downloads.
[[0;32m  OK  [0m] Reached target [0;1;39mImage Downloads[0m.
[   89.663652] systemd[1]: Stopped target Switch Root.
[[0;32m  OK  [0m] Stopped target [0;1;39mSwitch Root[0m.
[   89.670833] systemd[1]: Stopped target Initrd File Systems.
[[0;32m  OK  [0m] Stopped target [0;1;39mInitrd File Systems[0m.
[   89.678091] systemd[1]: Stopped target Initrd Root File System.
[[0;32m  OK  [0m] Stopped target [0;1;39mInitrd Root File System[0m.
[   89.683034] systemd[1]: Reached target Local Integrity Protected Volumes.
[[0;32m  OK  [0m] Reached target [0;1;39mLocal Integrity Protected Volumes[0m.
[   89.688485] systemd[1]: Reached target Path Units.
[[0;32m  OK  [0m] Reached target [0;1;39mPath Units[0m.
[   89.692899] systemd[1]: Reached target Remote File Systems.
[[0;32m  OK  [0m] Reached target [0;1;39mRemote File Systems[0m.
[   89.697857] systemd[1]: Reached target Slice Units.
[[0;32m  OK  [0m] Reached target [0;1;39mSlice Units[0m.
[   89.704856] systemd[1]: Reached target Swaps.
[[0;32m  OK  [0m] Reached target [0;1;39mSwaps[0m.
[   89.711027] systemd[1]: Reached target Local Verity Protected Volumes.
[[0;32m  OK  [0m] Reached target [0;1;39mLocal Verity Protected Volumes[0m.
[   89.726895] systemd[1]: Listening on Device-mapper event daemon FIFOs.
[[0;32m  OK  [0m] Listening on [0;1;39mDevice-mapper event daemon FIFOs[0m.
[   89.778915] systemd[1]: Listening on Query the User Interactively for a Password.
[[0;32m  OK  [0m] Listening on [0;1;39mQuery the User Interactively for a Password[0m.
[   89.828530] systemd[1]: Listening on Process Core Dump Socket.
[[0;32m  OK  [0m] Listening on [0;1;39mProcess Core Dump Socket[0m.
[   89.859872] systemd[1]: Listening on Credential Encryption/Decryption.
[[0;32m  OK  [0m] Listening on [0;1;39mCredential Encryption/Decryption[0m.
[   89.908515] systemd[1]: Listening on Factory Reset Management.
[[0;32m  OK  [0m] Listening on [0;1;39mFactory Reset Management[0m.
[   89.959357] systemd[1]: Listening on Console Output Muting Service Socket.
[[0;32m  OK  [0m] Listening on [0;1;39mConsole Output Muting Service Socket[0m.
[   89.976631] systemd[1]: Listening on Network Management Resolve Hook Socket.
[[0;32m  OK  [0m] Listening on [0;1;39mNetwork Management Resolve Hook Socket[0m.
[   89.991049] systemd[1]: Listening on Network Management Metrics Varlink Socket.
[[0;32m  OK  [0m] Listening on [0;1;39mNetwork Management Metrics Varlink Socket[0m.
[   90.005820] systemd[1]: Listening on Network Management Varlink Socket.
[[0;32m  OK  [0m] Listening on [0;1;39mNetwork Management Varlink Socket[0m.
[   90.020564] systemd[1]: Listening on Network Management Netlink Socket.
[[0;32m  OK  [0m] Listening on [0;1;39mNetwork Management Netlink Socket[0m.
[   90.030085] systemd[1]: TPM PCR Measurements skipped, unmet condition check ConditionSecurity=measured-uki
[   90.032456] systemd[1]: Make TPM PCR Policy skipped, unmet condition check ConditionSecurity=measured-uki
[   90.065550] systemd[1]: Listening on Disk Repartitioning Service Socket.
[[0;32m  OK  [0m] Listening on [0;1;39mDisk Repartitioning Service Socket[0m.
[   90.076454] systemd[1]: Listening on Resolve Monitor Varlink Socket.
[[0;32m  OK  [0m] Listening on [0;1;39mResolve Monitor Varlink Socket[0m.
[   90.086346] systemd[1]: Listening on Resolve Service Varlink Socket.
[[0;32m  OK  [0m] Listening on [0;1;39mResolve Service Varlink Socket[0m.
[   90.098077] systemd[1]: Listening on udev Control Socket.
[[0;32m  OK  [0m] Listening on [0;1;39mudev Control Socket[0m.
[   90.112100] systemd[1]: Listening on udev Varlink Socket.
[[0;32m  OK  [0m] Listening on [0;1;39mudev Varlink Socket[0m.
[   90.123130] systemd[1]: Listening on User Database Manager Socket.
[[0;32m  OK  [0m] Listening on [0;1;39mUser Database Manager Socket[0m.
[   90.218406] systemd[1]: Mounting Huge Pages File System...
         Mounting [0;1;39mHuge Pages File System[0m...
[   90.266950] systemd[1]: Mounting POSIX Message Queue File System...
         Mounting [0;1;39mPOSIX Message Queue File System[0m...
         Mounting [0;1;39mKernel Debug File System[0m...
[   90.323051] systemd[1]: Mounting Kernel Debug File System...
[   90.334953] systemd[1]: Kernel Trace File System skipped, unmet condition check ConditionPathExists=/sys/kernel/tracing
[   90.353678] systemd[1]: tmp.mount: x-systemd.graceful-option=usrquota specified, but option is not available, suppressing.
[   90.458157] systemd[1]: Mounting Temporary Directory /tmp...
         Mounting [0;1;39mTemporary Directory /tmp[0m...
[   90.698023] systemd[1]: Starting Create List of Static Device Nodes...
         Starting [0;1;39mCreate List of Static Device Nodes[0m...
[   90.726094] systemd[1]: Load Kernel Module configfs skipped, unmet condition check ConditionKernelModuleLoaded=!configfs
[   90.936010] systemd[1]: Mounting Kernel Configuration File System...
         Mounting [0;1;39mKernel Configuration File System[0m...
[   90.963197] systemd[1]: Load Kernel Module drm skipped, unmet condition check ConditionKernelModuleLoaded=!drm
[   91.090688] systemd[1]: Starting Load Kernel Module fuse...
         Starting [0;1;39mLoad Kernel Module fuse[0m...
[   91.141110] systemd[1]: Clear Stale Hibernate Storage Info skipped, unmet condition check ConditionPathExists=/sys/firmware/efi/efivars/HibernateLocation-8cf2644b-4b0b-428f-9387-6d876050dc67
[   91.736106] systemd[1]: Starting Journal Service...
         Starting [0;1;39mJournal Service[0m...
[   92.048924] systemd[1]: Starting Load Kernel Modules...
         Starting [0;1;39mLoad Kernel Modules[0m...
[   92.067871] systemd[1]: TPM PCR Machine ID Measurement skipped, unmet condition check ConditionSecurity=measured-uki
[   92.342564] systemd[1]: Starting Remount Root and Kernel File Systems...
         Starting [0;1;39mRemount Root and Kernel File Systems[0m...
[   92.484948] systemd[1]: Early TPM SRK Setup skipped, unmet condition check ConditionSecurity=measured-uki
[   92.919648] systemd[1]: Starting Load udev Rules from Credentials...
         Starting [0;1;39mLoad udev Rules from Credentials[0m...
[   93.103560] fuse: init (API version 7.45)
[   93.305072] systemd[1]: Starting Coldplug All udev Devices...
         Starting [0;1;39mColdplug All udev Devices[0m...
[   93.328680] systemd[1]: systemd-vconsole-setup.service: Deactivated successfully.
[   93.338791] systemd[1]: Stopped Virtual Console Setup.
[[0;32m  OK  [0m] Stopped [0;1;39mVirtual Console Setup[0m.
[   93.881137] systemd[1]: Mounted Huge Pages File System.
[[0;32m  OK  [0m] Mounted [0;1;39mHuge Pages File System[0m.
[   93.997964] systemd[1]: Mounted POSIX Message Queue File System.
[[0;32m  OK  [0m] Mounted [0;1;39mPOSIX Message Queue File System[0m.
[   94.061586] systemd[1]: Mounted Kernel Debug File System.
[[0;32m  OK  [0m] Mounted [0;1;39mKernel Debug File System[0m.
[   94.083778] systemd[1]: Mounted Temporary Directory /tmp.
[[0;32m  OK  [0m] Mounted [0;1;39mTemporary Directory /tmp[0m.
[   94.124813] systemd[1]: Finished Create List of Static Device Nodes.
[[0;32m  OK  [0m] Finished [0;1;39mCreate List of Static Device Nodes[0m.
[   94.262654] systemd[1]: Mounted Kernel Configuration File System.
[[0;32m  OK  [0m] Mounted [0;1;39mKernel Configuration File System[0m.
[   94.307246] systemd[1]: modprobe@fuse.service: Deactivated successfully.
[   94.331724] systemd[1]: Finished Load Kernel Module fuse.
[[0;32m  OK  [0m] Finished [0;1;39mLoad Kernel Module fuse[0m.
[   94.460020] i2c_dev: i2c /dev entries driver
[   94.506658] EXT4-fs (vda2): re-mounted dd9052ae-0a1d-4db2-b369-ee72e8ca7aba.
[   94.701636] systemd[1]: Finished Load Kernel Modules.
[[0;32m  OK  [0m] Finished [0;1;39mLoad Kernel Modules[0m.
[   94.773806] systemd[1]: Finished Remount Root and Kernel File Systems.
[[0;32m  OK  [0m] Finished [0;1;39mRemount Root and Kernel File Systems[0m.
[   94.928659] systemd[1]: Mounting FUSE Control File System...
         Mounting [0;1;39mFUSE Control File System[0m...
[   95.026622] systemd[1]: Rebuild Hardware Database skipped, no trigger condition checks were met.
[   95.152643] systemd[1]: Starting Load/Save OS Random Seed...
         Starting [0;1;39mLoad/Save OS Random Seed[0m...
[   95.425887] systemd[1]: Starting Apply Kernel Variables...
         Starting [0;1;39mApply Kernel Variables[0m...
[   95.634650] systemd-journald[334]: Collecting audit messages is disabled.
[   95.830938] systemd[1]: Starting Create Static Device Nodes in /dev gracefully...
         Starting [0;1;39mCreate Static Device Nodes in /dev gracefully[0m...
[   95.859996] systemd[1]: TPM SRK Setup skipped, unmet condition check ConditionSecurity=measured-uki
[   95.874783] systemd[1]: TPM PCR NvPCR Initialization Separator skipped, unmet condition check ConditionSecurity=measured-uki
[   95.885005] systemd[1]: Reached target Local Encrypted Volumes.
[[0;32m  OK  [0m] Reached target [0;1;39mLocal Encrypted Volumes[0m.
[   95.936546] systemd[1]: TPM NvPCR Product ID Measurement skipped, unmet condition check ConditionSecurity=measured-uki
[   96.271561] systemd[1]: Finished Load udev Rules from Credentials.
[[0;32m  OK  [0m] Finished [0;1;39mLoad udev Rules from Credentials[0m.
[   96.404099] systemd[1]: Started Journal Service.
[[0;32m  OK  [0m] Started [0;1;39mJournal Service[0m.
         Starting [0;1;39mFlush Journal to Persistent Storage[0m...
[[0;32m  OK  [0m] Mounted [0;1;39mFUSE Control File System[0m.
[[0;32m  OK  [0m] Finished [0;1;39mLoad/Save OS Random Seed[0m.
[[0;32m  OK  [0m] Finished [0;1;39mApply Kernel Variables[0m.
         Starting [0;1;39mUser Database Manager[0m...
[   99.102986] systemd-journald[334]: Received client request to flush runtime journal.
         Mounting [0;1;39mArbitrary Executable File Formats File System[0m...
[[0;32m  OK  [0m] Finished [0;1;39mFlush Journal to Persistent Storage[0m.
[[0;32m  OK  [0m] Mounted [0;1;39mArbitrary Executable File Formats File System[0m.
[[0;32m  OK  [0m] Started [0;1;39mUser Database Manager[0m.
[[0m[0;31m*     [0m] (1 of 4) A start job is running for…n /dev gracefully (15s / no limit)
M[K[[0;32m  OK  [0m] Finished [0;1;39mCreate Static Device Nodes in /dev gracefully[0m.
[K         Starting [0;1;39mCreate System Users[0m...
[[0;32m  OK  [0m] Finished [0;1;39mCreate System Users[0m.
         Starting [0;1;39mJournal Log Access Socket[0m...
         Starting [0;1;39mNetwork Name Resolution[0m...
         Starting [0;1;39mCreate Static Device Nodes in /dev[0m...
[[0;32m  OK  [0m] Listening on [0;1;39mJournal Log Access Socket[0m.
[[0;1;31m*[0m[0;31m*    [0m] (1 of 5) A start job is running for…k Name Resolution (19s / 1min 47s)
M[K[[0;31m*[0;1;31m*[0m[0;31m*   [0m] (1 of 5) A start job is running for…k Name Resolution (20s / 1min 47s)
M[K[ [0;31m*[0;1;31m*[0m[0;31m*  [0m] (2 of 5) A start job is running for…ice Nodes in /dev (20s / no limit)
M[K[[0;32m  OK  [0m] Finished [0;1;39mCreate Static Device Nodes in /dev[0m.
[K[[0;32m  OK  [0m] Reached target [0;1;39mPreparation for Local File Systems[0m.
[[0;32m  OK  [0m] Reached target [0;1;39mLocal File Systems[0m.
[[0;32m  OK  [0m] Listening on [0;1;39mBoot Loader Control Service Socket[0m.
[[0;32m  OK  [0m] Listening on [0;1;39mDisk Image Download Service Socket[0m.
[[0;32m  OK  [0m] Listening on [0;1;39mSystem Extension Image Management[0m.
         Starting [0;1;39mGrow Root File System[0m...
         Starting [0;1;39mCreate System Files and Directories[0m...
         Starting [0;1;39mRule-based Manager for Device Events and Files[0m...
         Starting [0;1;39mLoad JSON user/group Records from Credentials[0m...
[[0;32m  OK  [0m] Started [0;1;39mNetwork Name Resolution[0m.
[[0;32m  OK  [0m] Reached target [0;1;39mHost and Network Name Lookups[0m.
[  112.370910] EXT4-fs (vda2): resizing filesystem from 576418 to 642048 blocks
[  112.406744] EXT4-fs (vda2): resized filesystem to 642048
[[0;32m  OK  [0m] Finished [0;1;39mGrow Root File System[0m.
[[0;32m  OK  [0m] Finished [0;1;39mLoad JSON user/group Records from Credentials[0m.
[  [0;31m*[0;1;31m*[0m[0;31m* [0m] (2 of 5) A start job is running for… All udev Devices (26s / no limit)
M[K[   [0;31m*[0;1;31m*[0m[0;31m*[0m] (2 of 5) A start job is running for… All udev Devices (26s / no limit)
M[K[    [0;31m*[0;1;31m*[0m] (3 of 5) A start job is running for /dev/ttyAMA0 (27s / 1min 31s)
M[K[     [0;31m*[0m] (3 of 5) A start job is running for /dev/ttyAMA0 (27s / 1min 31s)
M[K[    [0;31m*[0;1;31m*[0m] (3 of 5) A start job is running for /dev/ttyAMA0 (28s / 1min 31s)
M[K[   [0;31m*[0;1;31m*[0m[0;31m*[0m] (4 of 5) A start job is running for…s and Directories (28s / no limit)
M[K[  [0;31m*[0;1;31m*[0m[0;31m* [0m] (4 of 5) A start job is running for…s and Directories (28s / no limit)
M[K[[0;32m  OK  [0m] Started [0;1;39mRule-based Manager for Device Events and Files[0m.
[K         Starting [0;1;39mNetwork Management[0m...
[[0;32m  OK  [0m] Finished [0;1;39mCreate System Files and Directories[0m.
         Starting [0;1;39mRebuild Dynamic Linker Cache[0m...
         Starting [0;1;39mRebuild Journal Catalog[0m...
         Starting [0;1;39mRecord System Boot/Shutdown in UTMP[0m...
[[0;32m  OK  [0m] Finished [0;1;39mColdplug All udev Devices[0m.
[  121.108046] cfg80211: Loading compiled-in X.509 certificates for regulatory database
[  121.808805] Loaded X.509 cert 'sforshee: 00b28ddf47aef9cea7'
[  121.813475] Loaded X.509 cert 'wens: 61c038651aabdcf94bd0ac7ff06c7248db18c600'
[  121.830124] faux_driver regulatory: Direct firmware load for regulatory.db failed with error -2
[  121.836032] cfg80211: failed to load regulatory.db
[[0;32m  OK  [0m] Finished [0;1;39mRecord System Boot/Shutdown in UTMP[0m.
[[0;32m  OK  [0m] Started [0;1;39mNetwork Management[0m.
[[0;32m  OK  [0m] Reached target [0;1;39mNetwork[0m.
         Starting [0;1;39mEnable Persistent Storage in systemd-networkd[0m...
[[0;32m  OK  [0m] Finished [0;1;39mRebuild Journal Catalog[0m.
[[0;32m  OK  [0m] Finished [0;1;39mEnable Persistent Storage in systemd-networkd[0m.
[[0;32m  OK  [0m] Finished [0;1;39mRebuild Dynamic Linker Cache[0m.
         Starting [0;1;39mUpdate is Completed[0m...
[[0;32m  OK  [0m] Finished [0;1;39mUpdate is Completed[0m.
[[0;32m  OK  [0m] Reached target [0;1;39mSystem Initialization[0m.
[[0;32m  OK  [0m] Started [0;1;39mRefresh existing PGP keys of archlinux-keyring regularly[0m.
[[0;32m  OK  [0m] Started [0;1;39mDaily rotation of log files[0m.
[[0;32m  OK  [0m] Started [0;1;39mDaily man-db regeneration[0m.
[[0;32m  OK  [0m] Started [0;1;39mDaily verification of password and group files[0m.
[[0;32m  OK  [0m] Started [0;1;39mDaily Cleanup of Temporary Directories[0m.
[[0;32m  OK  [0m] Reached target [0;1;39mTimer Units[0m.
[[0;32m  OK  [0m] Listening on [0;1;39mD-Bus System Message Bus Socket[0m.
[[0;32m  OK  [0m] Listening on [0;1;39mGnuPG network certifi…ent daemon for /etc/pacman.d/gnupg[0m.
[[0;32m  OK  [0m] Listening on [0;1;39mGnuPG cryptographic a… browsers) for /etc/pacman.d/gnupg[0m.
[[0;32m  OK  [0m] Listening on [0;1;39mGnuPG cryptographic a…estricted) for /etc/pacman.d/gnupg[0m.
[[0;32m  OK  [0m] Listening on [0;1;39mGnuPG cryptographic a…emulation) for /etc/pacman.d/gnupg[0m.
[[0;32m  OK  [0m] Listening on [0;1;39mGnuPG cryptographic a…rase cache for /etc/pacman.d/gnupg[0m.
[[0;32m  OK  [0m] Listening on [0;1;39mGnuPG public key mana…nt service for /etc/pacman.d/gnupg[0m.
[[0;32m  OK  [0m] Listening on [0;1;39mAuthorization Manager Agent Helper[0m.
[[0;32m  OK  [0m] Listening on [0;1;39mOpenSSH Server Socket…temd-ssh-generator, AF_UNIX Local)[0m.
[[0;32m  OK  [0m] Listening on [0;1;39mHostname Service Socket[0m.
[[0;32m  OK  [0m] Listening on [0;1;39mUser Login Management Varlink Socket[0m.
[[0;32m  OK  [0m] Listening on [0;1;39mVirtual Machine and C…tainer Registration Service Socket[0m.
[[0;32m  OK  [0m] Reached target [0;1;39mSocket Units[0m.
         Starting [0;1;39mD-Bus System Message Bus[0m...
[[0;32m  OK  [0m] Started [0;1;39mD-Bus System Message Bus[0m.
[[0;32m  OK  [0m] Reached target [0;1;39mBasic System[0m.
         Starting [0;1;39mFail2Ban Service[0m...
         Starting [0;1;39mComplete first boot provisioning[0m...
         Starting [0;1;39mSSH Key Generation[0m...
         Starting [0;1;39mUser Login Management[0m...
         Starting [0;1;39mPermit User Sessions[0m...
[[0;32m  OK  [0m] Started [0;1;39mFail2Ban Service[0m.
[[0;32m  OK  [0m] Finished [0;1;39mPermit User Sessions[0m.
[[0;32m  OK  [0m] Started [0;1;39mGetty on tty1[0m.
[[0;32m  OK  [0m] Started [0;1;39mSerial Getty on ttyAMA0[0m.
[[0;32m  OK  [0m] Reached target [0;1;39mLogin Prompts[0m.
[[0;32m  OK  [0m] Started [0;1;39mUser Login Management[0m.
[[0;32m  OK  [0m] Finished [0;1;39mSSH Key Generation[0m.
[[0;32m  OK  [0m] Finished [0;1;39mComplete first boot provisioning[0m.
         Starting [0;1;39mOpenSSH Daemon[0m...
[!p]104\[0m[?7h[1G[0J[6n[32766;32766H[6n[!p]104\[0m[?7h[1G[0J[6n[32766;32766H[6n]3008;start=380a18f5c5954642a6a5a0f6470c33af;user=root;hostname=archlinux;machineid=7312206c4b3d43399daf1248a07d25ff;bootid=77c7b2d871a14e86822541839654f99a;pid=444;pidfdid=8253;comm=(agetty);servicename=serial-getty@ttyAMA0.service;invocationid=49f5191638fd459aae68d1874c054782;type=service\P+q6E616D65\
Arch Linux ARM 7.0.9-1-aarch64-ARCH (ttyAMA0)

archlinux login: [  158.254172] physmap-flash 0.flash: physmap platform flash device: [mem 0x00000000-0x03ffffff]
[  158.635636] 0.flash: Found 2 x16 devices at 0x0 in 32-bit bank. Manufacturer ID 0x000000 Chip ID 0x000000
[  158.864866] Intel/Sharp Extended Query Table at 0x0031
[  158.891079] Using buffer write method
[  158.907107] physmap-flash 0.flash: physmap platform flash device: [mem 0x04000000-0x07ffffff]
[  158.918642] 0.flash: Found 2 x16 devices at 0x0 in 32-bit bank. Manufacturer ID 0x000000 Chip ID 0x000000
[  158.920768] Intel/Sharp Extended Query Table at 0x0031
[  158.927034] Using buffer write method
[  158.928017] Concatenating MTD devices:
[  158.928156] (0): "0.flash"
[  158.932996] (1): "0.flash"
[  158.933479] into device "0.flash"
[  159.910536] input: gpio-keys as /devices/platform/gpio-keys/input/input0
[  161.138648] virtio_net virtio0 enp0s1: renamed from eth0
qemu-system-aarch64: terminating on signal 15 from pid 686068 ()
./dist/bin/rpi5-archlinux-image: line 2019: syntax error near unexpected token `)'
